Component: ARM Compiler 6.15 Tool: armlink [5dd79300]

==============================================================================

Section Cross References

    dc_motor.o(.text.DC_VNH5019_init) refers to rcc_program.o(.text.RCC_voidEnableClock) for RCC_voidEnableClock
    dc_motor.o(.text.DC_VNH5019_init) refers to gpio_program.o(.text.GPIO_voidSetPinDirection) for GPIO_voidSetPinDirection
    dc_motor.o(.text.DC_VNH5019_init) refers to gpio_program.o(.text.GPIO_SET_PP_OD) for GPIO_SET_PP_OD
    dc_motor.o(.text.DC_VNH5019_init) refers to gpio_program.o(.text.SET_GPIO_SPEED) for SET_GPIO_SPEED
    dc_motor.o(.text.DC_VNH5019_init) refers to gpio_program.o(.text.GPIO_voidSetPinValue) for GPIO_voidSetPinValue
    dc_motor.o(.text.DC_VNH5019_init) refers to pwm_program.o(.text.PWM_Init) for PWM_Init
    dc_motor.o(.text.DC_VNH5019_init) refers to gpio_program.o(.text.GPIO_SET_PU_PD) for GPIO_SET_PU_PD
    dc_motor.o(.ARM.exidx.text.DC_VNH5019_init) refers to dc_motor.o(.text.DC_VNH5019_init) for [Anonymous Symbol]
    dc_motor.o(.text.DC_VNH5019_SPEED) refers to pwm_program.o(.text.PWM_PinWrite) for PWM_PinWrite
    dc_motor.o(.ARM.exidx.text.DC_VNH5019_SPEED) refers to dc_motor.o(.text.DC_VNH5019_SPEED) for [Anonymous Symbol]
    dc_motor.o(.text.DC_VNH5019_DIRETION) refers to gpio_program.o(.text.GPIO_voidSetPinValue) for GPIO_voidSetPinValue
    dc_motor.o(.ARM.exidx.text.DC_VNH5019_DIRETION) refers to dc_motor.o(.text.DC_VNH5019_DIRETION) for [Anonymous Symbol]
    dc_motor.o(.text.DC_L9110_MOTOR_init) refers to rcc_program.o(.text.RCC_voidEnableClock) for RCC_voidEnableClock
    dc_motor.o(.text.DC_L9110_MOTOR_init) refers to gpio_program.o(.text.GPIO_voidSetPinDirection) for GPIO_voidSetPinDirection
    dc_motor.o(.text.DC_L9110_MOTOR_init) refers to gpio_program.o(.text.GPIO_SET_PP_OD) for GPIO_SET_PP_OD
    dc_motor.o(.text.DC_L9110_MOTOR_init) refers to gpio_program.o(.text.SET_GPIO_SPEED) for SET_GPIO_SPEED
    dc_motor.o(.text.DC_L9110_MOTOR_init) refers to pwm_program.o(.text.PWM_Init) for PWM_Init
    dc_motor.o(.ARM.exidx.text.DC_L9110_MOTOR_init) refers to dc_motor.o(.text.DC_L9110_MOTOR_init) for [Anonymous Symbol]
    dc_motor.o(.text.DC_L9110_MOTOR_SPEED_DIR) refers to pwm_program.o(.text.PWM_PinWrite) for PWM_PinWrite
    dc_motor.o(.ARM.exidx.text.DC_L9110_MOTOR_SPEED_DIR) refers to dc_motor.o(.text.DC_L9110_MOTOR_SPEED_DIR) for [Anonymous Symbol]
    dma_program.o(.text.MDMA_voidChannelInit) refers to rcc_program.o(.text.RCC_voidEnableClock) for RCC_voidEnableClock
    dma_program.o(.ARM.exidx.text.MDMA_voidChannelInit) refers to dma_program.o(.text.MDMA_voidChannelInit) for [Anonymous Symbol]
    dma_program.o(.text.DMA_SetConfig) refers to rcc_program.o(.text.RCC_voidEnableClock) for RCC_voidEnableClock
    dma_program.o(.ARM.exidx.text.DMA_SetConfig) refers to dma_program.o(.text.DMA_SetConfig) for [Anonymous Symbol]
    dma_program.o(.ARM.exidx.text.MDMA_VoidDMADisable) refers to dma_program.o(.text.MDMA_VoidDMADisable) for [Anonymous Symbol]
    dma_program.o(.ARM.exidx.text.DMA_VoidInerruptEnable) refers to dma_program.o(.text.DMA_VoidInerruptEnable) for [Anonymous Symbol]
    dma_program.o(.ARM.exidx.text.DMA_VoidSetAddress) refers to dma_program.o(.text.DMA_VoidSetAddress) for [Anonymous Symbol]
    dma_program.o(.ARM.exidx.text.DMA_VoidClearFlag) refers to dma_program.o(.text.DMA_VoidClearFlag) for [Anonymous Symbol]
    dma_program.o(.text.DMA_VoidDMAEnable) refers to dma_program.o(.text.DMA_VoidClearFlag) for DMA_VoidClearFlag
    dma_program.o(.ARM.exidx.text.DMA_VoidDMAEnable) refers to dma_program.o(.text.DMA_VoidDMAEnable) for [Anonymous Symbol]
    dma_program.o(.ARM.exidx.text.DMA_u8GetFlag) refers to dma_program.o(.text.DMA_u8GetFlag) for [Anonymous Symbol]
    dma_program.o(.ARM.exidx.text.DMA_VoidConfigPriority) refers to dma_program.o(.text.DMA_VoidConfigPriority) for [Anonymous Symbol]
    dma_program.o(.ARM.exidx.text.DMA_VoidSetCircularMode) refers to dma_program.o(.text.DMA_VoidSetCircularMode) for [Anonymous Symbol]
    dma_program.o(.ARM.exidx.text.DMA_VoidClearCircularMode) refers to dma_program.o(.text.DMA_VoidClearCircularMode) for [Anonymous Symbol]
    dma_program.o(.text.MDMA_VidSetCallBack_I2C2_RX) refers to dma_program.o(.bss.DMA_CallBack_I2C2_RX) for DMA_CallBack_I2C2_RX
    dma_program.o(.ARM.exidx.text.MDMA_VidSetCallBack_I2C2_RX) refers to dma_program.o(.text.MDMA_VidSetCallBack_I2C2_RX) for [Anonymous Symbol]
    dma_program.o(.text.DMA1_I2C2_RX_IRQHandler) refers to dma_program.o(.bss.DMA_CallBack_I2C2_RX) for DMA_CallBack_I2C2_RX
    dma_program.o(.text.DMA1_I2C2_RX_IRQHandler) refers to dma_program.o(.text.DMA_VoidClearFlag) for DMA_VoidClearFlag
    dma_program.o(.ARM.exidx.text.DMA1_I2C2_RX_IRQHandler) refers to dma_program.o(.text.DMA1_I2C2_RX_IRQHandler) for [Anonymous Symbol]
    dma_program.o(.text.MDMA_VidSetCallBack_I2C2_TX) refers to dma_program.o(.bss.DMA_CallBack_I2C2_TX) for DMA_CallBack_I2C2_TX
[...]
    ddiv.o(x$fpl$drdiv) refers to ddiv.o(x$fpl$ddiv) for ddiv_entry
    ddiv.o(x$fpl$ddiv) refers (Special) to usenofp.o(x$fpl$usenofp) for __I$use$fp
    ddiv.o(x$fpl$ddiv) refers to dretinf.o(x$fpl$dretinf) for __fpl_dretinf
    ddiv.o(x$fpl$ddiv) refers to dnaninf.o(x$fpl$dnaninf) for __fpl_dnaninf
    dfix.o(x$fpl$dfix) refers (Special) to usenofp.o(x$fpl$usenofp) for __I$use$fp
    dfix.o(x$fpl$dfix) refers to dnaninf.o(x$fpl$dnaninf) for __fpl_dnaninf
    dfix.o(x$fpl$dfixr) refers (Special) to usenofp.o(x$fpl$usenofp) for __I$use$fp
    dfix.o(x$fpl$dfixr) refers to dnaninf.o(x$fpl$dnaninf) for __fpl_dnaninf
    dfixu.o(x$fpl$dfixu) refers (Special) to usenofp.o(x$fpl$usenofp) for __I$use$fp
    dfixu.o(x$fpl$dfixu) refers to dnaninf.o(x$fpl$dnaninf) for __fpl_dnaninf
    dfixu.o(x$fpl$dfixur) refers (Special) to usenofp.o(x$fpl$usenofp) for __I$use$fp
    dfixu.o(x$fpl$dfixur) refers to dnaninf.o(x$fpl$dnaninf) for __fpl_dnaninf
    dflt_clz.o(x$fpl$dfltu) refers (Special) to usenofp.o(x$fpl$usenofp) for __I$use$fp
    dflt_clz.o(x$fpl$dflt) refers (Special) to usenofp.o(x$fpl$usenofp) for __I$use$fp
    dflt_clz.o(x$fpl$dfltn) refers (Special) to usenofp.o(x$fpl$usenofp) for __I$use$fp
    dmul.o(x$fpl$dmul) refers (Special) to usenofp.o(x$fpl$usenofp) for __I$use$fp
    dmul.o(x$fpl$dmul) refers to dretinf.o(x$fpl$dretinf) for __fpl_dretinf
    dmul.o(x$fpl$dmul) refers to dnaninf.o(x$fpl$dnaninf) for __fpl_dnaninf
    fdiv.o(x$fpl$frdiv) refers (Special) to usenofp.o(x$fpl$usenofp) for __I$use$fp
    fdiv.o(x$fpl$frdiv) refers to fdiv.o(x$fpl$fdiv) for _fdiv1
    fdiv.o(x$fpl$fdiv) refers (Special) to usenofp.o(x$fpl$usenofp) for __I$use$fp
    fdiv.o(x$fpl$fdiv) refers to fretinf.o(x$fpl$fretinf) for __fpl_fretinf
    fdiv.o(x$fpl$fdiv) refers to fnaninf.o(x$fpl$fnaninf) for __fpl_fnaninf
    fflt_clz.o(x$fpl$ffltu) refers (Special) to usenofp.o(x$fpl$usenofp) for __I$use$fp
    fflt_clz.o(x$fpl$fflt) refers (Special) to usenofp.o(x$fpl$usenofp) for __I$use$fp
    fflt_clz.o(x$fpl$ffltn) refers (Special) to usenofp.o(x$fpl$usenofp) for __I$use$fp
    fmul.o(x$fpl$fmul) refers (Special) to usenofp.o(x$fpl$usenofp) for __I$use$fp
    fmul.o(x$fpl$fmul) refers to fretinf.o(x$fpl$fretinf) for __fpl_fretinf
    fmul.o(x$fpl$fmul) refers to fnaninf.o(x$fpl$fnaninf) for __fpl_fnaninf
    __rtentry.o(.ARM.Collect$$rtentry$$00000000) refers (Special) to __rtentry2.o(.ARM.Collect$$rtentry$$0000000A) for __rt_entry_li
    __rtentry.o(.ARM.Collect$$rtentry$$00000000) refers (Special) to __rtentry2.o(.ARM.Collect$$rtentry$$0000000D) for __rt_entry_main
    __rtentry.o(.ARM.Collect$$rtentry$$00000000) refers (Special) to __rtentry2.o(.ARM.Collect$$rtentry$$0000000C) for __rt_entry_postli_1
    __rtentry.o(.ARM.Collect$$rtentry$$00000000) refers (Special) to __rtentry2.o(.ARM.Collect$$rtentry$$00000009) for __rt_entry_postsh_1
    __rtentry.o(.ARM.Collect$$rtentry$$00000000) refers (Special) to __rtentry2.o(.ARM.Collect$$rtentry$$00000002) for __rt_entry_presh_1
    __rtentry.o(.ARM.Collect$$rtentry$$00000000) refers (Special) to __rtentry4.o(.ARM.Collect$$rtentry$$00000004) for __rt_entry_sh
    dnaninf.o(x$fpl$dnaninf) refers (Special) to usenofp.o(x$fpl$usenofp) for __I$use$fp
    dretinf.o(x$fpl$dretinf) refers (Special) to usenofp.o(x$fpl$usenofp) for __I$use$fp
    fnaninf.o(x$fpl$fnaninf) refers (Special) to usenofp.o(x$fpl$usenofp) for __I$use$fp
    fretinf.o(x$fpl$fretinf) refers (Special) to usenofp.o(x$fpl$usenofp) for __I$use$fp
    __rtentry2.o(.ARM.Collect$$rtentry$$00000008) refers to boardinit2.o(.text) for _platform_post_stackheap_init
    __rtentry2.o(.ARM.Collect$$rtentry$$0000000A) refers to libinit.o(.ARM.Collect$$libinit$$00000000) for __rt_lib_init
    __rtentry2.o(.ARM.Collect$$rtentry$$0000000B) refers to boardinit3.o(.text) for _platform_post_lib_init
    __rtentry2.o(.ARM.Collect$$rtentry$$0000000D) refers to main.o(.text.main) for main
    __rtentry2.o(.ARM.Collect$$rtentry$$0000000D) refers to exit.o(.text) for exit
    __rtentry2.o(.ARM.exidx) refers to __rtentry2.o(.ARM.Collect$$rtentry$$00000001) for .ARM.Collect$$rtentry$$00000001
    __rtentry2.o(.ARM.exidx) refers to __rtentry2.o(.ARM.Collect$$rtentry$$00000008) for .ARM.Collect$$rtentry$$00000008
    __rtentry2.o(.ARM.exidx) refers to __rtentry2.o(.ARM.Collect$$rtentry$$0000000A) for .ARM.Collect$$rtentry$$0000000A
    __rtentry2.o(.ARM.exidx) refers to __rtentry2.o(.ARM.Collect$$rtentry$$0000000B) for .ARM.Collect$$rtentry$$0000000B
    __rtentry2.o(.ARM.exidx) refers to __rtentry2.o(.ARM.Collect$$rtentry$$0000000D) for .ARM.Collect$$rtentry$$0000000D
    __rtentry4.o(.ARM.Collect$$rtentry$$00000004) refers to sys_stackheap_outer.o(.text) for __user_setup_stackheap
    __rtentry4.o(.ARM.exidx) refers to __rtentry4.o(.ARM.Collect$$rtentry$$00000004) for .ARM.Collect$$rtentry$$00000004
    sys_stackheap_outer.o(.text) refers to libspace.o(.text) for __user_perproc_libspace
    sys_stackheap_outer.o(.text) refers to startup_stm32f10x_md.o(.text) for __user_initial_stackheap
    exit.o(.text) refers to rtexit.o(.ARM.Collect$$rtexit$$00000000) for __rt_exit
    libinit.o(.ARM.Collect$$libinit$$00000000) refers (Special) to libinit2.o(.ARM.Collect$$libinit$$0000002E) for __rt_lib_init_alloca_1
    libinit.o(.ARM.Collect$$libinit$$00000000) refers (Special) to libinit2.o(.ARM.Collect$$libinit$$0000002C) for __rt_lib_init_argv_1
    libinit.o(.ARM.Collect$$libinit$$00000000) refers (Special) to libinit2.o(.ARM.Collect$$libinit$$0000001B) for __rt_lib_init_atexit_1
    libinit.o(.ARM.Collect$$libinit$$00000000) refers (Special) to libinit2.o(.ARM.Collect$$libinit$$00000021) for __rt_lib_init_clock_1
    libinit.o(.ARM.Collect$$libinit$$00000000) refers (Special) to libinit2.o(.ARM.Collect$$libinit$$00000032) for __rt_lib_init_cpp_1
    libinit.o(.ARM.Collect$$libinit$$00000000) refers (Special) to libinit2.o(.ARM.Collect$$libinit$$00000030) for __rt_lib_init_exceptions_1
    libinit.o(.ARM.Collect$$libinit$$00000000) refers (Special) to libinit2.o(.ARM.Collect$$libinit$$00000002) for __rt_lib_init_fp_1
    libinit.o(.ARM.Collect$$libinit$$00000000) refers (Special) to libinit2.o(.ARM.Collect$$libinit$$0000001F) for __rt_lib_init_fp_trap_1
    libinit.o(.ARM.Collect$$libinit$$00000000) refers (Special) to libinit2.o(.ARM.Collect$$libinit$$00000023) for __rt_lib_init_getenv_1
    libinit.o(.ARM.Collect$$libinit$$00000000) refers (Special) to libinit2.o(.ARM.Collect$$libinit$$0000000A) for __rt_lib_init_heap_1
    libinit.o(.ARM.Collect$$libinit$$00000000) refers (Special) to libinit2.o(.ARM.Collect$$libinit$$00000011) for __rt_lib_init_lc_collate_1
    libinit.o(.ARM.Collect$$libinit$$00000000) refers (Special) to libinit2.o(.ARM.Collect$$libinit$$00000013) for __rt_lib_init_lc_ctype_1
    libinit.o(.ARM.Collect$$libinit$$00000000) refers (Special) to libinit2.o(.ARM.Collect$$libinit$$00000015) for __rt_lib_init_lc_monetary_1
    libinit.o(.ARM.Collect$$libinit$$00000000) refers (Special) to libinit2.o(.ARM.Collect$$libinit$$00000017) for __rt_lib_init_lc_numeric_1
    libinit.o(.ARM.Collect$$libinit$$00000000) refers (Special) to libinit2.o(.ARM.Collect$$libinit$$00000019) for __rt_lib_init_lc_time_1
    libinit.o(.ARM.Collect$$libinit$$00000000) refers (Special) to libinit2.o(.ARM.Collect$$libinit$$00000004) for __rt_lib_init_preinit_1
    libinit.o(.ARM.Collect$$libinit$$00000000) refers (Special) to libinit2.o(.ARM.Collect$$libinit$$0000000E) for __rt_lib_init_rand_1
    libinit.o(.ARM.Collect$$libinit$$00000000) refers (Special) to libinit2.o(.ARM.Collect$$libinit$$00000033) for __rt_lib_init_return
    libinit.o(.ARM.Collect$$libinit$$00000000) refers (Special) to libinit2.o(.ARM.Collect$$libinit$$0000001D) for __rt_lib_init_signal_1
    libinit.o(.ARM.Collect$$libinit$$00000000) refers (Special) to libinit2.o(.ARM.Collect$$libinit$$00000025) for __rt_lib_init_stdio_1
    libinit.o(.ARM.Collect$$libinit$$00000000) refers (Special) to libinit2.o(.ARM.Collect$$libinit$$0000000C) for __rt_lib_init_user_alloc_1
    libspace.o(.text) refers to libspace.o(.bss) for __libspace_start
    rtexit.o(.ARM.Collect$$rtexit$$00000000) refers (Special) to rtexit2.o(.ARM.Collect$$rtexit$$00000004) for __rt_exit_exit
    rtexit.o(.ARM.Collect$$rtexit$$00000000) refers (Special) to rtexit2.o(.ARM.Collect$$rtexit$$00000003) for __rt_exit_ls
    rtexit.o(.ARM.Collect$$rtexit$$00000000) refers (Special) to rtexit2.o(.ARM.Collect$$rtexit$$00000002) for __rt_exit_prels_1
    rtexit.o(.ARM.exidx) refers (Special) to rtexit2.o(.ARM.Collect$$rtexit$$00000004) for __rt_exit_exit
    rtexit.o(.ARM.exidx) refers (Special) to rtexit2.o(.ARM.Collect$$rtexit$$00000003) for __rt_exit_ls
    rtexit.o(.ARM.exidx) refers (Special) to rtexit2.o(.ARM.Collect$$rtexit$$00000002) for __rt_exit_prels_1
    rtexit.o(.ARM.exidx) refers to rtexit.o(.ARM.Collect$$rtexit$$00000000) for .ARM.Collect$$rtexit$$00000000
    libinit2.o(.ARM.Collect$$libinit$$00000010) refers to libinit2.o(.ARM.Collect$$libinit$$0000000F) for .ARM.Collect$$libinit$$0000000F
    libinit2.o(.ARM.Collect$$libinit$$00000012) refers to libinit2.o(.ARM.Collect$$libinit$$0000000F) for .ARM.Collect$$libinit$$0000000F
    libinit2.o(.ARM.Collect$$libinit$$00000014) refers to libinit2.o(.ARM.Collect$$libinit$$0000000F) for .ARM.Collect$$libinit$$0000000F
    libinit2.o(.ARM.Collect$$libinit$$00000016) refers to libinit2.o(.ARM.Collect$$libinit$$0000000F) for .ARM.Collect$$libinit$$0000000F
    libinit2.o(.ARM.Collect$$libinit$$00000018) refers to libinit2.o(.ARM.Collect$$libinit$$0000000F) for .ARM.Collect$$libinit$$0000000F
    libinit2.o(.ARM.Collect$$libinit$$00000026) refers to argv_veneer.o(.emb_text) for __ARM_argv_veneer
    libinit2.o(.ARM.Collect$$libinit$$00000027) refers to argv_veneer.o(.emb_text) for __ARM_argv_veneer
    rtexit2.o(.ARM.Collect$$rtexit$$00000003) refers to libshutdown.o(.ARM.Collect$$libshutdown$$00000000) for __rt_lib_shutdown
    rtexit2.o(.ARM.Collect$$rtexit$$00000004) refers to sys_exit.o(.text) for _sys_exit
    rtexit2.o(.ARM.exidx) refers to rtexit2.o(.ARM.Collect$$rtexit$$00000001) for .ARM.Collect$$rtexit$$00000001
    rtexit2.o(.ARM.exidx) refers to rtexit2.o(.ARM.Collect$$rtexit$$00000003) for .ARM.Collect$$rtexit$$00000003
    rtexit2.o(.ARM.exidx) refers to rtexit2.o(.ARM.Collect$$rtexit$$00000004) for .ARM.Collect$$rtexit$$00000004
    argv_veneer.o(.emb_text) refers to no_argv.o(.text) for __ARM_get_argv
    sys_exit.o(.text) refers (Special) to use_no_semi.o(.text) for __I$use$semihosting
    sys_exit.o(.text) refers (Special) to indicate_semi.o(.text) for __semihosting_library_function
    sys_exit_hlt.o(.text) refers (Special) to use_no_semi.o(.text) for __I$use$semihosting
    sys_exit_hlt.o(.text) refers (Special) to indicate_semi.o(.text) for __semihosting_library_function
    _get_argv_nomalloc.o(.text) refers (Special) to hrguard.o(.text) for __heap_region$guard
    _get_argv_nomalloc.o(.text) refers to defsig_rtmem_outer.o(.text) for __rt_SIGRTMEM
    _get_argv_nomalloc.o(.text) refers to sys_command.o(.text) for _sys_command_string
    libshutdown.o(.ARM.Collect$$libshutdown$$00000000) refers (Special) to libshutdown2.o(.ARM.Collect$$libshutdown$$00000002) for __rt_lib_shutdown_cpp_1
    libshutdown.o(.ARM.Collect$$libshutdown$$00000000) refers (Special) to libshutdown2.o(.ARM.Collect$$libshutdown$$00000007) for __rt_lib_shutdown_fp_trap_1
    libshutdown.o(.ARM.Collect$$libshutdown$$00000000) refers (Special) to libshutdown2.o(.ARM.Collect$$libshutdown$$0000000F) for __rt_lib_shutdown_heap_1
    libshutdown.o(.ARM.Collect$$libshutdown$$00000000) refers (Special) to libshutdown2.o(.ARM.Collect$$libshutdown$$00000010) for __rt_lib_shutdown_return
    libshutdown.o(.ARM.Collect$$libshutdown$$00000000) refers (Special) to libshutdown2.o(.ARM.Collect$$libshutdown$$0000000A) for __rt_lib_shutdown_signal_1
    libshutdown.o(.ARM.Collect$$libshutdown$$00000000) refers (Special) to libshutdown2.o(.ARM.Collect$$libshutdown$$00000004) for __rt_lib_shutdown_stdio_1
    libshutdown.o(.ARM.Collect$$libshutdown$$00000000) refers (Special) to libshutdown2.o(.ARM.Collect$$libshutdown$$0000000C) for __rt_lib_shutdown_user_alloc_1
    sys_command.o(.text) refers (Special) to use_no_semi.o(.text) for __I$use$semihosting
    sys_command.o(.text) refers (Special) to indicate_semi.o(.text) for __semihosting_library_function
    sys_command_hlt.o(.text) refers (Special) to use_no_semi.o(.text) for __I$use$semihosting
    sys_command_hlt.o(.text) refers (Special) to indicate_semi.o(.text) for __semihosting_library_function
    defsig_rtmem_outer.o(.text) refers to defsig_rtmem_inner.o(.text) for __rt_SIGRTMEM_inner
    defsig_rtmem_outer.o(.text) refers to defsig_exit.o(.text) for __sig_exit
    defsig_rtmem_formal.o(.text) refers to rt_raise.o(.text) for __rt_raise
    rt_raise.o(.text) refers to __raise.o(.text) for __raise
    rt_raise.o(.text) refers to sys_exit.o(.text) for _sys_exit
    defsig_exit.o(.text) refers to sys_exit.o(.text) for _sys_exit
    defsig_rtmem_inner.o(.text) refers to defsig_general.o(.text) for __default_signal_display
    __raise.o(.text) refers to defsig.o(CL$$defsig) for __default_signal_handler
    defsig_general.o(.text) refers to sys_wrch.o(.text) for _ttywrch
    sys_wrch.o(.text) refers (Special) to use_no_semi.o(.text) for __I$use$semihosting
    sys_wrch.o(.text) refers (Special) to indicate_semi.o(.text) for __semihosting_library_function
    sys_wrch_hlt.o(.text) refers (Special) to use_no_semi.o(.text) for __I$use$semihosting
    sys_wrch_hlt.o(.text) refers (Special) to indicate_semi.o(.text) for __semihosting_library_function
    defsig.o(CL$$defsig) refers to defsig_rtmem_inner.o(.text) for __rt_SIGRTMEM_inner
    defsig_abrt_inner.o(.text) refers to defsig_general.o(.text) for __default_signal_display
    defsig_fpe_inner.o(.text) refers to defsig_general.o(.text) for __default_signal_display
    defsig_rtred_inner.o(.text) refers to defsig_general.o(.text) for __default_signal_display
    defsig_stak_inner.o(.text) refers to defsig_general.o(.text) for __default_signal_display
    defsig_pvfn_inner.o(.text) refers to defsig_general.o(.text) for __default_signal_display
    defsig_cppl_inner.o(.text) refers to defsig_general.o(.text) for __default_signal_display
    defsig_segv_inner.o(.text) refers to defsig_general.o(.text) for __default_signal_display
    defsig_other.o(.text) refers to defsig_general.o(.text) for __default_signal_display


==============================================================================

Removing Unused input sections from the image.

    Removing dc_motor.o(.text), (0 bytes).
    Removing dc_motor.o(.ARM.exidx.text.DC_VNH5019_init), (8 bytes).
    Removing dc_motor.o(.text.DC_VNH5019_SPEED), (26 bytes).
    Removing dc_motor.o(.ARM.exidx.text.DC_VNH5019_SPEED), (8 bytes).
    Removing dc_motor.o(.text.DC_VNH5019_DIRETION), (106 bytes).
    Removing dc_motor.o(.ARM.exidx.text.DC_VNH5019_DIRETION), (8 bytes).
    Removing dc_motor.o(.text.DC_L9110_MOTOR_init), (2114 bytes).
    Removing dc_motor.o(.ARM.exidx.text.DC_L9110_MOTOR_init), (8 bytes).
    Removing dc_motor.o(.text.DC_L9110_MOTOR_SPEED_DIR), (46 bytes).
    Removing dc_motor.o(.ARM.exidx.text.DC_L9110_MOTOR_SPEED_DIR), (8 bytes).
    Removing dma_program.o(.text), (0 bytes).
    Removing dma_program.o(.text.MDMA_voidChannelInit), (112 bytes).
    Removing dma_program.o(.ARM.exidx.text.MDMA_voidChannelInit), (8 bytes).
    Removing dma_program.o(.ARM.exidx.text.DMA_SetConfig), (8 bytes).
    Removing dma_program.o(.ARM.exidx.text.MDMA_VoidDMADisable), (8 bytes).
    Removing dma_program.o(.ARM.exidx.text.DMA_VoidInerruptEnable), (8 bytes).
    Removing dma_program.o(.ARM.exidx.text.DMA_VoidSetAddress), (8 bytes).
    Removing dma_program.o(.ARM.exidx.text.DMA_VoidClearFlag), (8 bytes).
    Removing dma_program.o(.ARM.exidx.text.DMA_VoidDMAEnable), (8 bytes).
    Removing dma_program.o(.text.DMA_u8GetFlag), (48 bytes).
    Removing dma_program.o(.ARM.exidx.text.DMA_u8GetFlag), (8 bytes).
    Removing dma_program.o(.ARM.exidx.text.DMA_VoidConfigPriority), (8 bytes).
    Removing dma_program.o(.ARM.exidx.text.DMA_VoidSetCircularMode), (8 bytes).
    Removing dma_program.o(.text.DMA_VoidClearCircularMode), (38 bytes).
    Removing dma_program.o(.ARM.exidx.text.DMA_VoidClearCircularMode), (8 bytes).
    Removing dma_program.o(.text.MDMA_VidSetCallBack_I2C2_RX), (12 bytes).
    Removing dma_program.o(.ARM.exidx.text.MDMA_VidSetCallBack_I2C2_RX), (8 bytes).
    Removing dma_program.o(.text.DMA1_I2C2_RX_IRQHandler), (26 bytes).
    Removing dma_program.o(.ARM.exidx.text.DMA1_I2C2_RX_IRQHandler), (8 bytes).
    Removing dma_program.o(.text.MDMA_VidSetCallBack_I2C2_TX), (12 bytes).
    Removing dma_program.o(.ARM.exidx.text.MDMA_VidSetCallBack_I2C2_TX), (8 bytes).
    Removing dma_program.o(.text.DMA1_I2C2_TX_IRQHandler), (26 bytes).
    Removing dma_program.o(.ARM.exidx.text.DMA1_I2C2_TX_IRQHandler), (8 bytes).
    Removing dma_program.o(.text.DMA_USART_RX_IRQHandler), (138 bytes).
    Removing dma_program.o(.ARM.exidx.text.DMA_USART_RX_IRQHandler), (8 bytes).
    Removing dma_program.o(.bss.DMA_CallBack_I2C2_RX), (4 bytes).
    Removing dma_program.o(.bss.DMA_CallBack_I2C2_TX), (4 bytes).
    Removing dma_program.o(.bss.index), (1 bytes).
    Removing encoder_program.o(.text), (0 bytes).
    Removing encoder_program.o(.text.ENCODER_CurrentPosition), (116 bytes).
    Removing encoder_program.o(.ARM.exidx.text.ENCODER_CurrentPosition), (8 bytes).
    Removing encoder_program.o(.text.ENCODER_CurrentDirection), (32 bytes).
    Removing encoder_program.o(.ARM.exidx.text.ENCODER_CurrentDirection), (8 bytes).
    Removing encoder_program.o(.text.ENCODER_CurrentSpeed), (84 bytes).
    Removing encoder_program.o(.ARM.exidx.text.ENCODER_CurrentSpeed), (8 bytes).
    Removing encoder_program.o(.text.ENCODER_Rotations), (110 bytes).
    Removing encoder_program.o(.ARM.exidx.text.ENCODER_Rotations), (8 bytes).
    Removing encoder_program.o(.ARM.exidx.text.ENCODER_Init), (8 bytes).
    Removing encoder_program.o(.ARM.exidx.text.ENCODER_Define), (8 bytes).
    Removing encoder_program.o(.text.TIM1_UP_TIM10_IRQHandler), (40 bytes).
    Removing encoder_program.o(.ARM.exidx.text.TIM1_UP_TIM10_IRQHandler), (8 bytes).
    Removing encoder_program.o(.ARM.exidx.text.TIM2_IRQHandler), (8 bytes).
    Removing encoder_program.o(.text.TIM8_UP_TIM13_IRQHandler), (40 bytes).
    Removing encoder_program.o(.ARM.exidx.text.TIM8_UP_TIM13_IRQHandler), (8 bytes).
    Removing encoder_program.o(.ARM.exidx.text.TIM4_IRQHandler), (8 bytes).
    Removing encoder_program.o(.bss.Tim1_overflow), (4 bytes).
    Removing encoder_program.o(.bss.Tim8_overflow), (4 bytes).
    Removing gpio_program.o(.text), (0 bytes).
    Removing gpio_program.o(.ARM.exidx.text.GPIO_voidSetPinDirection), (8 bytes).
    Removing gpio_program.o(.ARM.exidx.text.SET_GPIO_SPEED), (8 bytes).
    Removing gpio_program.o(.ARM.exidx.text.GPIO_SET_PP_OD), (8 bytes).
    Removing gpio_program.o(.ARM.exidx.text.GPIO_SET_PU_PD), (8 bytes).
    Removing gpio_program.o(.ARM.exidx.text.GPIO_voidSetPinValue), (8 bytes).
    Removing gpio_program.o(.text.MGPIO_u8GetPinValue), (72 bytes).
    Removing gpio_program.o(.ARM.exidx.text.MGPIO_u8GetPinValue), (8 bytes).
    Removing nvic_program.o(.text), (0 bytes).
    Removing nvic_program.o(.ARM.exidx.text.MNVIC_voidEnableInterrupt), (8 bytes).
    Removing nvic_program.o(.text.MNVIC_voidDisableInterrupt), (104 bytes).
    Removing nvic_program.o(.ARM.exidx.text.MNVIC_voidDisableInterrupt), (8 bytes).
    Removing nvic_program.o(.text.MNVIC_voidSetPendingFlag), (104 bytes).
    Removing nvic_program.o(.ARM.exidx.text.MNVIC_voidSetPendingFlag), (8 bytes).
    Removing nvic_program.o(.text.MNVIC_voidClearPendingFlag), (104 bytes).
    Removing nvic_program.o(.ARM.exidx.text.MNVIC_voidClearPendingFlag), (8 bytes).
    Removing nvic_program.o(.text.MNVIC_u8GetActiveFlag), (88 bytes).
    Removing nvic_program.o(.ARM.exidx.text.MNVIC_u8GetActiveFlag), (8 bytes).
    Removing nvic_program.o(.text.MNVIC_voidSetPriority), (48 bytes).
    Removing nvic_program.o(.ARM.exidx.text.MNVIC_voidSetPriority), (8 bytes).
    Removing pwm_program.o(.text), (0 bytes).
    Removing pwm_program.o(.ARM.exidx.text.PWM_Init), (8 bytes).
    Removing pwm_program.o(.ARM.exidx.text.PWM_PinWrite), (8 bytes).
    Removing pwm_program.o(.text.PWM_PinStop), (420 bytes).
    Removing pwm_program.o(.ARM.exidx.text.PWM_PinStop), (8 bytes).
    Removing pwm_program.o(.text.PWM_StopTimer), (28 bytes).
    Removing pwm_program.o(.ARM.exidx.text.PWM_StopTimer), (8 bytes).
    Removing pwm_program.o(.text.PWM_ResumeTimer), (28 bytes).
    Removing pwm_program.o(.ARM.exidx.text.PWM_ResumeTimer), (8 bytes).
    Removing pwm_program.o(.ARM.exidx.text.ENC_Mode), (8 bytes).
    Removing pwm_program.o(.text.ENC_GetDir), (28 bytes).
    Removing pwm_program.o(.ARM.exidx.text.ENC_GetDir), (8 bytes).
    Removing pwm_program.o(.ARM.exidx.text.ENC_GetCNT), (8 bytes).
    Removing pwm_program.o(.text.ENC_GetCCR1), (30 bytes).
    Removing pwm_program.o(.ARM.exidx.text.ENC_GetCCR1), (8 bytes).
    Removing pwm_program.o(.ARM.exidx.text.TRIG_Mode), (8 bytes).
    Removing pwm_program.o(.ARM.exidx.text.ENC_ClearFlag), (8 bytes).
    Removing rcc_program.o(.text), (0 bytes).
    Removing rcc_program.o(.ARM.exidx.text.RCC_voidInitSysClock), (8 bytes).
    Removing rcc_program.o(.ARM.exidx.text.RCC_voidEnableClock), (8 bytes).
    Removing rcc_program.o(.text.RCC_voidDisableClock), (84 bytes).
    Removing rcc_program.o(.ARM.exidx.text.RCC_voidDisableClock), (8 bytes).
    Removing servo_program.o(.text), (0 bytes).
    Removing servo_program.o(.ARM.exidx.text.Servo_VoidInit), (8 bytes).
    Removing servo_program.o(.ARM.exidx.text.Servo_VoidWrite), (8 bytes).
    Removing stk_program.o(.text), (0 bytes).
    Removing stk_program.o(.ARM.exidx.text.MSTK_void_SysTick_Initialize), (8 bytes).
    Removing stk_program.o(.ARM.exidx.text.SysTick_Handler), (8 bytes).
    Removing stk_program.o(.text.Ticks2Millisec), (24 bytes).
    Removing stk_program.o(.ARM.exidx.text.Ticks2Millisec), (8 bytes).
    Removing stk_program.o(.text.Millisec2Ticks), (8 bytes).
    Removing stk_program.o(.ARM.exidx.text.Millisec2Ticks), (8 bytes).
    Removing stk_program.o(.text.MSTK_void_SysTick_Delay), (44 bytes).
    Removing stk_program.o(.ARM.exidx.text.MSTK_void_SysTick_Delay), (8 bytes).
    Removing stk_program.o(.text.MSTK_uint32_SysTick_ElapsedTime), (30 bytes).
    Removing stk_program.o(.ARM.exidx.text.MSTK_uint32_SysTick_ElapsedTime), (8 bytes).
    Removing stk_program.o(.text.MSTK_uint32_SysTick_STimer), (58 bytes).
    Removing stk_program.o(.ARM.exidx.text.MSTK_uint32_SysTick_STimer), (8 bytes).
    Removing stk_program.o(.text.MSTK_uint32_SysTick_PTimer), (42 bytes).
    Removing stk_program.o(.ARM.exidx.text.MSTK_uint32_SysTick_PTimer), (8 bytes).
    Removing stk_program.o(.text.MSTK_void_SysTick_TimePause), (18 bytes).
    Removing stk_program.o(.ARM.exidx.text.MSTK_void_SysTick_TimePause), (8 bytes).
    Removing stk_program.o(.text.MSTK_void_SysTick_TimeResume), (18 bytes).
    Removing stk_program.o(.ARM.exidx.text.MSTK_void_SysTick_TimeResume), (8 bytes).
    Removing stk_program.o(.text.MSTK_voidInit), (14 bytes).
    Removing stk_program.o(.ARM.exidx.text.MSTK_voidInit), (8 bytes).
    Removing stk_program.o(.text.MSTK_voidSetIntervalSingle), (28 bytes).
    Removing stk_program.o(.ARM.exidx.text.MSTK_voidSetIntervalSingle), (8 bytes).
    Removing stk_program.o(.text.MSTK_u32GetElapsedTime), (16 bytes).
    Removing stk_program.o(.ARM.exidx.text.MSTK_u32GetElapsedTime), (8 bytes).
    Removing usart_program.o(.text), (0 bytes).
    Removing usart_program.o(.ARM.exidx.text.USART_Init), (8 bytes).
    Removing usart_program.o(.text.USART1_SEND_CHAR), (28 bytes).
    Removing usart_program.o(.ARM.exidx.text.USART1_SEND_CHAR), (8 bytes).
    Removing usart_program.o(.text.USART2_SEND_CHAR), (28 bytes).
    Removing usart_program.o(.ARM.exidx.text.USART2_SEND_CHAR), (8 bytes).
    Removing usart_program.o(.text.USART3_SEND_CHAR), (28 bytes).
    Removing usart_program.o(.ARM.exidx.text.USART3_SEND_CHAR), (8 bytes).
    Removing usart_program.o(.text.USART1_Receive), (20 bytes).
    Removing usart_program.o(.ARM.exidx.text.USART1_Receive), (8 bytes).
    Removing usart_program.o(.text.USART2_Receive), (20 bytes).
    Removing usart_program.o(.ARM.exidx.text.USART2_Receive), (8 bytes).
    Removing usart_program.o(.text.USART3_Receive), (20 bytes).
    Removing usart_program.o(.ARM.exidx.text.USART3_Receive), (8 bytes).
    Removing usart_program.o(.text.USART1_SENDSTRING), (34 bytes).
    Removing usart_program.o(.ARM.exidx.text.USART1_SENDSTRING), (8 bytes).
    Removing usart_program.o(.text.USART2_SENDSTRING), (34 bytes).
    Removing usart_program.o(.ARM.exidx.text.USART2_SENDSTRING), (8 bytes).
    Removing usart_program.o(.text.USART3_SENDSTRING), (34 bytes).
    Removing usart_program.o(.ARM.exidx.text.USART3_SENDSTRING), (8 bytes).
    Removing usart_program.o(.text.USART1_DMA_Transmit_Init), (52 bytes).
    Removing usart_program.o(.ARM.exidx.text.USART1_DMA_Transmit_Init), (8 bytes).
    Removing usart_program.o(.ARM.exidx.text.USART2_DMA_Transmit_Init), (8 bytes).
    Removing usart_program.o(.text.USART3_DMA_Transmit_Init), (52 bytes).
    Removing usart_program.o(.ARM.exidx.text.USART3_DMA_Transmit_Init), (8 bytes).
    Removing usart_program.o(.ARM.exidx.text.USART1_DMA_Receiver_Init), (8 bytes).
    Removing usart_program.o(.ARM.exidx.text.USART2_DMA_Receiver_Init), (8 bytes).
    Removing usart_program.o(.ARM.exidx.text.USART3_DMA_Receiver_Init), (8 bytes).
    Removing usart_program.o(.ARM.exidx.text.USART2_DMA_RECEIVE), (8 bytes).
    Removing usart_program.o(.ARM.exidx.text.USART3_DMA_RECEIVE), (8 bytes).
    Removing usart_program.o(.ARM.exidx.text.USART1_DMA_RECEIVE), (8 bytes).
    Removing usart_program.o(.text.USART1_DMA_Transmit), (72 bytes).
    Removing usart_program.o(.ARM.exidx.text.USART1_DMA_Transmit), (8 bytes).
    Removing usart_program.o(.ARM.exidx.text.USART2_DMA_Transmit), (8 bytes).
    Removing usart_program.o(.text.USART3_DMA_Transmit), (78 bytes).
    Removing usart_program.o(.ARM.exidx.text.USART3_DMA_Transmit), (8 bytes).
    Removing usart_program.o(.ARM.exidx.text.DMA1_Channel7_IRQHandler), (8 bytes).
    Removing usart_program.o(.ARM.exidx.text.DMA1_Channel2_IRQHandler), (8 bytes).
    Removing usart_program.o(.ARM.exidx.text.DMA1_Channel4_IRQHandler), (8 bytes).
    Removing main.o(.text), (0 bytes).
    Removing main.o(.ARM.exidx.text.main), (8 bytes).
    Removing main.o(.ARM.exidx.text.Elbow_Map_Motion), (8 bytes).
    Removing main.o(.ARM.exidx.text.Elbow_Initialize), (8 bytes).
    Removing main.o(.ARM.use_no_argv), (4 bytes).
    Removing system_stm32f10x.o(.text), (0 bytes).
    Removing system_stm32f10x.o(.ARM.exidx.text.SystemInit), (8 bytes).
    Removing system_stm32f10x.o(.ARM.exidx.text.SetSysClock), (8 bytes).
    Removing system_stm32f10x.o(.text.SystemCoreClockUpdate), (110 bytes).
    Removing system_stm32f10x.o(.ARM.exidx.text.SystemCoreClockUpdate), (8 bytes).
    Removing system_stm32f10x.o(.ARM.exidx.text.SetSysClockTo72), (8 bytes).
    Removing system_stm32f10x.o(.data.SystemCoreClock), (4 bytes).
    Removing system_stm32f10x.o(.rodata.AHBPrescTable), (16 bytes).

179 unused section(s) (total 6047 bytes) removed from the image.

==============================================================================

Image Symbol Table

    Local Symbols

    Symbol Name                              Value     Ov Type        Size  Object(Section)

    ../clib/angel/boardlib.s                 0x00000000   Number         0  boardinit1.o ABSOLUTE
    ../clib/angel/boardlib.s                 0x00000000   Number         0  boardinit2.o ABSOLUTE
    ../clib/angel/boardlib.s                 0x00000000   Number         0  boardinit3.o ABSOLUTE
    ../clib/angel/boardlib.s                 0x00000000   Number         0  boardshut.o ABSOLUTE
    ../clib/angel/handlers.s                 0x00000000   Number         0  __scatter_copy.o ABSOLUTE
    ../clib/angel/handlers.s                 0x00000000   Number         0  __scatter_zi.o ABSOLUTE
    ../clib/angel/kernel.s                   0x00000000   Number         0  __rtentry.o ABSOLUTE
    ../clib/angel/kernel.s                   0x00000000   Number         0  __rtentry2.o ABSOLUTE
    ../clib/angel/kernel.s                   0x00000000   Number         0  __rtentry4.o ABSOLUTE
    ../clib/angel/kernel.s                   0x00000000   Number         0  rtexit.o ABSOLUTE
    ../clib/angel/kernel.s                   0x00000000   Number         0  rtexit2.o ABSOLUTE
    ../clib/angel/rt.s                       0x00000000   Number         0  rt_raise.o ABSOLUTE
    ../clib/angel/scatter.s                  0x00000000   Number         0  __scatter.o ABSOLUTE
    ../clib/angel/startup.s                  0x00000000   Number         0  __main.o ABSOLUTE
    ../clib/angel/sys.s                      0x00000000   Number         0  sys_stackheap_outer.o ABSOLUTE
    ../clib/angel/sys.s                      0x00000000   Number         0  libspace.o ABSOLUTE
    ../clib/angel/sys.s                      0x00000000   Number         0  use_no_semi.o ABSOLUTE
    ../clib/angel/sys.s                      0x00000000   Number         0  indicate_semi.o ABSOLUTE
    ../clib/angel/sysapp.c                   0x00000000   Number         0  sys_exit.o ABSOLUTE
    ../clib/angel/sysapp.c                   0x00000000   Number         0  sys_exit_hlt.o ABSOLUTE
    ../clib/angel/sysapp.c                   0x00000000   Number         0  sys_command.o ABSOLUTE
    ../clib/angel/sysapp.c                   0x00000000   Number         0  sys_command_hlt.o ABSOLUTE
    ../clib/angel/sysapp.c                   0x00000000   Number         0  sys_wrch.o ABSOLUTE
    ../clib/angel/sysapp.c                   0x00000000   Number         0  sys_wrch_hlt.o ABSOLUTE
    ../clib/armsys.c                         0x00000000   Number         0  argv_veneer.o ABSOLUTE
    ../clib/armsys.c                         0x00000000   Number         0  argv_veneer.o ABSOLUTE
    ../clib/armsys.c                         0x00000000   Number         0  _get_argv_nomalloc.o ABSOLUTE
    ../clib/armsys.c                         0x00000000   Number         0  no_argv.o ABSOLUTE
    ../clib/heapalloc.c                      0x00000000   Number         0  hrguard.o ABSOLUTE
    ../clib/heapaux.c                        0x00000000   Number         0  heapauxi.o ABSOLUTE
    ../clib/libinit.s                        0x00000000   Number         0  libinit.o ABSOLUTE
    ../clib/libinit.s                        0x00000000   Number         0  libinit2.o ABSOLUTE
    ../clib/libinit.s                        0x00000000   Number         0  libshutdown.o ABSOLUTE
    ../clib/libinit.s                        0x00000000   Number         0  libshutdown2.o ABSOLUTE
    ../clib/memcpset.s                       0x00000000   Number         0  rt_memcpy_v6.o ABSOLUTE
    ../clib/memcpset.s                       0x00000000   Number         0  rt_memcpy_w.o ABSOLUTE
    ../clib/signal.c                         0x00000000   Number         0  defsig_rtmem_outer.o ABSOLUTE
    ../clib/signal.c                         0x00000000   Number         0  defsig_rtmem_formal.o ABSOLUTE
    ../clib/signal.c                         0x00000000   Number         0  defsig_exit.o ABSOLUTE
    ../clib/signal.c                         0x00000000   Number         0  defsig_rtmem_inner.o ABSOLUTE
    ../clib/signal.c                         0x00000000   Number         0  __raise.o ABSOLUTE
    ../clib/signal.c                         0x00000000   Number         0  defsig_general.o ABSOLUTE
    ../clib/signal.c                         0x00000000   Number         0  defsig_abrt_inner.o ABSOLUTE
    ../clib/signal.c                         0x00000000   Number         0  defsig_fpe_inner.o ABSOLUTE
    ../clib/signal.c                         0x00000000   Number         0  defsig_rtred_inner.o ABSOLUTE
    ../clib/signal.c                         0x00000000   Number         0  defsig_stak_inner.o ABSOLUTE
    ../clib/signal.c                         0x00000000   Number         0  defsig_pvfn_inner.o ABSOLUTE
    ../clib/signal.c                         0x00000000   Number         0  defsig_cppl_inner.o ABSOLUTE
    ../clib/signal.c                         0x00000000   Number         0  defsig_segv_inner.o ABSOLUTE
    ../clib/signal.c                         0x00000000   Number         0  defsig_other.o ABSOLUTE
    ../clib/signal.s                         0x00000000   Number         0  defsig.o ABSOLUTE
    ../clib/stdlib.c                         0x00000000   Number         0  exit.o ABSOLUTE
    ../fplib/daddsub.s                       0x00000000   Number         0  daddsub_clz.o ABSOLUTE
    ../fplib/ddiv.s                          0x00000000   Number         0  ddiv.o ABSOLUTE
    ../fplib/dfix.s                          0x00000000   Number         0  dfix.o ABSOLUTE
    ../fplib/dfixu.s                         0x00000000   Number         0  dfixu.o ABSOLUTE
    ../fplib/dflt.s                          0x00000000   Number         0  dflt_clz.o ABSOLUTE
    ../fplib/dmul.s                          0x00000000   Number         0  dmul.o ABSOLUTE
    ../fplib/dnaninf.s                       0x00000000   Number         0  dnaninf.o ABSOLUTE
    ../fplib/dretinf.s                       0x00000000   Number         0  dretinf.o ABSOLUTE
    ../fplib/fdiv.s                          0x00000000   Number         0  fdiv.o ABSOLUTE
    ../fplib/fflt.s                          0x00000000   Number         0  fflt_clz.o ABSOLUTE
    ../fplib/fmul.s                          0x00000000   Number         0  fmul.o ABSOLUTE
    ../fplib/fnaninf.s                       0x00000000   Number         0  fnaninf.o ABSOLUTE
    ../fplib/fpinit.s                        0x00000000   Number         0  fpinit.o ABSOLUTE
    ../fplib/fpinit_empty.s                  0x00000000   Number         0  fpinit_empty.o ABSOLUTE
    ../fplib/fretinf.s                       0x00000000   Number         0  fretinf.o ABSOLUTE
    ../fplib/usenofp.s                       0x00000000   Number         0  usenofp.o ABSOLUTE
    DC_motor.c                               0x00000000   Number         0  dc_motor.o ABSOLUTE
    DMA_program.c                            0x00000000   Number         0  dma_program.o ABSOLUTE
    ENCODER_program.c                        0x00000000   Number         0  encoder_program.o ABSOLUTE
    GPIO_program.c                           0x00000000   Number         0  gpio_program.o ABSOLUTE
    NVIC_program.c                           0x00000000   Number         0  nvic_program.o ABSOLUTE
    PWM_program.c                            0x00000000   Number         0  pwm_program.o ABSOLUTE
    RCC_program.c                            0x00000000   Number         0  rcc_program.o ABSOLUTE
    RTE/Device/STM32F103C8/startup_stm32f10x_md.s 0x00000000   Number         0  startup_stm32f10x_md.o ABSOLUTE
    STK_Program.c                            0x00000000   Number         0  stk_program.o ABSOLUTE
    Servo_program.c                          0x00000000   Number         0  servo_program.o ABSOLUTE
    USART_program.c                          0x00000000   Number         0  usart_program.o ABSOLUTE
    dc.s                                     0x00000000   Number         0  dc.o ABSOLUTE
    main.c                                   0x00000000   Number         0  main.o ABSOLUTE
    system_stm32f10x.c                       0x00000000   Number         0  system_stm32f10x.o ABSOLUTE
    RESET                                    0x08000000   Section      236  startup_stm32f10x_md.o(RESET)
    !!!main                                  0x080000ec   Section        8  __main.o(!!!main)
    !!!scatter                               0x080000f4   Section       52  __scatter.o(!!!scatter)
    !!handler_copy                           0x08000128   Section       26  __scatter_copy.o(!!handler_copy)
    !!handler_zi                             0x08000144   Section       28  __scatter_zi.o(!!handler_zi)
    .ARM.Collect$$libinit$$00000000          0x08000160   Section        2  libinit.o(.ARM.Collect$$libinit$$00000000)
    .ARM.Collect$$libinit$$00000002          0x08000162   Section        0  libinit2.o(.ARM.Collect$$libinit$$00000002)
    .ARM.Collect$$libinit$$00000004          0x08000162   Section        0  libinit2.o(.ARM.Collect$$libinit$$00000004)
    .ARM.Collect$$libinit$$0000000A          0x08000162   Section        0  libinit2.o(.ARM.Collect$$libinit$$0000000A)
    .ARM.Collect$$libinit$$0000000C          0x08000162   Section        0  libinit2.o(.ARM.Collect$$libinit$$0000000C)
    .ARM.Collect$$libinit$$0000000E          0x08000162   Section        0  libinit2.o(.ARM.Collect$$libinit$$0000000E)
    .ARM.Collect$$libinit$$00000011          0x08000162   Section        0  libinit2.o(.ARM.Collect$$libinit$$00000011)
    .ARM.Collect$$libinit$$00000013          0x08000162   Section        0  libinit2.o(.ARM.Collect$$libinit$$00000013)
    .ARM.Collect$$libinit$$00000015          0x08000162   Section        0  libinit2.o(.ARM.Collect$$libinit$$00000015)
    .ARM.Collect$$libinit$$00000017          0x08000162   Section        0  libinit2.o(.ARM.Collect$$libinit$$00000017)
    .ARM.Collect$$libinit$$00000019          0x08000162   Section        0  libinit2.o(.ARM.Collect$$libinit$$00000019)
    .ARM.Collect$$libinit$$0000001B          0x08000162   Section        0  libinit2.o(.ARM.Collect$$libinit$$0000001B)
    .ARM.Collect$$libinit$$0000001D          0x08000162   Section        0  libinit2.o(.ARM.Collect$$libinit$$0000001D)
    .ARM.Collect$$libinit$$0000001F          0x08000162   Section        0  libinit2.o(.ARM.Collect$$libinit$$0000001F)
    .ARM.Collect$$libinit$$00000021          0x08000162   Section        0  libinit2.o(.ARM.Collect$$libinit$$00000021)
    .ARM.Collect$$libinit$$00000023          0x08000162   Section        0  libinit2.o(.ARM.Collect$$libinit$$00000023)
    .ARM.Collect$$libinit$$00000025          0x08000162   Section        0  libinit2.o(.ARM.Collect$$libinit$$00000025)
    .ARM.Collect$$libinit$$0000002C          0x08000162   Section        0  libinit2.o(.ARM.Collect$$libinit$$0000002C)
    .ARM.Collect$$libinit$$0000002E          0x08000162   Section        0  libinit2.o(.ARM.Collect$$libinit$$0000002E)
    .ARM.Collect$$libinit$$00000030          0x08000162   Section        0  libinit2.o(.ARM.Collect$$libinit$$00000030)
    .ARM.Collect$$libinit$$00000032          0x08000162   Section        0  libinit2.o(.ARM.Collect$$libinit$$00000032)
    .ARM.Collect$$libinit$$00000033          0x08000162   Section        2  libinit2.o(.ARM.Collect$$libinit$$00000033)
    .ARM.Collect$$libshutdown$$00000000      0x08000164   Section        2  libshutdown.o(.ARM.Collect$$libshutdown$$00000000)
    .ARM.Collect$$libshutdown$$00000002      0x08000166   Section        0  libshutdown2.o(.ARM.Collect$$libshutdown$$00000002)
    .ARM.Collect$$libshutdown$$00000004      0x08000166   Section        0  libshutdown2.o(.ARM.Collect$$libshutdown$$00000004)
    .ARM.Collect$$libshutdown$$00000007      0x08000166   Section        0  libshutdown2.o(.ARM.Collect$$libshutdown$$00000007)
    .ARM.Collect$$libshutdown$$0000000A      0x08000166   Section        0  libshutdown2.o(.ARM.Collect$$libshutdown$$0000000A)
    .ARM.Collect$$libshutdown$$0000000C      0x08000166   Section        0  libshutdown2.o(.ARM.Collect$$libshutdown$$0000000C)
    .ARM.Collect$$libshutdown$$0000000F      0x08000166   Section        0  libshutdown2.o(.ARM.Collect$$libshutdown$$0000000F)
    .ARM.Collect$$libshutdown$$00000010      0x08000166   Section        2  libshutdown2.o(.ARM.Collect$$libshutdown$$00000010)
    .ARM.Collect$$rtentry$$00000000          0x08000168   Section        0  __rtentry.o(.ARM.Collect$$rtentry$$00000000)
    .ARM.Collect$$rtentry$$00000002          0x08000168   Section        0  __rtentry2.o(.ARM.Collect$$rtentry$$00000002)
    .ARM.Collect$$rtentry$$00000004          0x08000168   Section        6  __rtentry4.o(.ARM.Collect$$rtentry$$00000004)
    .ARM.Collect$$rtentry$$00000009          0x0800016e   Section        0  __rtentry2.o(.ARM.Collect$$rtentry$$00000009)
    .ARM.Collect$$rtentry$$0000000A          0x0800016e   Section        4  __rtentry2.o(.ARM.Collect$$rtentry$$0000000A)
    .ARM.Collect$$rtentry$$0000000C          0x08000172   Section        0  __rtentry2.o(.ARM.Collect$$rtentry$$0000000C)
    .ARM.Collect$$rtentry$$0000000D          0x08000172   Section        8  __rtentry2.o(.ARM.Collect$$rtentry$$0000000D)
    .ARM.Collect$$rtexit$$00000000           0x0800017a   Section        2  rtexit.o(.ARM.Collect$$rtexit$$00000000)
    .ARM.Collect$$rtexit$$00000002           0x0800017c   Section        0  rtexit2.o(.ARM.Collect$$rtexit$$00000002)
    .ARM.Collect$$rtexit$$00000003           0x0800017c   Section        4  rtexit2.o(.ARM.Collect$$rtexit$$00000003)
    .ARM.Collect$$rtexit$$00000004           0x08000180   Section        6  rtexit2.o(.ARM.Collect$$rtexit$$00000004)
    .text                                    0x08000188   Section       64  startup_stm32f10x_md.o(.text)
    .text                                    0x080001c8   Section        0  heapauxi.o(.text)
    .text                                    0x080001ce   Section       74  sys_stackheap_outer.o(.text)
    .text                                    0x08000218   Section        0  exit.o(.text)
    .text                                    0x0800022c   Section        8  libspace.o(.text)
    .text                                    0x08000234   Section        0  sys_exit.o(.text)
    .text                                    0x08000240   Section        2  use_no_semi.o(.text)
    .text                                    0x08000242   Section        0  indicate_semi.o(.text)
    [Anonymous Symbol]                       0x08000244   Section        0  dc_motor.o(.text.DC_VNH5019_init)
    [Anonymous Symbol]                       0x080004c8   Section        0  usart_program.o(.text.DMA1_Channel2_IRQHandler)
    [Anonymous Symbol]                       0x080004f4   Section        0  usart_program.o(.text.DMA1_Channel4_IRQHandler)
    [Anonymous Symbol]                       0x08000520   Section        0  usart_program.o(.text.DMA1_Channel7_IRQHandler)
    [Anonymous Symbol]                       0x0800054c   Section        0  dma_program.o(.text.DMA_SetConfig)
    [Anonymous Symbol]                       0x0800068c   Section        0  dma_program.o(.text.DMA_VoidClearFlag)
    [Anonymous Symbol]                       0x080006b8   Section        0  dma_program.o(.text.DMA_VoidConfigPriority)
    [Anonymous Symbol]                       0x08000720   Section        0  dma_program.o(.text.DMA_VoidDMAEnable)
    [Anonymous Symbol]                       0x08000774   Section        0  dma_program.o(.text.DMA_VoidInerruptEnable)
    [Anonymous Symbol]                       0x080007a0   Section        0  dma_program.o(.text.DMA_VoidSetAddress)
    [Anonymous Symbol]                       0x08000820   Section        0  dma_program.o(.text.DMA_VoidSetCircularMode)
    [Anonymous Symbol]                       0x08000848   Section        0  encoder_program.o(.text.ENCODER_Define)
    [Anonymous Symbol]                       0x08000854   Section        0  encoder_program.o(.text.ENCODER_Init)
    [Anonymous Symbol]                       0x08000a34   Section        0  pwm_program.o(.text.ENC_ClearFlag)
    [Anonymous Symbol]                       0x08000a4c   Section        0  pwm_program.o(.text.ENC_GetCNT)
    [Anonymous Symbol]                       0x08000a6c   Section        0  pwm_program.o(.text.ENC_Mode)
    [Anonymous Symbol]                       0x08000b04   Section        0  main.o(.text.Elbow_Initialize)
    [Anonymous Symbol]                       0x08000b5c   Section        0  main.o(.text.Elbow_Map_Motion)
    [Anonymous Symbol]                       0x08000d48   Section        0  gpio_program.o(.text.GPIO_SET_PP_OD)
    [Anonymous Symbol]                       0x08001054   Section        0  gpio_program.o(.text.GPIO_SET_PU_PD)
    [Anonymous Symbol]                       0x080013cc   Section        0  gpio_program.o(.text.GPIO_voidSetPinDirection)
    [Anonymous Symbol]                       0x08001a60   Section        0  gpio_program.o(.text.GPIO_voidSetPinValue)
    [Anonymous Symbol]                       0x08001bb8   Section        0  dma_program.o(.text.MDMA_VoidDMADisable)
    [Anonymous Symbol]                       0x08001be0   Section        0  nvic_program.o(.text.MNVIC_voidEnableInterrupt)
    [Anonymous Symbol]                       0x08001c48   Section        0  stk_program.o(.text.MSTK_void_SysTick_Initialize)
    [Anonymous Symbol]                       0x08001c64   Section        0  pwm_program.o(.text.PWM_Init)
    [Anonymous Symbol]                       0x08001d08   Section        0  pwm_program.o(.text.PWM_PinWrite)
    [Anonymous Symbol]                       0x0800223c   Section        0  rcc_program.o(.text.RCC_voidEnableClock)
    [Anonymous Symbol]                       0x0800228c   Section        0  rcc_program.o(.text.RCC_voidInitSysClock)
    [Anonymous Symbol]                       0x080022fc   Section        0  gpio_program.o(.text.SET_GPIO_SPEED)
    [Anonymous Symbol]                       0x08002644   Section        0  servo_program.o(.text.Servo_VoidInit)
    [Anonymous Symbol]                       0x08002a68   Section        0  servo_program.o(.text.Servo_VoidWrite)
    SetSysClock                              0x08002acd   Thumb Code     8  system_stm32f10x.o(.text.SetSysClock)
    [Anonymous Symbol]                       0x08002acc   Section        0  system_stm32f10x.o(.text.SetSysClock)
    SetSysClockTo72                          0x08002ad5   Thumb Code   190  system_stm32f10x.o(.text.SetSysClockTo72)
    [Anonymous Symbol]                       0x08002ad4   Section        0  system_stm32f10x.o(.text.SetSysClockTo72)
    [Anonymous Symbol]                       0x08002b94   Section        0  stk_program.o(.text.SysTick_Handler)
    [Anonymous Symbol]                       0x08002ba4   Section        0  system_stm32f10x.o(.text.SystemInit)
    [Anonymous Symbol]                       0x08002bfc   Section        0  encoder_program.o(.text.TIM2_IRQHandler)
    [Anonymous Symbol]                       0x08002c24   Section        0  encoder_program.o(.text.TIM4_IRQHandler)
    [Anonymous Symbol]                       0x08002c4c   Section        0  pwm_program.o(.text.TRIG_Mode)
    [Anonymous Symbol]                       0x08002cf0   Section        0  usart_program.o(.text.USART1_DMA_RECEIVE)
    [Anonymous Symbol]                       0x08002d1c   Section        0  usart_program.o(.text.USART1_DMA_Receiver_Init)
    [Anonymous Symbol]                       0x08002d50   Section        0  usart_program.o(.text.USART2_DMA_RECEIVE)
    [Anonymous Symbol]                       0x08002d7c   Section        0  usart_program.o(.text.USART2_DMA_Receiver_Init)
    [Anonymous Symbol]                       0x08002db0   Section        0  usart_program.o(.text.USART2_DMA_Transmit)
    [Anonymous Symbol]                       0x08002df8   Section        0  usart_program.o(.text.USART2_DMA_Transmit_Init)
    [Anonymous Symbol]                       0x08002e2c   Section        0  usart_program.o(.text.USART3_DMA_RECEIVE)
    [Anonymous Symbol]                       0x08002e58   Section        0  usart_program.o(.text.USART3_DMA_Receiver_Init)
    [Anonymous Symbol]                       0x08002e8c   Section        0  usart_program.o(.text.USART_Init)
    [Anonymous Symbol]                       0x0800312c   Section        0  main.o(.text.main)
    x$fpl$dadd                               0x080031b0   Section      336  daddsub_clz.o(x$fpl$dadd)
    _dadd1                                   0x080031c1   Thumb Code     0  daddsub_clz.o(x$fpl$dadd)
    x$fpl$ddiv                               0x08003300   Section      688  ddiv.o(x$fpl$ddiv)
    ddiv_entry                               0x08003307   Thumb Code     0  ddiv.o(x$fpl$ddiv)
    x$fpl$dfixu                              0x080035b0   Section       90  dfixu.o(x$fpl$dfixu)
    x$fpl$dfltu                              0x0800360a   Section       38  dflt_clz.o(x$fpl$dfltu)
    x$fpl$dmul                               0x08003630   Section      340  dmul.o(x$fpl$dmul)
    x$fpl$dnaninf                            0x08003784   Section      156  dnaninf.o(x$fpl$dnaninf)
    x$fpl$dretinf                            0x08003820   Section       12  dretinf.o(x$fpl$dretinf)
    x$fpl$dsub                               0x0800382c   Section      468  daddsub_clz.o(x$fpl$dsub)
    _dsub1                                   0x0800383d   Thumb Code     0  daddsub_clz.o(x$fpl$dsub)
    x$fpl$usenofp                            0x08003a00   Section        0  usenofp.o(x$fpl$usenofp)
    .bss                                     0x20000040   Section       96  libspace.o(.bss)
    ptr_interr                               0x200000e0   Data           4  stk_program.o(.bss.ptr_interr)
    [Anonymous Symbol]                       0x200000e0   Section        0  stk_program.o(.bss.ptr_interr)
    Heap_Mem                                 0x200000e8   Data         512  startup_stm32f10x_md.o(HEAP)
    HEAP                                     0x200000e8   Section      512  startup_stm32f10x_md.o(HEAP)
    Stack_Mem                                0x200002e8   Data        1024  startup_stm32f10x_md.o(STACK)
    STACK                                    0x200002e8   Section     1024  startup_stm32f10x_md.o(STACK)
    __initial_sp                             0x200006e8   Data           0  startup_stm32f10x_md.o(STACK)

    Global Symbols

    Symbol Name                              Value     Ov Type        Size  Object(Section)

    BuildAttributes$$THM_ISAv4$P$D$K$B$S$PE$A:L22UL41UL21$X:L11$S22US41US21$IEEE1$IW$~IW$USESV6$~STKCKD$USESV7$~SHL$OTIME$ROPI$EBA8$UX$STANDARDLIB$REQ8$PRES8$EABIv2 0x00000000   Number         0  anon$$obj.o ABSOLUTE
    __fp_init_empty                          0x00000000   Number         0  fpinit_empty.o ABSOLUTE
    __ARM_exceptions_init                     - Undefined Weak Reference
    __alloca_initialize                       - Undefined Weak Reference
    __arm_preinit_                            - Undefined Weak Reference
    __cpp_initialize__aeabi_                  - Undefined Weak Reference
    __cxa_finalize                            - Undefined Weak Reference
    __rt_locale                               - Undefined Weak Reference
    __sigvec_lookup                           - Undefined Weak Reference
    _atexit_init                              - Undefined Weak Reference
    _call_atexit_fns                          - Undefined Weak Reference
    _clock_init                               - Undefined Weak Reference
    _fp_trap_init                             - Undefined Weak Reference
    _fp_trap_shutdown                         - Undefined Weak Reference
    _get_lc_collate                           - Undefined Weak Reference
    _get_lc_ctype                             - Undefined Weak Reference
    _get_lc_monetary                          - Undefined Weak Reference
    _get_lc_numeric                           - Undefined Weak Reference
    _get_lc_time                              - Undefined Weak Reference
    _getenv_init                              - Undefined Weak Reference
    _handle_redirection                       - Undefined Weak Reference
    _init_alloc                               - Undefined Weak Reference
    _init_user_alloc                          - Undefined Weak Reference
    _initio                                   - Undefined Weak Reference
    _rand_init                                - Undefined Weak Reference
    _signal_finish                            - Undefined Weak Reference
    _signal_init                              - Undefined Weak Reference
    _terminate_alloc                          - Undefined Weak Reference
    _terminate_user_alloc                     - Undefined Weak Reference
    _terminateio                              - Undefined Weak Reference
    __Vectors_Size                           0x000000ec   Number         0  startup_stm32f10x_md.o ABSOLUTE
    __Vectors                                0x08000000   Data           4  startup_stm32f10x_md.o(RESET)
    __Vectors_End                            0x080000ec   Data           0  startup_stm32f10x_md.o(RESET)
    __main                                   0x080000ed   Thumb Code     8  __main.o(!!!main)
    __scatterload                            0x080000f5   Thumb Code     0  __scatter.o(!!!scatter)
    __scatterload_rt2                        0x080000f5   Thumb Code    44  __scatter.o(!!!scatter)
    __scatterload_rt2_thumb_only             0x080000f5   Thumb Code     0  __scatter.o(!!!scatter)
    __scatterload_null                       0x08000103   Thumb Code     0  __scatter.o(!!!scatter)
    __scatterload_copy                       0x08000129   Thumb Code    26  __scatter_copy.o(!!handler_copy)
    __scatterload_zeroinit                   0x08000145   Thumb Code    28  __scatter_zi.o(!!handler_zi)
    __rt_lib_init                            0x08000161   Thumb Code     0  libinit.o(.ARM.Collect$$libinit$$00000000)
    __rt_lib_init_alloca_1                   0x08000163   Thumb Code     0  libinit2.o(.ARM.Collect$$libinit$$0000002E)
    __rt_lib_init_argv_1                     0x08000163   Thumb Code     0  libinit2.o(.ARM.Collect$$libinit$$0000002C)
    __rt_lib_init_atexit_1                   0x08000163   Thumb Code     0  libinit2.o(.ARM.Collect$$libinit$$0000001B)
    __rt_lib_init_clock_1                    0x08000163   Thumb Code     0  libinit2.o(.ARM.Collect$$libinit$$00000021)
    __rt_lib_init_cpp_1                      0x08000163   Thumb Code     0  libinit2.o(.ARM.Collect$$libinit$$00000032)
    __rt_lib_init_exceptions_1               0x08000163   Thumb Code     0  libinit2.o(.ARM.Collect$$libinit$$00000030)
    __rt_lib_init_fp_1                       0x08000163   Thumb Code     0  libinit2.o(.ARM.Collect$$libinit$$00000002)
    __rt_lib_init_fp_trap_1                  0x08000163   Thumb Code     0  libinit2.o(.ARM.Collect$$libinit$$0000001F)
    __rt_lib_init_getenv_1                   0x08000163   Thumb Code     0  libinit2.o(.ARM.Collect$$libinit$$00000023)
    __rt_lib_init_heap_1                     0x08000163   Thumb Code     0  libinit2.o(.ARM.Collect$$libinit$$0000000A)
    __rt_lib_init_lc_collate_1               0x08000163   Thumb Code     0  libinit2.o(.ARM.Collect$$libinit$$00000011)
    __rt_lib_init_lc_ctype_1                 0x08000163   Thumb Code     0  libinit2.o(.ARM.Collect$$libinit$$00000013)
    __rt_lib_init_lc_monetary_1              0x08000163   Thumb Code     0  libinit2.o(.ARM.Collect$$libinit$$00000015)
    __rt_lib_init_lc_numeric_1               0x08000163   Thumb Code     0  libinit2.o(.ARM.Collect$$libinit$$00000017)
    __rt_lib_init_lc_time_1                  0x08000163   Thumb Code     0  libinit2.o(.ARM.Collect$$libinit$$00000019)
    __rt_lib_init_preinit_1                  0x08000163   Thumb Code     0  libinit2.o(.ARM.Collect$$libinit$$00000004)
    __rt_lib_init_rand_1                     0x08000163   Thumb Code     0  libinit2.o(.ARM.Collect$$libinit$$0000000E)
    __rt_lib_init_return                     0x08000163   Thumb Code     0  libinit2.o(.ARM.Collect$$libinit$$00000033)
    __rt_lib_init_signal_1                   0x08000163   Thumb Code     0  libinit2.o(.ARM.Collect$$libinit$$0000001D)
    __rt_lib_init_stdio_1                    0x08000163   Thumb Code     0  libinit2.o(.ARM.Collect$$libinit$$00000025)
    __rt_lib_init_user_alloc_1               0x08000163   Thumb Code     0  libinit2.o(.ARM.Collect$$libinit$$0000000C)
    __rt_lib_shutdown                        0x08000165   Thumb Code     0  libshutdown.o(.ARM.Collect$$libshutdown$$00000000)
    __rt_lib_shutdown_cpp_1                  0x08000167   Thumb Code     0  libshutdown2.o(.ARM.Collect$$libshutdown$$00000002)
    __rt_lib_shutdown_fp_trap_1              0x08000167   Thumb Code     0  libshutdown2.o(.ARM.Collect$$libshutdown$$00000007)
    __rt_lib_shutdown_heap_1                 0x08000167   Thumb Code     0  libshutdown2.o(.ARM.Collect$$libshutdown$$0000000F)
    __rt_lib_shutdown_return                 0x08000167   Thumb Code     0  libshutdown2.o(.ARM.Collect$$libshutdown$$00000010)
    __rt_lib_shutdown_signal_1               0x08000167   Thumb Code     0  libshutdown2.o(.ARM.Collect$$libshutdown$$0000000A)
    __rt_lib_shutdown_stdio_1                0x08000167   Thumb Code     0  libshutdown2.o(.ARM.Collect$$libshutdown$$00000004)
    __rt_lib_shutdown_user_alloc_1           0x08000167   Thumb Code     0  libshutdown2.o(.ARM.Collect$$libshutdown$$0000000C)
    __rt_entry                               0x08000169   Thumb Code     0  __rtentry.o(.ARM.Collect$$rtentry$$00000000)
    __rt_entry_presh_1                       0x08000169   Thumb Code     0  __rtentry2.o(.ARM.Collect$$rtentry$$00000002)
    __rt_entry_sh                            0x08000169   Thumb Code     0  __rtentry4.o(.ARM.Collect$$rtentry$$00000004)
    __rt_entry_li                            0x0800016f   Thumb Code     0  __rtentry2.o(.ARM.Collect$$rtentry$$0000000A)
    __rt_entry_postsh_1                      0x0800016f   Thumb Code     0  __rtentry2.o(.ARM.Collect$$rtentry$$00000009)
    __rt_entry_main                          0x08000173   Thumb Code     0  __rtentry2.o(.ARM.Collect$$rtentry$$0000000D)
    __rt_entry_postli_1                      0x08000173   Thumb Code     0  __rtentry2.o(.ARM.Collect$$rtentry$$0000000C)
    __rt_exit                                0x0800017b   Thumb Code     0  rtexit.o(.ARM.Collect$$rtexit$$00000000)
    __rt_exit_ls                             0x0800017d   Thumb Code     0  rtexit2.o(.ARM.Collect$$rtexit$$00000003)
    __rt_exit_prels_1                        0x0800017d   Thumb Code     0  rtexit2.o(.ARM.Collect$$rtexit$$00000002)
    __rt_exit_exit                           0x08000181   Thumb Code     0  rtexit2.o(.ARM.Collect$$rtexit$$00000004)
    Reset_Handler                            0x08000189   Thumb Code     8  startup_stm32f10x_md.o(.text)
    NMI_Handler                              0x08000191   Thumb Code     2  startup_stm32f10x_md.o(.text)
    HardFault_Handler                        0x08000193   Thumb Code     2  startup_stm32f10x_md.o(.text)
    MemManage_Handler                        0x08000195   Thumb Code     2  startup_stm32f10x_md.o(.text)
    BusFault_Handler                         0x08000197   Thumb Code     2  startup_stm32f10x_md.o(.text)
    UsageFault_Handler                       0x08000199   Thumb Code     2  startup_stm32f10x_md.o(.text)
    SVC_Handler                              0x0800019b   Thumb Code     2  startup_stm32f10x_md.o(.text)
    DebugMon_Handler                         0x0800019d   Thumb Code     2  startup_stm32f10x_md.o(.text)
    PendSV_Handler                           0x0800019f   Thumb Code     2  startup_stm32f10x_md.o(.text)
    ADC1_2_IRQHandler                        0x080001a3   Thumb Code     0  startup_stm32f10x_md.o(.text)
    CAN1_RX1_IRQHandler                      0x080001a3   Thumb Code     0  startup_stm32f10x_md.o(.text)
    CAN1_SCE_IRQHandler                      0x080001a3   Thumb Code     0  startup_stm32f10x_md.o(.text)
    DMA1_Channel1_IRQHandler                 0x080001a3   Thumb Code     0  startup_stm32f10x_md.o(.text)
    DMA1_Channel3_IRQHandler                 0x080001a3   Thumb Code     0  startup_stm32f10x_md.o(.text)
    DMA1_Channel5_IRQHandler                 0x080001a3   Thumb Code     0  startup_stm32f10x_md.o(.text)
    DMA1_Channel6_IRQHandler                 0x080001a3   Thumb Code     0  startup_stm32f10x_md.o(.text)
    EXTI0_IRQHandler                         0x080001a3   Thumb Code     0  startup_stm32f10x_md.o(.text)
    EXTI15_10_IRQHandler                     0x080001a3   Thumb Code     0  startup_stm32f10x_md.o(.text)
    EXTI1_IRQHandler                         0x080001a3   Thumb Code     0  startup_stm32f10x_md.o(.text)
    EXTI2_IRQHandler                         0x080001a3   Thumb Code     0  startup_stm32f10x_md.o(.text)
    EXTI3_IRQHandler                         0x080001a3   Thumb Code     0  startup_stm32f10x_md.o(.text)
    EXTI4_IRQHandler                         0x080001a3   Thumb Code     0  startup_stm32f10x_md.o(.text)
    EXTI9_5_IRQHandler                       0x080001a3   Thumb Code     0  startup_stm32f10x_md.o(.text)
    FLASH_IRQHandler                         0x080001a3   Thumb Code     0  startup_stm32f10x_md.o(.text)
    I2C1_ER_IRQHandler                       0x080001a3   Thumb Code     0  startup_stm32f10x_md.o(.text)
    I2C1_EV_IRQHandler                       0x080001a3   Thumb Code     0  startup_stm32f10x_md.o(.text)
    I2C2_ER_IRQHandler                       0x080001a3   Thumb Code     0  startup_stm32f10x_md.o(.text)
    I2C2_EV_IRQHandler                       0x080001a3   Thumb Code     0  startup_stm32f10x_md.o(.text)
    PVD_IRQHandler                           0x080001a3   Thumb Code     0  startup_stm32f10x_md.o(.text)
    RCC_IRQHandler                           0x080001a3   Thumb Code     0  startup_stm32f10x_md.o(.text)
    RTCAlarm_IRQHandler                      0x080001a3   Thumb Code     0  startup_stm32f10x_md.o(.text)
    RTC_IRQHandler                           0x080001a3   Thumb Code     0  startup_stm32f10x_md.o(.text)
    SPI1_IRQHandler                          0x080001a3   Thumb Code     0  startup_stm32f10x_md.o(.text)
    SPI2_IRQHandler                          0x080001a3   Thumb Code     0  startup_stm32f10x_md.o(.text)
    TAMPER_IRQHandler                        0x080001a3   Thumb Code     0  startup_stm32f10x_md.o(.text)
    TIM1_BRK_IRQHandler                      0x080001a3   Thumb Code     0  startup_stm32f10x_md.o(.text)
    TIM1_CC_IRQHandler                       0x080001a3   Thumb Code     0  startup_stm32f10x_md.o(.text)
    TIM1_TRG_COM_IRQHandler                  0x080001a3   Thumb Code     0  startup_stm32f10x_md.o(.text)
    TIM1_UP_IRQHandler                       0x080001a3   Thumb Code     0  startup_stm32f10x_md.o(.text)
    TIM3_IRQHandler                          0x080001a3   Thumb Code     0  startup_stm32f10x_md.o(.text)
    USART1_IRQHandler                        0x080001a3   Thumb Code     0  startup_stm32f10x_md.o(.text)
    USART2_IRQHandler                        0x080001a3   Thumb Code     0  startup_stm32f10x_md.o(.text)
    USART3_IRQHandler                        0x080001a3   Thumb Code     0  startup_stm32f10x_md.o(.text)
    USBWakeUp_IRQHandler                     0x080001a3   Thumb Code     0  startup_stm32f10x_md.o(.text)
    USB_HP_CAN1_TX_IRQHandler                0x080001a3   Thumb Code     0  startup_stm32f10x_md.o(.text)
    USB_LP_CAN1_RX0_IRQHandler               0x080001a3   Thumb Code     0  startup_stm32f10x_md.o(.text)
    WWDG_IRQHandler                          0x080001a3   Thumb Code     0  startup_stm32f10x_md.o(.text)
    __user_initial_stackheap                 0x080001a5   Thumb Code     0  startup_stm32f10x_md.o(.text)
    __use_two_region_memory                  0x080001c9   Thumb Code     2  heapauxi.o(.text)
    __rt_heap_escrow$2region                 0x080001cb   Thumb Code     2  heapauxi.o(.text)
    __rt_heap_expand$2region                 0x080001cd   Thumb Code     2  heapauxi.o(.text)
    __user_setup_stackheap                   0x080001cf   Thumb Code    74  sys_stackheap_outer.o(.text)
    exit                                     0x08000219   Thumb Code    18  exit.o(.text)
    __user_libspace                          0x0800022d   Thumb Code     8  libspace.o(.text)
    __user_perproc_libspace                  0x0800022d   Thumb Code     0  libspace.o(.text)
    __user_perthread_libspace                0x0800022d   Thumb Code     0  libspace.o(.text)
    _sys_exit                                0x08000235   Thumb Code     8  sys_exit.o(.text)
    __I$use$semihosting                      0x08000241   Thumb Code     0  use_no_semi.o(.text)
    __use_no_semihosting_swi                 0x08000241   Thumb Code     2  use_no_semi.o(.text)
    __semihosting_library_function           0x08000243   Thumb Code     0  indicate_semi.o(.text)
    DC_VNH5019_init                          0x08000245   Thumb Code   642  dc_motor.o(.text.DC_VNH5019_init)
    DMA1_Channel2_IRQHandler                 0x080004c9   Thumb Code    44  usart_program.o(.text.DMA1_Channel2_IRQHandler)
    DMA1_Channel4_IRQHandler                 0x080004f5   Thumb Code    44  usart_program.o(.text.DMA1_Channel4_IRQHandler)
    DMA1_Channel7_IRQHandler                 0x08000521   Thumb Code    44  usart_program.o(.text.DMA1_Channel7_IRQHandler)
    DMA_SetConfig                            0x0800054d   Thumb Code   320  dma_program.o(.text.DMA_SetConfig)
    DMA_VoidClearFlag                        0x0800068d   Thumb Code    42  dma_program.o(.text.DMA_VoidClearFlag)
    DMA_VoidConfigPriority                   0x080006b9   Thumb Code   104  dma_program.o(.text.DMA_VoidConfigPriority)
    DMA_VoidDMAEnable                        0x08000721   Thumb Code    84  dma_program.o(.text.DMA_VoidDMAEnable)
    DMA_VoidInerruptEnable                   0x08000775   Thumb Code    44  dma_program.o(.text.DMA_VoidInerruptEnable)
    DMA_VoidSetAddress                       0x080007a1   Thumb Code   128  dma_program.o(.text.DMA_VoidSetAddress)
    DMA_VoidSetCircularMode                  0x08000821   Thumb Code    38  dma_program.o(.text.DMA_VoidSetCircularMode)
    ENCODER_Define                           0x08000849   Thumb Code    10  encoder_program.o(.text.ENCODER_Define)
    ENCODER_Init                             0x08000855   Thumb Code   480  encoder_program.o(.text.ENCODER_Init)
    ENC_ClearFlag                            0x08000a35   Thumb Code    22  pwm_program.o(.text.ENC_ClearFlag)
    ENC_GetCNT                               0x08000a4d   Thumb Code    30  pwm_program.o(.text.ENC_GetCNT)
    ENC_Mode                                 0x08000a6d   Thumb Code   150  pwm_program.o(.text.ENC_Mode)
    Elbow_Initialize                         0x08000b05   Thumb Code    88  main.o(.text.Elbow_Initialize)
    Elbow_Map_Motion                         0x08000b5d   Thumb Code   490  main.o(.text.Elbow_Map_Motion)
    GPIO_SET_PP_OD                           0x08000d49   Thumb Code   778  gpio_program.o(.text.GPIO_SET_PP_OD)
    GPIO_SET_PU_PD                           0x08001055   Thumb Code   886  gpio_program.o(.text.GPIO_SET_PU_PD)
    GPIO_voidSetPinDirection                 0x080013cd   Thumb Code  1684  gpio_program.o(.text.GPIO_voidSetPinDirection)
    GPIO_voidSetPinValue                     0x08001a61   Thumb Code   342  gpio_program.o(.text.GPIO_voidSetPinValue)
    MDMA_VoidDMADisable                      0x08001bb9   Thumb Code    38  dma_program.o(.text.MDMA_VoidDMADisable)
    MNVIC_voidEnableInterrupt                0x08001be1   Thumb Code   104  nvic_program.o(.text.MNVIC_voidEnableInterrupt)
    MSTK_void_SysTick_Initialize             0x08001c49   Thumb Code    26  stk_program.o(.text.MSTK_void_SysTick_Initialize)
    PWM_Init                                 0x08001c65   Thumb Code   164  pwm_program.o(.text.PWM_Init)
    PWM_PinWrite                             0x08001d09   Thumb Code  1330  pwm_program.o(.text.PWM_PinWrite)
    RCC_voidEnableClock                      0x0800223d   Thumb Code    78  rcc_program.o(.text.RCC_voidEnableClock)
    RCC_voidInitSysClock                     0x0800228d   Thumb Code   112  rcc_program.o(.text.RCC_voidInitSysClock)
    SET_GPIO_SPEED                           0x080022fd   Thumb Code   838  gpio_program.o(.text.SET_GPIO_SPEED)
    Servo_VoidInit                           0x08002645   Thumb Code  1058  servo_program.o(.text.Servo_VoidInit)
    Servo_VoidWrite                          0x08002a69   Thumb Code   100  servo_program.o(.text.Servo_VoidWrite)
    SysTick_Handler                          0x08002b95   Thumb Code    16  stk_program.o(.text.SysTick_Handler)
    SystemInit                               0x08002ba5   Thumb Code    86  system_stm32f10x.o(.text.SystemInit)
    TIM2_IRQHandler                          0x08002bfd   Thumb Code    40  encoder_program.o(.text.TIM2_IRQHandler)
    TIM4_IRQHandler                          0x08002c25   Thumb Code    40  encoder_program.o(.text.TIM4_IRQHandler)
    TRIG_Mode                                0x08002c4d   Thumb Code   164  pwm_program.o(.text.TRIG_Mode)
    USART1_DMA_RECEIVE                       0x08002cf1   Thumb Code    42  usart_program.o(.text.USART1_DMA_RECEIVE)
    USART1_DMA_Receiver_Init                 0x08002d1d   Thumb Code    52  usart_program.o(.text.USART1_DMA_Receiver_Init)
    USART2_DMA_RECEIVE                       0x08002d51   Thumb Code    42  usart_program.o(.text.USART2_DMA_RECEIVE)
    USART2_DMA_Receiver_Init                 0x08002d7d   Thumb Code    52  usart_program.o(.text.USART2_DMA_Receiver_Init)
    USART2_DMA_Transmit                      0x08002db1   Thumb Code    72  usart_program.o(.text.USART2_DMA_Transmit)
    USART2_DMA_Transmit_Init                 0x08002df9   Thumb Code    52  usart_program.o(.text.USART2_DMA_Transmit_Init)
    USART3_DMA_RECEIVE                       0x08002e2d   Thumb Code    42  usart_program.o(.text.USART3_DMA_RECEIVE)
    USART3_DMA_Receiver_Init                 0x08002e59   Thumb Code    52  usart_program.o(.text.USART3_DMA_Receiver_Init)
    USART_Init                               0x08002e8d   Thumb Code   670  usart_program.o(.text.USART_Init)
    main                                     0x0800312d   Thumb Code   132  main.o(.text.main)
    __aeabi_dadd                             0x080031b1   Thumb Code     0  daddsub_clz.o(x$fpl$dadd)
    _dadd                                    0x080031b1   Thumb Code   332  daddsub_clz.o(x$fpl$dadd)
    __aeabi_ddiv                             0x08003301   Thumb Code     0  ddiv.o(x$fpl$ddiv)
    _ddiv                                    0x08003301   Thumb Code   552  ddiv.o(x$fpl$ddiv)
    __aeabi_d2uiz                            0x080035b1   Thumb Code     0  dfixu.o(x$fpl$dfixu)
    _dfixu                                   0x080035b1   Thumb Code    90  dfixu.o(x$fpl$dfixu)
    __aeabi_ui2d                             0x0800360b   Thumb Code     0  dflt_clz.o(x$fpl$dfltu)
    _dfltu                                   0x0800360b   Thumb Code    38  dflt_clz.o(x$fpl$dfltu)
    __aeabi_dmul                             0x08003631   Thumb Code     0  dmul.o(x$fpl$dmul)
    _dmul                                    0x08003631   Thumb Code   332  dmul.o(x$fpl$dmul)
    __fpl_dnaninf                            0x08003785   Thumb Code   156  dnaninf.o(x$fpl$dnaninf)
    __fpl_dretinf                            0x08003821   Thumb Code    12  dretinf.o(x$fpl$dretinf)
    __aeabi_dsub                             0x0800382d   Thumb Code     0  daddsub_clz.o(x$fpl$dsub)
    _dsub                                    0x0800382d   Thumb Code   464  daddsub_clz.o(x$fpl$dsub)
    Region$$Table$$Base                      0x08003a00   Number         0  anon$$obj.o(Region$$Table)
    __I$use$fp                               0x08003a00   Number         0  usenofp.o(x$fpl$usenofp)
    Region$$Table$$Limit                     0x08003a20   Number         0  anon$$obj.o(Region$$Table)
    TIM                                      0x20000000   Data          60  pwm_program.o(.data.TIM)
    __libspace_start                         0x20000040   Data          96  libspace.o(.bss)
    Elbow_Encoder                            0x200000a0   Data          20  main.o(.bss.Elbow_Encoder)
    __temporary_stack_top$libspace           0x200000a0   Data           0  libspace.o(.bss)
    Motor_States                             0x200000b4   Data          14  main.o(.bss.Motor_States)
    Recieved_Array_Comp                      0x200000c2   Data           1  main.o(.bss.Recieved_Array_Comp)
    Recieved_Array_EMG                       0x200000c3   Data           1  main.o(.bss.Recieved_Array_EMG)
    Recieved_Array_Palm                      0x200000c4   Data          10  main.o(.bss.Recieved_Array_Palm)
    Tim2_overflow                            0x200000d0   Data           4  encoder_program.o(.bss.Tim2_overflow)
    Tim4_overflow                            0x200000d4   Data           4  encoder_program.o(.bss.Tim4_overflow)
    Transmit_Array                           0x200000d8   Data           8  main.o(.bss.Transmit_Array)



==============================================================================

Memory Map of the image

  Image Entry point : 0x08000189

  Load Region LR_1 (Base: 0x08000000, Size: 0x00003a5c, Max: 0xffffffff, ABSOLUTE)

    Execution Region ER_RO (Exec base: 0x08000000, Load base: 0x08000000, Size: 0x00003a20, Max: 0xffffffff, ABSOLUTE)

    Exec Addr    Load Addr    Size         Type   Attr      Idx    E Section Name        Object

    0x08000000   0x08000000   0x000000ec   Data   RO          306    RESET               startup_stm32f10x_md.o
    0x080000ec   0x080000ec   0x00000008   Code   RO          337  * !!!main             c_w.l(__main.o)
    0x080000f4   0x080000f4   0x00000034   Code   RO          549    !!!scatter          c_w.l(__scatter.o)
    0x08000128   0x08000128   0x0000001a   Code   RO          551    !!handler_copy      c_w.l(__scatter_copy.o)
    0x08000142   0x08000142   0x00000002   PAD
    0x08000144   0x08000144   0x0000001c   Code   RO          553    !!handler_zi        c_w.l(__scatter_zi.o)
    0x08000160   0x08000160   0x00000002   Code   RO          413    .ARM.Collect$$libinit$$00000000  c_w.l(libinit.o)
    0x08000162   0x08000162   0x00000000   Code   RO          420    .ARM.Collect$$libinit$$00000002  c_w.l(libinit2.o)
    0x08000162   0x08000162   0x00000000   Code   RO          422    .ARM.Collect$$libinit$$00000004  c_w.l(libinit2.o)
    0x08000162   0x08000162   0x00000000   Code   RO          425    .ARM.Collect$$libinit$$0000000A  c_w.l(libinit2.o)
    0x08000162   0x08000162   0x00000000   Code   RO          427    .ARM.Collect$$libinit$$0000000C  c_w.l(libinit2.o)
    0x08000162   0x08000162   0x00000000   Code   RO          429    .ARM.Collect$$libinit$$0000000E  c_w.l(libinit2.o)
    0x08000162   0x08000162   0x00000000   Code   RO          432    .ARM.Collect$$libinit$$00000011  c_w.l(libinit2.o)
    0x08000162   0x08000162   0x00000000   Code   RO          434    .ARM.Collect$$libinit$$00000013  c_w.l(libinit2.o)
    0x08000162   0x08000162   0x00000000   Code   RO          436    .ARM.Collect$$libinit$$00000015  c_w.l(libinit2.o)
    0x08000162   0x08000162   0x00000000   Code   RO          438    .ARM.Collect$$libinit$$00000017  c_w.l(libinit2.o)
    0x08000162   0x08000162   0x00000000   Code   RO          440    .ARM.Collect$$libinit$$00000019  c_w.l(libinit2.o)
    0x08000162   0x08000162   0x00000000   Code   RO          442    .ARM.Collect$$libinit$$0000001B  c_w.l(libinit2.o)
    0x08000162   0x08000162   0x00000000   Code   RO          444    .ARM.Collect$$libinit$$0000001D  c_w.l(libinit2.o)
    0x08000162   0x08000162   0x00000000   Code   RO          446    .ARM.Collect$$libinit$$0000001F  c_w.l(libinit2.o)
    0x08000162   0x08000162   0x00000000   Code   RO          448    .ARM.Collect$$libinit$$00000021  c_w.l(libinit2.o)
    0x08000162   0x08000162   0x00000000   Code   RO          450    .ARM.Collect$$libinit$$00000023  c_w.l(libinit2.o)
    0x08000162   0x08000162   0x00000000   Code   RO          452    .ARM.Collect$$libinit$$00000025  c_w.l(libinit2.o)
    0x08000162   0x08000162   0x00000000   Code   RO          456    .ARM.Collect$$libinit$$0000002C  c_w.l(libinit2.o)
    0x08000162   0x08000162   0x00000000   Code   RO          458    .ARM.Collect$$libinit$$0000002E  c_w.l(libinit2.o)
    0x08000162   0x08000162   0x00000000   Code   RO          460    .ARM.Collect$$libinit$$00000030  c_w.l(libinit2.o)
    0x08000162   0x08000162   0x00000000   Code   RO          462    .ARM.Collect$$libinit$$00000032  c_w.l(libinit2.o)
    0x08000162   0x08000162   0x00000002   Code   RO          463    .ARM.Collect$$libinit$$00000033  c_w.l(libinit2.o)
    0x08000164   0x08000164   0x00000002   Code   RO          485    .ARM.Collect$$libshutdown$$00000000  c_w.l(libshutdown.o)
    0x08000166   0x08000166   0x00000000   Code   RO          500    .ARM.Collect$$libshutdown$$00000002  c_w.l(libshutdown2.o)
    0x08000166   0x08000166   0x00000000   Code   RO          502    .ARM.Collect$$libshutdown$$00000004  c_w.l(libshutdown2.o)
    0x08000166   0x08000166   0x00000000   Code   RO          505    .ARM.Collect$$libshutdown$$00000007  c_w.l(libshutdown2.o)
    0x08000166   0x08000166   0x00000000   Code   RO          508    .ARM.Collect$$libshutdown$$0000000A  c_w.l(libshutdown2.o)
    0x08000166   0x08000166   0x00000000   Code   RO          510    .ARM.Collect$$libshutdown$$0000000C  c_w.l(libshutdown2.o)
    0x08000166   0x08000166   0x00000000   Code   RO          513    .ARM.Collect$$libshutdown$$0000000F  c_w.l(libshutdown2.o)
    0x08000166   0x08000166   0x00000002   Code   RO          514    .ARM.Collect$$libshutdown$$00000010  c_w.l(libshutdown2.o)
    0x08000168   0x08000168   0x00000000   Code   RO          377    .ARM.Collect$$rtentry$$00000000  c_w.l(__rtentry.o)
    0x08000168   0x08000168   0x00000000   Code   RO          390    .ARM.Collect$$rtentry$$00000002  c_w.l(__rtentry2.o)
    0x08000168   0x08000168   0x00000006   Code   RO          402    .ARM.Collect$$rtentry$$00000004  c_w.l(__rtentry4.o)
    0x0800016e   0x0800016e   0x00000000   Code   RO          392    .ARM.Collect$$rtentry$$00000009  c_w.l(__rtentry2.o)
    0x0800016e   0x0800016e   0x00000004   Code   RO          393    .ARM.Collect$$rtentry$$0000000A  c_w.l(__rtentry2.o)
    0x08000172   0x08000172   0x00000000   Code   RO          395    .ARM.Collect$$rtentry$$0000000C  c_w.l(__rtentry2.o)
    0x08000172   0x08000172   0x00000008   Code   RO          396    .ARM.Collect$$rtentry$$0000000D  c_w.l(__rtentry2.o)
    0x0800017a   0x0800017a   0x00000002   Code   RO          417    .ARM.Collect$$rtexit$$00000000  c_w.l(rtexit.o)
    0x0800017c   0x0800017c   0x00000000   Code   RO          465    .ARM.Collect$$rtexit$$00000002  c_w.l(rtexit2.o)
    0x0800017c   0x0800017c   0x00000004   Code   RO          466    .ARM.Collect$$rtexit$$00000003  c_w.l(rtexit2.o)
    0x08000180   0x08000180   0x00000006   Code   RO          467    .ARM.Collect$$rtexit$$00000004  c_w.l(rtexit2.o)
    0x08000186   0x08000186   0x00000002   PAD
    0x08000188   0x08000188   0x00000040   Code   RO          307  * .text               startup_stm32f10x_md.o
    0x080001c8   0x080001c8   0x00000006   Code   RO          335    .text               c_w.l(heapauxi.o)
    0x080001ce   0x080001ce   0x0000004a   Code   RO          404    .text               c_w.l(sys_stackheap_outer.o)
    0x08000218   0x08000218   0x00000012   Code   RO          406    .text               c_w.l(exit.o)
    0x0800022a   0x0800022a   0x00000002   PAD
    0x0800022c   0x0800022c   0x00000008   Code   RO          414    .text               c_w.l(libspace.o)
    0x08000234   0x08000234   0x0000000c   Code   RO          475    .text               c_w.l(sys_exit.o)
    0x08000240   0x08000240   0x00000002   Code   RO          490    .text               c_w.l(use_no_semi.o)
    0x08000242   0x08000242   0x00000000   Code   RO          492    .text               c_w.l(indicate_semi.o)
    0x08000242   0x08000242   0x00000002   PAD
    0x08000244   0x08000244   0x00000282   Code   RO            2    .text.DC_VNH5019_init  dc_motor.o
    0x080004c6   0x080004c6   0x00000002   PAD
    0x080004c8   0x080004c8   0x0000002c   Code   RO          273    .text.DMA1_Channel2_IRQHandler  usart_program.o
    0x080004f4   0x080004f4   0x0000002c   Code   RO          275    .text.DMA1_Channel4_IRQHandler  usart_program.o
    0x08000520   0x08000520   0x0000002c   Code   RO          271    .text.DMA1_Channel7_IRQHandler  usart_program.o
    0x0800054c   0x0800054c   0x00000140   Code   RO           22    .text.DMA_SetConfig  dma_program.o
    0x0800068c   0x0800068c   0x0000002a   Code   RO           30    .text.DMA_VoidClearFlag  dma_program.o
    0x080006b6   0x080006b6   0x00000002   PAD
    0x080006b8   0x080006b8   0x00000068   Code   RO           36    .text.DMA_VoidConfigPriority  dma_program.o
    0x08000720   0x08000720   0x00000054   Code   RO           32    .text.DMA_VoidDMAEnable  dma_program.o
    0x08000774   0x08000774   0x0000002c   Code   RO           26    .text.DMA_VoidInerruptEnable  dma_program.o
    0x080007a0   0x080007a0   0x00000080   Code   RO           28    .text.DMA_VoidSetAddress  dma_program.o
    0x08000820   0x08000820   0x00000026   Code   RO           38    .text.DMA_VoidSetCircularMode  dma_program.o
    0x08000846   0x08000846   0x00000002   PAD
    0x08000848   0x08000848   0x0000000a   Code   RO           73    .text.ENCODER_Define  encoder_program.o
    0x08000852   0x08000852   0x00000002   PAD
    0x08000854   0x08000854   0x000001e0   Code   RO           71    .text.ENCODER_Init  encoder_program.o
    0x08000a34   0x08000a34   0x00000016   Code   RO          155    .text.ENC_ClearFlag  pwm_program.o
    0x08000a4a   0x08000a4a   0x00000002   PAD
    0x08000a4c   0x08000a4c   0x0000001e   Code   RO          149    .text.ENC_GetCNT    pwm_program.o
    0x08000a6a   0x08000a6a   0x00000002   PAD
    0x08000a6c   0x08000a6c   0x00000096   Code   RO          145    .text.ENC_Mode      pwm_program.o
    0x08000b02   0x08000b02   0x00000002   PAD
    0x08000b04   0x08000b04   0x00000058   Code   RO          289    .text.Elbow_Initialize  main.o
    0x08000b5c   0x08000b5c   0x000001ea   Code   RO          287    .text.Elbow_Map_Motion  main.o
    0x08000d46   0x08000d46   0x00000002   PAD
    0x08000d48   0x08000d48   0x0000030a   Code   RO           99    .text.GPIO_SET_PP_OD  gpio_program.o
    0x08001052   0x08001052   0x00000002   PAD
    0x08001054   0x08001054   0x00000376   Code   RO          101    .text.GPIO_SET_PU_PD  gpio_program.o
    0x080013ca   0x080013ca   0x00000002   PAD
    0x080013cc   0x080013cc   0x00000694   Code   RO           95    .text.GPIO_voidSetPinDirection  gpio_program.o
    0x08001a60   0x08001a60   0x00000156   Code   RO          103    .text.GPIO_voidSetPinValue  gpio_program.o
    0x08001bb6   0x08001bb6   0x00000002   PAD
    0x08001bb8   0x08001bb8   0x00000026   Code   RO           24    .text.MDMA_VoidDMADisable  dma_program.o
    0x08001bde   0x08001bde   0x00000002   PAD
    0x08001be0   0x08001be0   0x00000068   Code   RO          115    .text.MNVIC_voidEnableInterrupt  nvic_program.o
    0x08001c48   0x08001c48   0x0000001a   Code   RO          192    .text.MSTK_void_SysTick_Initialize  stk_program.o
    0x08001c62   0x08001c62   0x00000002   PAD
    0x08001c64   0x08001c64   0x000000a4   Code   RO          135    .text.PWM_Init      pwm_program.o
    0x08001d08   0x08001d08   0x00000532   Code   RO          137    .text.PWM_PinWrite  pwm_program.o
    0x0800223a   0x0800223a   0x00000002   PAD
    0x0800223c   0x0800223c   0x0000004e   Code   RO          168    .text.RCC_voidEnableClock  rcc_program.o
    0x0800228a   0x0800228a   0x00000002   PAD
    0x0800228c   0x0800228c   0x00000070   Code   RO          166    .text.RCC_voidInitSysClock  rcc_program.o
    0x080022fc   0x080022fc   0x00000346   Code   RO           97    .text.SET_GPIO_SPEED  gpio_program.o
    0x08002642   0x08002642   0x00000002   PAD
    0x08002644   0x08002644   0x00000422   Code   RO          180    .text.Servo_VoidInit  servo_program.o
    0x08002a66   0x08002a66   0x00000002   PAD
    0x08002a68   0x08002a68   0x00000064   Code   RO          182    .text.Servo_VoidWrite  servo_program.o
    0x08002acc   0x08002acc   0x00000008   Code   RO          316    .text.SetSysClock   system_stm32f10x.o
    0x08002ad4   0x08002ad4   0x000000be   Code   RO          320    .text.SetSysClockTo72  system_stm32f10x.o
    0x08002b92   0x08002b92   0x00000002   PAD
    0x08002b94   0x08002b94   0x00000010   Code   RO          194    .text.SysTick_Handler  stk_program.o
    0x08002ba4   0x08002ba4   0x00000056   Code   RO          314    .text.SystemInit    system_stm32f10x.o
    0x08002bfa   0x08002bfa   0x00000002   PAD
    0x08002bfc   0x08002bfc   0x00000028   Code   RO           77    .text.TIM2_IRQHandler  encoder_program.o
    0x08002c24   0x08002c24   0x00000028   Code   RO           81    .text.TIM4_IRQHandler  encoder_program.o
    0x08002c4c   0x08002c4c   0x000000a4   Code   RO          153    .text.TRIG_Mode     pwm_program.o
    0x08002cf0   0x08002cf0   0x0000002a   Code   RO          263    .text.USART1_DMA_RECEIVE  usart_program.o
    0x08002d1a   0x08002d1a   0x00000002   PAD
    0x08002d1c   0x08002d1c   0x00000034   Code   RO          253    .text.USART1_DMA_Receiver_Init  usart_program.o
    0x08002d50   0x08002d50   0x0000002a   Code   RO          259    .text.USART2_DMA_RECEIVE  usart_program.o
    0x08002d7a   0x08002d7a   0x00000002   PAD
    0x08002d7c   0x08002d7c   0x00000034   Code   RO          255    .text.USART2_DMA_Receiver_Init  usart_program.o
    0x08002db0   0x08002db0   0x00000048   Code   RO          267    .text.USART2_DMA_Transmit  usart_program.o
    0x08002df8   0x08002df8   0x00000034   Code   RO          249    .text.USART2_DMA_Transmit_Init  usart_program.o
    0x08002e2c   0x08002e2c   0x0000002a   Code   RO          261    .text.USART3_DMA_RECEIVE  usart_program.o
    0x08002e56   0x08002e56   0x00000002   PAD
    0x08002e58   0x08002e58   0x00000034   Code   RO          257    .text.USART3_DMA_Receiver_Init  usart_program.o
    0x08002e8c   0x08002e8c   0x0000029e   Code   RO          227    .text.USART_Init    usart_program.o
    0x0800312a   0x0800312a   0x00000002   PAD
    0x0800312c   0x0800312c   0x00000084   Code   RO          285    .text.main          main.o
    0x080031b0   0x080031b0   0x00000150   Code   RO          339    x$fpl$dadd          fz_ws.l(daddsub_clz.o)
    0x08003300   0x08003300   0x000002b0   Code   RO          346    x$fpl$ddiv          fz_ws.l(ddiv.o)
    0x080035b0   0x080035b0   0x0000005a   Code   RO          353    x$fpl$dfixu         fz_ws.l(dfixu.o)
    0x0800360a   0x0800360a   0x00000026   Code   RO          357    x$fpl$dfltu         fz_ws.l(dflt_clz.o)
    0x08003630   0x08003630   0x00000154   Code   RO          363    x$fpl$dmul          fz_ws.l(dmul.o)
    0x08003784   0x08003784   0x0000009c   Code   RO          380    x$fpl$dnaninf       fz_ws.l(dnaninf.o)
    0x08003820   0x08003820   0x0000000c   Code   RO          382    x$fpl$dretinf       fz_ws.l(dretinf.o)
    0x0800382c   0x0800382c   0x000001d4   Code   RO          341    x$fpl$dsub          fz_ws.l(daddsub_clz.o)
    0x08003a00   0x08003a00   0x00000000   Code   RO          388    x$fpl$usenofp       fz_ws.l(usenofp.o)
    0x08003a00   0x08003a00   0x00000020   Data   RO          548    Region$$Table       anon$$obj.o


    Execution Region ER_RW (Exec base: 0x20000000, Load base: 0x08003a20, Size: 0x0000003c, Max: 0xffffffff, ABSOLUTE)

    Exec Addr    Load Addr    Size         Type   Attr      Idx    E Section Name        Object

    0x20000000   0x08003a20   0x0000003c   Data   RW          157    .data.TIM           pwm_program.o


    Execution Region ER_ZI (Exec base: 0x20000040, Load base: 0x08003a5c, Size: 0x000006a8, Max: 0xffffffff, ABSOLUTE)

    Exec Addr    Load Addr    Size         Type   Attr      Idx    E Section Name        Object

    0x20000040        -       0x00000060   Zero   RW          415    .bss                c_w.l(libspace.o)
    0x200000a0        -       0x00000014   Zero   RW          296    .bss.Elbow_Encoder  main.o
    0x200000b4        -       0x0000000e   Zero   RW          291    .bss.Motor_States   main.o
    0x200000c2        -       0x00000001   Zero   RW          294    .bss.Recieved_Array_Comp  main.o
    0x200000c3        -       0x00000001   Zero   RW          293    .bss.Recieved_Array_EMG  main.o
    0x200000c4        -       0x0000000a   Zero   RW          295    .bss.Recieved_Array_Palm  main.o
    0x200000ce   0x08003a5c   0x00000002   PAD
    0x200000d0        -       0x00000004   Zero   RW           84    .bss.Tim2_overflow  encoder_program.o
    0x200000d4        -       0x00000004   Zero   RW           86    .bss.Tim4_overflow  encoder_program.o
    0x200000d8        -       0x00000008   Zero   RW          292    .bss.Transmit_Array  main.o
    0x200000e0        -       0x00000004   Zero   RW          218    .bss.ptr_interr     stk_program.o
    0x200000e4   0x08003a5c   0x00000004   PAD
    0x200000e8        -       0x00000200   Zero   RW          305    HEAP                startup_stm32f10x_md.o
    0x200002e8        -       0x00000400   Zero   RW          304    STACK               startup_stm32f10x_md.o


==============================================================================

Image component sizes


      Code (inc. data)   RO Data    RW Data    ZI Data      Debug   Object Name

       642          0          0          0          0       3470   dc_motor.o
       798          0          0          0          0       5714   dma_program.o
       570          8          0          0          8       2720   encoder_program.o
      4528        176          0          0          0      10205   gpio_program.o
       710         14          0          0         54       1550   main.o
       104          0          0          0          0       2781   nvic_program.o
      1860        204          0         60          0       5349   pwm_program.o
       190          0          0          0          0       1220   rcc_program.o
      1158        204          0          0          0       1880   servo_program.o
        64         26        236          0       1536        920   startup_stm32f10x_md.o
        42          0          0          0          4       3180   stk_program.o
       284          0          0          0          0       2910   system_stm32f10x.o
      1208          0          0          0          0       5141   usart_program.o

    ----------------------------------------------------------------------
     12204        632        268         60       1608      47040   Object Totals
         0          0         32          0          0          0   (incl. Generated)
        46          0          0          0          6          0   (incl. Padding)

    ----------------------------------------------------------------------

      Code (inc. data)   RO Data    RW Data    ZI Data      Debug   Library Member Name

         8          0          0          0          0         68   __main.o
         0          0          0          0          0          0   __rtentry.o
        12          0          0          0          0          0   __rtentry2.o
         6          0          0          0          0          0   __rtentry4.o
        52          8          0          0          0          0   __scatter.o
        26          0          0          0          0          0   __scatter_copy.o
        28          0          0          0          0          0   __scatter_zi.o
        18          0          0          0          0         80   exit.o
         6          0          0          0          0        152   heapauxi.o
         0          0          0          0          0          0   indicate_semi.o
         2          0          0          0          0          0   libinit.o
         2          0          0          0          0          0   libinit2.o
         2          0          0          0          0          0   libshutdown.o
         2          0          0          0          0          0   libshutdown2.o
         8          4          0          0         96         68   libspace.o
         2          0          0          0          0          0   rtexit.o
        10          0          0          0          0          0   rtexit2.o
        12          4          0          0          0         68   sys_exit.o
        74          0          0          0          0         80   sys_stackheap_outer.o
         2          0          0          0          0         68   use_no_semi.o
       804         16          0          0          0        280   daddsub_clz.o
       688        140          0          0          0        216   ddiv.o
        90          4          0          0          0         92   dfixu.o
        38          0          0          0          0         68   dflt_clz.o
       340         12          0          0          0        104   dmul.o
       156          4          0          0          0         92   dnaninf.o
        12          0          0          0          0         68   dretinf.o
         0          0          0          0          0          0   usenofp.o

    ----------------------------------------------------------------------
      2408        192          0          0         96       1504   Library Totals
         8          0          0          0          0          0   (incl. Padding)

    ----------------------------------------------------------------------

      Code (inc. data)   RO Data    RW Data    ZI Data      Debug   Library Name

       272         16          0          0         96        584   c_w.l
      2128        176          0          0          0        920   fz_ws.l

    ----------------------------------------------------------------------
      2408        192          0          0         96       1504   Library Totals

    ----------------------------------------------------------------------

==============================================================================


      Code (inc. data)   RO Data    RW Data    ZI Data      Debug   

     14612        824        268         60       1704      47844   Grand Totals
     14612        824        268         60       1704      47844   ELF Image Totals
     14612        824        268         60          0          0   ROM Totals

==============================================================================

    Total RO  Size (Code + RO Data)                14880 (  14.53kB)
    Total RW  Size (RW Data + ZI Data)              1764 (   1.72kB)
    Total ROM Size (Code + RO Data + RW Data)      14940 (  14.59kB)

==============================================================================

