Component: ARM Compiler 6.15 Tool: armlink [5dd79300]

==============================================================================

Section Cross References

    main.o(.text.main) refers to rcc_program.o(.text.RCC_voidInitSysClock) for RCC_voidInitSysClock
    main.o(.text.main) refers to himu_program.o(.text.HIMU_VoidSetUp) for HIMU_VoidSetUp
    main.o(.text.main) refers to himu_program.o(.text.HIMU_VoidReading) for HIMU_VoidReading
    main.o(.text.main) refers to himu_program.o(.text.HIMU_U16GetYaw) for HIMU_U16GetYaw
    main.o(.ARM.exidx.text.main) refers to main.o(.text.main) for [Anonymous Symbol]
    mdma_program.o(.text.MDMA_voidChannelInit) refers to rcc_program.o(.text.RCC_voidEnableClock) for RCC_voidEnableClock
    mdma_program.o(.ARM.exidx.text.MDMA_voidChannelInit) refers to mdma_program.o(.text.MDMA_voidChannelInit) for [Anonymous Symbol]
    mdma_program.o(.ARM.exidx.text.DMA_StartTransfer) refers to mdma_program.o(.text.DMA_StartTransfer) for [Anonymous Symbol]
    mdma_program.o(.text.DMA_SetConfig) refers to rcc_program.o(.text.RCC_voidEnableClock) for RCC_voidEnableClock
    mdma_program.o(.ARM.exidx.text.DMA_SetConfig) refers to mdma_program.o(.text.DMA_SetConfig) for [Anonymous Symbol]
    mdma_program.o(.ARM.exidx.text.MDMA_VoidDMADisable) refers to mdma_program.o(.text.MDMA_VoidDMADisable) for [Anonymous Symbol]
    mdma_program.o(.ARM.exidx.text.DMA_VoidInerruptEnable) refers to mdma_program.o(.text.DMA_VoidInerruptEnable) for [Anonymous Symbol]
    mdma_program.o(.ARM.exidx.text.DMA_VoidSetAddress) refers to mdma_program.o(.text.DMA_VoidSetAddress) for [Anonymous Symbol]
    mdma_program.o(.ARM.exidx.text.DMA_VoidClearFlag) refers to mdma_program.o(.text.DMA_VoidClearFlag) for [Anonymous Symbol]
    mdma_program.o(.text.DMA_VoidDMAEnable) refers to mdma_program.o(.text.DMA_VoidClearFlag) for DMA_VoidClearFlag
    mdma_program.o(.ARM.exidx.text.DMA_VoidDMAEnable) refers to mdma_program.o(.text.DMA_VoidDMAEnable) for [Anonymous Symbol]
    mdma_program.o(.ARM.exidx.text.DMA_VoidSelectChannel) refers to mdma_program.o(.text.DMA_VoidSelectChannel) for [Anonymous Symbol]
    mdma_program.o(.ARM.exidx.text.DMA_u8GetFlag) refers to mdma_program.o(.text.DMA_u8GetFlag) for [Anonymous Symbol]
    mdma_program.o(.ARM.exidx.text.DMA_VoidConfigPriority) refers to mdma_program.o(.text.DMA_VoidConfigPriority) for [Anonymous Symbol]
    mdma_program.o(.ARM.exidx.text.DMA_VoidSetCircularMode) refers to mdma_program.o(.text.DMA_VoidSetCircularMode) for [Anonymous Symbol]
    mdma_program.o(.ARM.exidx.text.DMA_VoidConfigBurstTransfer) refers to mdma_program.o(.text.DMA_VoidConfigBurstTransfer) for [Anonymous Symbol]
    mdma_program.o(.ARM.exidx.text.DMA_VoidPeripheralFlowController) refers to mdma_program.o(.text.DMA_VoidPeripheralFlowController) for [Anonymous Symbol]
    mdma_program.o(.ARM.exidx.text.DMA_VoidEnableFifoInt) refers to mdma_program.o(.text.DMA_VoidEnableFifoInt) for [Anonymous Symbol]
    mdma_program.o(.ARM.exidx.text.DMA_VoidSelectFifoThreshold) refers to mdma_program.o(.text.DMA_VoidSelectFifoThreshold) for [Anonymous Symbol]
    mdma_program.o(.ARM.exidx.text.DMA_VoidSetDoubleBufferMODE) refers to mdma_program.o(.text.DMA_VoidSetDoubleBufferMODE) for [Anonymous Symbol]
    mdma_program.o(.text.MDMA_VidSetCallBack_I2C3_RX) refers to mdma_program.o(.bss.DMA_CallBack_I2C3_RX) for DMA_CallBack_I2C3_RX
    mdma_program.o(.ARM.exidx.text.MDMA_VidSetCallBack_I2C3_RX) refers to mdma_program.o(.text.MDMA_VidSetCallBack_I2C3_RX) for [Anonymous Symbol]
    mdma_program.o(.text.DMA1_I2C3_RX_IRQHandler) refers to mdma_program.o(.bss.DMA_CallBack_I2C3_RX) for DMA_CallBack_I2C3_RX
    mdma_program.o(.text.DMA1_I2C3_RX_IRQHandler) refers to mdma_program.o(.text.DMA_VoidClearFlag) for DMA_VoidClearFlag
    mdma_program.o(.ARM.exidx.text.DMA1_I2C3_RX_IRQHandler) refers to mdma_program.o(.text.DMA1_I2C3_RX_IRQHandler) for [Anonymous Symbol]
    mdma_program.o(.text.MDMA_VidSetCallBack_I2C2_RX) refers to mdma_program.o(.bss.DMA_CallBack_I2C2_RX) for DMA_CallBack_I2C2_RX
    mdma_program.o(.ARM.exidx.text.MDMA_VidSetCallBack_I2C2_RX) refers to mdma_program.o(.text.MDMA_VidSetCallBack_I2C2_RX) for [Anonymous Symbol]
    mdma_program.o(.text.DMA1_I2C2_RX_IRQHandler) refers to mdma_program.o(.bss.DMA_CallBack_I2C2_RX) for DMA_CallBack_I2C2_RX
    mdma_program.o(.text.DMA1_I2C2_RX_IRQHandler) refers to mdma_program.o(.text.DMA_VoidClearFlag) for DMA_VoidClearFlag
    mdma_program.o(.ARM.exidx.text.DMA1_I2C2_RX_IRQHandler) refers to mdma_program.o(.text.DMA1_I2C2_RX_IRQHandler) for [Anonymous Symbol]
    mdma_program.o(.text.MDMA_VidSetCallBack_I2C3_TX) refers to mdma_program.o(.bss.DMA_CallBack_I2C3_TX) for DMA_CallBack_I2C3_TX
    mdma_program.o(.ARM.exidx.text.MDMA_VidSetCallBack_I2C3_TX) refers to mdma_program.o(.text.MDMA_VidSetCallBack_I2C3_TX) for [Anonymous Symbol]
    mdma_program.o(.text.DMA1_I2C3_TX_IRQHandler) refers to mdma_program.o(.bss.DMA_CallBack_I2C3_TX) for DMA_CallBack_I2C3_TX
[...]
    Removing himu_program.o(.ARM.exidx.text.HIMU_VoidDmpGetYawPitchRoll), (8 bytes).
    Removing himu_program.o(.ARM.exidx.text.HIMU_VoidDmpConfig_ResetFifo), (8 bytes).
    Removing himu_program.o(.ARM.exidx.text.HIMU_VoidSetUp), (8 bytes).
    Removing himu_program.o(.ARM.exidx.text.HIMU_VoidReading), (8 bytes).
    Removing himu_program.o(.ARM.exidx.text.HIMU_U16GetYaw), (8 bytes).
    Removing himu_program.o(.text.HIMU_U16GetPitch), (12 bytes).
    Removing himu_program.o(.ARM.exidx.text.HIMU_U16GetPitch), (8 bytes).
    Removing himu_program.o(.text.HIMU_U16GetRoll), (12 bytes).
    Removing himu_program.o(.ARM.exidx.text.HIMU_U16GetRoll), (8 bytes).
    Removing himu_program.o(.bss.GRAVITY), (8 bytes).
    Removing exti_program.o(.text), (0 bytes).
    Removing exti_program.o(.text.MEXTI_voidInit), (26 bytes).
    Removing exti_program.o(.ARM.exidx.text.MEXTI_voidInit), (8 bytes).
    Removing exti_program.o(.text.MEXTI_voidEnableEXTI), (22 bytes).
    Removing exti_program.o(.ARM.exidx.text.MEXTI_voidEnableEXTI), (8 bytes).
    Removing exti_program.o(.text.MEXTI_voidDisableEXTI), (24 bytes).
    Removing exti_program.o(.ARM.exidx.text.MEXTI_voidDisableEXTI), (8 bytes).
    Removing exti_program.o(.text.MEXTI_voidSwTrigger), (36 bytes).
    Removing exti_program.o(.ARM.exidx.text.MEXTI_voidSwTrigger), (8 bytes).
    Removing exti_program.o(.text.MEXTI_voidSetSignalLatch), (88 bytes).
    Removing exti_program.o(.ARM.exidx.text.MEXTI_voidSetSignalLatch), (8 bytes).
    Removing exti_program.o(.ARM.exidx.text.MEXTI_voidSetCallBack), (8 bytes).
    Removing exti_program.o(.ARM.exidx.text.EXTI15_10_IRQHandler), (8 bytes).
    Removing system_stm32f4xx.o(.text), (0 bytes).
    Removing system_stm32f4xx.o(.ARM.exidx.text.SystemInit), (8 bytes).
    Removing system_stm32f4xx.o(.text.SystemCoreClockUpdate), (126 bytes).
    Removing system_stm32f4xx.o(.ARM.exidx.text.SystemCoreClockUpdate), (8 bytes).
    Removing system_stm32f4xx.o(.data.SystemCoreClock), (4 bytes).
    Removing system_stm32f4xx.o(.rodata.AHBPrescTable), (16 bytes).
    Removing system_stm32f4xx.o(.rodata.APBPrescTable), (8 bytes).

258 unused section(s) (total 10080 bytes) removed from the image.

==============================================================================

Image Symbol Table

    Local Symbols

    Symbol Name                              Value     Ov Type        Size  Object(Section)

    ../clib/angel/boardlib.s                 0x00000000   Number         0  boardinit1.o ABSOLUTE
    ../clib/angel/boardlib.s                 0x00000000   Number         0  boardinit2.o ABSOLUTE
    ../clib/angel/boardlib.s                 0x00000000   Number         0  boardinit3.o ABSOLUTE
    ../clib/angel/boardlib.s                 0x00000000   Number         0  boardshut.o ABSOLUTE
    ../clib/angel/handlers.s                 0x00000000   Number         0  __scatter_copy.o ABSOLUTE
    ../clib/angel/handlers.s                 0x00000000   Number         0  __scatter_zi.o ABSOLUTE
    ../clib/angel/kernel.s                   0x00000000   Number         0  __rtentry.o ABSOLUTE
    ../clib/angel/kernel.s                   0x00000000   Number         0  __rtentry2.o ABSOLUTE
    ../clib/angel/kernel.s                   0x00000000   Number         0  __rtentry4.o ABSOLUTE
    ../clib/angel/kernel.s                   0x00000000   Number         0  rtexit.o ABSOLUTE
    ../clib/angel/kernel.s                   0x00000000   Number         0  rtexit2.o ABSOLUTE
    ../clib/angel/rt.s                       0x00000000   Number         0  rt_errno_addr.o ABSOLUTE
    ../clib/angel/rt.s                       0x00000000   Number         0  rt_errno_addr_intlibspace.o ABSOLUTE
    ../clib/angel/rt.s                       0x00000000   Number         0  rt_raise.o ABSOLUTE
    ../clib/angel/scatter.s                  0x00000000   Number         0  __scatter.o ABSOLUTE
    ../clib/angel/startup.s                  0x00000000   Number         0  __main.o ABSOLUTE
    ../clib/angel/sys.s                      0x00000000   Number         0  libspace.o ABSOLUTE
    ../clib/angel/sys.s                      0x00000000   Number         0  sys_stackheap_outer.o ABSOLUTE
    ../clib/angel/sys.s                      0x00000000   Number         0  use_no_semi.o ABSOLUTE
    ../clib/angel/sys.s                      0x00000000   Number         0  indicate_semi.o ABSOLUTE
    ../clib/angel/sysapp.c                   0x00000000   Number         0  sys_exit.o ABSOLUTE
    ../clib/angel/sysapp.c                   0x00000000   Number         0  sys_exit_hlt.o ABSOLUTE
    ../clib/angel/sysapp.c                   0x00000000   Number         0  sys_command.o ABSOLUTE
    ../clib/angel/sysapp.c                   0x00000000   Number         0  sys_command_hlt.o ABSOLUTE
    ../clib/angel/sysapp.c                   0x00000000   Number         0  sys_wrch.o ABSOLUTE
    ../clib/angel/sysapp.c                   0x00000000   Number         0  sys_wrch_hlt.o ABSOLUTE
    ../clib/armsys.c                         0x00000000   Number         0  argv_veneer.o ABSOLUTE
    ../clib/armsys.c                         0x00000000   Number         0  argv_veneer.o ABSOLUTE
    ../clib/armsys.c                         0x00000000   Number         0  _get_argv_nomalloc.o ABSOLUTE
    ../clib/armsys.c                         0x00000000   Number         0  no_argv.o ABSOLUTE
    ../clib/fenv.c                           0x00000000   Number         0  _rserrno.o ABSOLUTE
    ../clib/heapalloc.c                      0x00000000   Number         0  hrguard.o ABSOLUTE
    ../clib/heapaux.c                        0x00000000   Number         0  heapauxi.o ABSOLUTE
    ../clib/libinit.s                        0x00000000   Number         0  libinit.o ABSOLUTE
    ../clib/libinit.s                        0x00000000   Number         0  libinit2.o ABSOLUTE
    ../clib/libinit.s                        0x00000000   Number         0  libshutdown.o ABSOLUTE
    ../clib/libinit.s                        0x00000000   Number         0  libshutdown2.o ABSOLUTE
    ../clib/signal.c                         0x00000000   Number         0  defsig_rtmem_outer.o ABSOLUTE
    ../clib/signal.c                         0x00000000   Number         0  defsig_rtmem_formal.o ABSOLUTE
    ../clib/signal.c                         0x00000000   Number         0  defsig_exit.o ABSOLUTE
    ../clib/signal.c                         0x00000000   Number         0  defsig_rtmem_inner.o ABSOLUTE
    ../clib/signal.c                         0x00000000   Number         0  __raise.o ABSOLUTE
    ../clib/signal.c                         0x00000000   Number         0  defsig_general.o ABSOLUTE
    ../clib/signal.c                         0x00000000   Number         0  defsig_abrt_inner.o ABSOLUTE
    ../clib/signal.c                         0x00000000   Number         0  defsig_fpe_inner.o ABSOLUTE
    ../clib/signal.c                         0x00000000   Number         0  defsig_rtred_inner.o ABSOLUTE
    ../clib/signal.c                         0x00000000   Number         0  defsig_stak_inner.o ABSOLUTE
    ../clib/signal.c                         0x00000000   Number         0  defsig_pvfn_inner.o ABSOLUTE
    ../clib/signal.c                         0x00000000   Number         0  defsig_cppl_inner.o ABSOLUTE
    ../clib/signal.c                         0x00000000   Number         0  defsig_segv_inner.o ABSOLUTE
    ../clib/signal.c                         0x00000000   Number         0  defsig_other.o ABSOLUTE
    ../clib/signal.s                         0x00000000   Number         0  defsig.o ABSOLUTE
    ../clib/stdlib.c                         0x00000000   Number         0  exit.o ABSOLUTE
    ../fplib/basic.s                         0x00000000   Number         0  basic.o ABSOLUTE
    ../fplib/daddsub.s                       0x00000000   Number         0  daddsub_clz.o ABSOLUTE
    ../fplib/dcmpi.s                         0x00000000   Number         0  dcmpi.o ABSOLUTE
    ../fplib/ddiv.s                          0x00000000   Number         0  ddiv.o ABSOLUTE
    ../fplib/deqf.s                          0x00000000   Number         0  deqf.o ABSOLUTE
    ../fplib/dfix.s                          0x00000000   Number         0  dfix.o ABSOLUTE
    ../fplib/dfixull.s                       0x00000000   Number         0  dfixull.o ABSOLUTE
    ../fplib/dflt.s                          0x00000000   Number         0  dflt_clz.o ABSOLUTE
    ../fplib/dfltll.s                        0x00000000   Number         0  dfltll_clz.o ABSOLUTE
    ../fplib/dmul.s                          0x00000000   Number         0  dmul.o ABSOLUTE
    ../fplib/dnaninf.s                       0x00000000   Number         0  dnaninf.o ABSOLUTE
    ../fplib/dretinf.s                       0x00000000   Number         0  dretinf.o ABSOLUTE
    ../fplib/dsqrt.s                         0x00000000   Number         0  dsqrt_umaal.o ABSOLUTE
    ../fplib/fpinit.s                        0x00000000   Number         0  fpinit.o ABSOLUTE
    ../fplib/usenofp.s                       0x00000000   Number         0  usenofp.o ABSOLUTE
    ../mathlib/atan.c                        0x00000000   Number         0  atan.o ABSOLUTE
    ../mathlib/atan2.c                       0x00000000   Number         0  atan2.o ABSOLUTE
    ../mathlib/dunder.c                      0x00000000   Number         0  dunder.o ABSOLUTE
    ../mathlib/fabs.c                        0x00000000   Number         0  fabs.o ABSOLUTE
    ../mathlib/fpclassify.c                  0x00000000   Number         0  fpclassify.o ABSOLUTE
    ../mathlib/poly.c                        0x00000000   Number         0  poly.o ABSOLUTE
    ../mathlib/qnan.c                        0x00000000   Number         0  qnan.o ABSOLUTE
    ../mathlib/sqrt.c                        0x00000000   Number         0  sqrt.o ABSOLUTE
    ADC_program.c                            0x00000000   Number         0  adc_program.o ABSOLUTE
    ENCODER_program.c                        0x00000000   Number         0  encoder_program.o ABSOLUTE
    EXTI_program.c                           0x00000000   Number         0  exti_program.o ABSOLUTE
    GPIO_program.c                           0x00000000   Number         0  gpio_program.o ABSOLUTE
    HIMU_program.c                           0x00000000   Number         0  himu_program.o ABSOLUTE
    MDMA_program.c                           0x00000000   Number         0  mdma_program.o ABSOLUTE
    MI2C_program.c                           0x00000000   Number         0  mi2c_program.o ABSOLUTE
    NVIC_program.c                           0x00000000   Number         0  nvic_program.o ABSOLUTE
    PWM_program.c                            0x00000000   Number         0  pwm_program.o ABSOLUTE
    RCC_program.c                            0x00000000   Number         0  rcc_program.o ABSOLUTE
    RTE/Device/STM32F446RETx/startup_stm32f446xx.s 0x00000000   Number         0  startup_stm32f446xx.o ABSOLUTE
    STK_Program.c                            0x00000000   Number         0  stk_program.o ABSOLUTE
    Temp_program.c                           0x00000000   Number         0  temp_program.o ABSOLUTE
    USART_program.c                          0x00000000   Number         0  usart_program.o ABSOLUTE
    dc.s                                     0x00000000   Number         0  dc.o ABSOLUTE
    main.c                                   0x00000000   Number         0  main.o ABSOLUTE
    system_stm32f4xx.c                       0x00000000   Number         0  system_stm32f4xx.o ABSOLUTE
    RESET                                    0x08000000   Section      452  startup_stm32f446xx.o(RESET)
    !!!main                                  0x080001c4   Section        8  __main.o(!!!main)
    !!!scatter                               0x080001cc   Section       52  __scatter.o(!!!scatter)
    !!handler_copy                           0x08000200   Section       26  __scatter_copy.o(!!handler_copy)
    !!handler_zi                             0x0800021c   Section       28  __scatter_zi.o(!!handler_zi)
    .ARM.Collect$$libinit$$00000000          0x08000238   Section        2  libinit.o(.ARM.Collect$$libinit$$00000000)
    .ARM.Collect$$libinit$$00000001          0x0800023a   Section        4  libinit2.o(.ARM.Collect$$libinit$$00000001)
    .ARM.Collect$$libinit$$00000004          0x0800023e   Section        0  libinit2.o(.ARM.Collect$$libinit$$00000004)
    .ARM.Collect$$libinit$$0000000A          0x0800023e   Section        0  libinit2.o(.ARM.Collect$$libinit$$0000000A)
    .ARM.Collect$$libinit$$0000000C          0x0800023e   Section        0  libinit2.o(.ARM.Collect$$libinit$$0000000C)
    .ARM.Collect$$libinit$$0000000E          0x0800023e   Section        0  libinit2.o(.ARM.Collect$$libinit$$0000000E)
    .ARM.Collect$$libinit$$00000011          0x0800023e   Section        0  libinit2.o(.ARM.Collect$$libinit$$00000011)
    .ARM.Collect$$libinit$$00000013          0x0800023e   Section        0  libinit2.o(.ARM.Collect$$libinit$$00000013)
    .ARM.Collect$$libinit$$00000015          0x0800023e   Section        0  libinit2.o(.ARM.Collect$$libinit$$00000015)
    .ARM.Collect$$libinit$$00000017          0x0800023e   Section        0  libinit2.o(.ARM.Collect$$libinit$$00000017)
    .ARM.Collect$$libinit$$00000019          0x0800023e   Section        0  libinit2.o(.ARM.Collect$$libinit$$00000019)
    .ARM.Collect$$libinit$$0000001B          0x0800023e   Section        0  libinit2.o(.ARM.Collect$$libinit$$0000001B)
    .ARM.Collect$$libinit$$0000001D          0x0800023e   Section        0  libinit2.o(.ARM.Collect$$libinit$$0000001D)
    .ARM.Collect$$libinit$$0000001F          0x0800023e   Section        0  libinit2.o(.ARM.Collect$$libinit$$0000001F)
    .ARM.Collect$$libinit$$00000021          0x0800023e   Section        0  libinit2.o(.ARM.Collect$$libinit$$00000021)
    .ARM.Collect$$libinit$$00000023          0x0800023e   Section        0  libinit2.o(.ARM.Collect$$libinit$$00000023)
    .ARM.Collect$$libinit$$00000025          0x0800023e   Section        0  libinit2.o(.ARM.Collect$$libinit$$00000025)
    .ARM.Collect$$libinit$$0000002C          0x0800023e   Section        0  libinit2.o(.ARM.Collect$$libinit$$0000002C)
    .ARM.Collect$$libinit$$0000002E          0x0800023e   Section        0  libinit2.o(.ARM.Collect$$libinit$$0000002E)
    .ARM.Collect$$libinit$$00000030          0x0800023e   Section        0  libinit2.o(.ARM.Collect$$libinit$$00000030)
    .ARM.Collect$$libinit$$00000032          0x0800023e   Section        0  libinit2.o(.ARM.Collect$$libinit$$00000032)
    .ARM.Collect$$libinit$$00000033          0x0800023e   Section        2  libinit2.o(.ARM.Collect$$libinit$$00000033)
    .ARM.Collect$$libshutdown$$00000000      0x08000240   Section        2  libshutdown.o(.ARM.Collect$$libshutdown$$00000000)
    .ARM.Collect$$libshutdown$$00000002      0x08000242   Section        0  libshutdown2.o(.ARM.Collect$$libshutdown$$00000002)
    .ARM.Collect$$libshutdown$$00000004      0x08000242   Section        0  libshutdown2.o(.ARM.Collect$$libshutdown$$00000004)
    .ARM.Collect$$libshutdown$$00000007      0x08000242   Section        0  libshutdown2.o(.ARM.Collect$$libshutdown$$00000007)
    .ARM.Collect$$libshutdown$$0000000A      0x08000242   Section        0  libshutdown2.o(.ARM.Collect$$libshutdown$$0000000A)
    .ARM.Collect$$libshutdown$$0000000C      0x08000242   Section        0  libshutdown2.o(.ARM.Collect$$libshutdown$$0000000C)
    .ARM.Collect$$libshutdown$$0000000F      0x08000242   Section        0  libshutdown2.o(.ARM.Collect$$libshutdown$$0000000F)
    .ARM.Collect$$libshutdown$$00000010      0x08000242   Section        2  libshutdown2.o(.ARM.Collect$$libshutdown$$00000010)
    .ARM.Collect$$rtentry$$00000000          0x08000244   Section        0  __rtentry.o(.ARM.Collect$$rtentry$$00000000)
    .ARM.Collect$$rtentry$$00000002          0x08000244   Section        0  __rtentry2.o(.ARM.Collect$$rtentry$$00000002)
    .ARM.Collect$$rtentry$$00000004          0x08000244   Section        6  __rtentry4.o(.ARM.Collect$$rtentry$$00000004)
    .ARM.Collect$$rtentry$$00000009          0x0800024a   Section        0  __rtentry2.o(.ARM.Collect$$rtentry$$00000009)
    .ARM.Collect$$rtentry$$0000000A          0x0800024a   Section        4  __rtentry2.o(.ARM.Collect$$rtentry$$0000000A)
    .ARM.Collect$$rtentry$$0000000C          0x0800024e   Section        0  __rtentry2.o(.ARM.Collect$$rtentry$$0000000C)
    .ARM.Collect$$rtentry$$0000000D          0x0800024e   Section        8  __rtentry2.o(.ARM.Collect$$rtentry$$0000000D)
    .ARM.Collect$$rtexit$$00000000           0x08000256   Section        2  rtexit.o(.ARM.Collect$$rtexit$$00000000)
    .ARM.Collect$$rtexit$$00000002           0x08000258   Section        0  rtexit2.o(.ARM.Collect$$rtexit$$00000002)
    .ARM.Collect$$rtexit$$00000003           0x08000258   Section        4  rtexit2.o(.ARM.Collect$$rtexit$$00000003)
    .ARM.Collect$$rtexit$$00000004           0x0800025c   Section        6  rtexit2.o(.ARM.Collect$$rtexit$$00000004)
    $v0                                      0x08000264   Number         0  startup_stm32f446xx.o(.text)
    .text                                    0x08000264   Section       64  startup_stm32f446xx.o(.text)
    .text                                    0x080002a4   Section        0  heapauxi.o(.text)
    .text                                    0x080002aa   Section        0  _rserrno.o(.text)
    .text                                    0x080002c0   Section        8  rt_errno_addr_intlibspace.o(.text)
    .text                                    0x080002c8   Section        8  libspace.o(.text)
    .text                                    0x080002d0   Section       74  sys_stackheap_outer.o(.text)
    .text                                    0x0800031a   Section        0  exit.o(.text)
    .text                                    0x0800032c   Section        0  sys_exit.o(.text)
    .text                                    0x08000338   Section        2  use_no_semi.o(.text)
    .text                                    0x0800033a   Section        0  indicate_semi.o(.text)
    [Anonymous Symbol]                       0x0800033c   Section        0  himu_program.o(.text.CRITICAL_GPIO_IMU_Config)
    [Anonymous Symbol]                       0x080003d0   Section        0  mdma_program.o(.text.DMA_SetConfig)
    [Anonymous Symbol]                       0x080004ac   Section        0  mdma_program.o(.text.DMA_VoidClearFlag)
    [Anonymous Symbol]                       0x08000580   Section        0  mdma_program.o(.text.DMA_VoidDMAEnable)
    [Anonymous Symbol]                       0x080005e0   Section        0  mdma_program.o(.text.DMA_VoidInerruptEnable)
    [Anonymous Symbol]                       0x08000610   Section        0  mdma_program.o(.text.DMA_VoidSelectChannel)
    [Anonymous Symbol]                       0x08000678   Section        0  mdma_program.o(.text.DMA_VoidSetAddress)
    [Anonymous Symbol]                       0x08000700   Section        0  pwm_program.o(.text.ENC_ClearFlag)
    [Anonymous Symbol]                       0x08000718   Section        0  pwm_program.o(.text.ENC_GetCNT)
    [Anonymous Symbol]                       0x08000738   Section        0  exti_program.o(.text.EXTI15_10_IRQHandler)
    [Anonymous Symbol]                       0x08000758   Section        0  gpio_program.o(.text.GPIO_SET_PP_OD)
    [Anonymous Symbol]                       0x080007b4   Section        0  gpio_program.o(.text.GPIO_SET_PU_PD)
    [Anonymous Symbol]                       0x08000810   Section        0  gpio_program.o(.text.GPIO_Set_AF)
    [Anonymous Symbol]                       0x080009d0   Section        0  gpio_program.o(.text.GPIO_voidSetPinDirection)
    [Anonymous Symbol]                       0x08000b0c   Section        0  himu_program.o(.text.HIMU_U16GetFifoCount)
    [Anonymous Symbol]                       0x08000b34   Section        0  himu_program.o(.text.HIMU_U16GetYaw)
    [Anonymous Symbol]                       0x08000b40   Section        0  himu_program.o(.text.HIMU_U8GetStatus)
    [Anonymous Symbol]                       0x08000b94   Section        0  himu_program.o(.text.HIMU_VoidConfig)
    [Anonymous Symbol]                       0x08000bd0   Section        0  himu_program.o(.text.HIMU_VoidDmpConfig_ResetFifo)
    [Anonymous Symbol]                       0x08000be0   Section        0  himu_program.o(.text.HIMU_VoidDmpGetGravity)
    [Anonymous Symbol]                       0x08000c30   Section        0  himu_program.o(.text.HIMU_VoidDmpGetQuaternion)
    [Anonymous Symbol]                       0x08000c54   Section        0  himu_program.o(.text.HIMU_VoidDmpGetQuaternion2)
    [Anonymous Symbol]                       0x08000cd4   Section        0  himu_program.o(.text.HIMU_VoidDmpGetYawPitchRoll)
    [Anonymous Symbol]                       0x08000dc0   Section        0  himu_program.o(.text.HIMU_VoidGetFifoBuffer)
    [Anonymous Symbol]                       0x08000e14   Section        0  himu_program.o(.text.HIMU_VoidGetResult)
    [Anonymous Symbol]                       0x08000e64   Section        0  himu_program.o(.text.HIMU_VoidInit)
    [Anonymous Symbol]                       0x08000eb0   Section        0  himu_program.o(.text.HIMU_VoidInterrupt)
    [Anonymous Symbol]                       0x08000ec0   Section        0  himu_program.o(.text.HIMU_VoidOffset)
    [Anonymous Symbol]                       0x08000efc   Section        0  himu_program.o(.text.HIMU_VoidPreInit)
    [Anonymous Symbol]                       0x08000fb8   Section        0  himu_program.o(.text.HIMU_VoidReading)
    [Anonymous Symbol]                       0x080010f0   Section        0  himu_program.o(.text.HIMU_VoidSetAccel_X_Offset)
    [Anonymous Symbol]                       0x08001100   Section        0  himu_program.o(.text.HIMU_VoidSetAccel_Y_Offset)
    [Anonymous Symbol]                       0x08001110   Section        0  himu_program.o(.text.HIMU_VoidSetAccel_Z_Offset)
    [Anonymous Symbol]                       0x08001120   Section        0  himu_program.o(.text.HIMU_VoidSetGyro_X_Offset)
    [Anonymous Symbol]                       0x08001130   Section        0  himu_program.o(.text.HIMU_VoidSetGyro_Y_Offset)
    [Anonymous Symbol]                       0x08001140   Section        0  himu_program.o(.text.HIMU_VoidSetGyro_Z_Offset)
    [Anonymous Symbol]                       0x08001150   Section        0  himu_program.o(.text.HIMU_VoidSetUp)
    [Anonymous Symbol]                       0x08001188   Section        0  mdma_program.o(.text.MDMA_VidSetCallBack_I2C3_RX)
    [Anonymous Symbol]                       0x08001194   Section        0  exti_program.o(.text.MEXTI_voidSetCallBack)
    [Anonymous Symbol]                       0x080011a0   Section        0  mi2c_program.o(.text.MI2C_voidDmaLastTransfer)
    [Anonymous Symbol]                       0x080011c8   Section        0  mi2c_program.o(.text.MI2C_voidEnableDmaRequest)
    [Anonymous Symbol]                       0x080011f8   Section        0  mi2c_program.o(.text.MI2C_voidGetReady)
    [Anonymous Symbol]                       0x08001234   Section        0  mi2c_program.o(.text.MI2C_voidI2c3_MasterRecieverFinishing)
    [Anonymous Symbol]                       0x08001250   Section        0  mi2c_program.o(.text.MI2C_voidI2c3_MasterTransmitterFinishing)
    [Anonymous Symbol]                       0x08001270   Section        0  mi2c_program.o(.text.MI2C_voidInit)
    [Anonymous Symbol]                       0x08001480   Section        0  mi2c_program.o(.text.MI2C_voidMasterRead_7bit)
    [Anonymous Symbol]                       0x08001524   Section        0  mi2c_program.o(.text.MI2C_voidMasterTransmitter_7bit)
    [Anonymous Symbol]                       0x080015c8   Section        0  mi2c_program.o(.text.MI2C_voidSendRegisterAddress)
    [Anonymous Symbol]                       0x080016a8   Section        0  nvic_program.o(.text.MNVIC_voidEnableInterrupt)
    [Anonymous Symbol]                       0x08001710   Section        0  rcc_program.o(.text.RCC_voidEnableClock)
    [Anonymous Symbol]                       0x080017f0   Section        0  rcc_program.o(.text.RCC_voidInitSysClock)
    [Anonymous Symbol]                       0x08001824   Section        0  gpio_program.o(.text.SET_GPIO_SPEED)
    [Anonymous Symbol]                       0x08001880   Section        0  stk_program.o(.text.SysTick_Handler)
    [Anonymous Symbol]                       0x08001890   Section        0  system_stm32f4xx.o(.text.SystemInit)
    [Anonymous Symbol]                       0x080018ac   Section        0  encoder_program.o(.text.TIM1_UP_TIM10_IRQHandler)
    [Anonymous Symbol]                       0x080018d4   Section        0  encoder_program.o(.text.TIM2_IRQHandler)
    [Anonymous Symbol]                       0x080018fc   Section        0  encoder_program.o(.text.TIM8_UP_TIM13_IRQHandler)
    [Anonymous Symbol]                       0x08001924   Section        0  main.o(.text.main)
    i.__ARM_fpclassify                       0x08001942   Section        0  fpclassify.o(i.__ARM_fpclassify)
    i.__hardfp_atan                          0x08001978   Section        0  atan.o(i.__hardfp_atan)
    i.__hardfp_atan2                         0x08001c50   Section        0  atan2.o(i.__hardfp_atan2)
    i.__hardfp_sqrt                          0x08001e50   Section        0  sqrt.o(i.__hardfp_sqrt)
    i.__kernel_poly                          0x08001eca   Section        0  poly.o(i.__kernel_poly)
    i.__mathlib_dbl_infnan                   0x08001fc2   Section        0  dunder.o(i.__mathlib_dbl_infnan)
    i.__mathlib_dbl_infnan2                  0x08001fd6   Section        0  dunder.o(i.__mathlib_dbl_infnan2)
    i.__mathlib_dbl_underflow                0x08001ff0   Section        0  dunder.o(i.__mathlib_dbl_underflow)
    i.atan                                   0x08002010   Section        0  atan.o(i.atan)
    i.fabs                                   0x08002020   Section        0  fabs.o(i.fabs)
    $v0                                      0x08002038   Number         0  basic.o(x$fpl$basic)
    x$fpl$basic                              0x08002038   Section       24  basic.o(x$fpl$basic)
    $v0                                      0x08002050   Number         0  daddsub_clz.o(x$fpl$dadd)
    x$fpl$dadd                               0x08002050   Section      336  daddsub_clz.o(x$fpl$dadd)
    _dadd1                                   0x08002061   Thumb Code     0  daddsub_clz.o(x$fpl$dadd)
    $v0                                      0x080021a0   Number         0  dcmpi.o(x$fpl$dcmpinf)
    x$fpl$dcmpinf                            0x080021a0   Section       24  dcmpi.o(x$fpl$dcmpinf)
    $v0                                      0x080021b8   Number         0  ddiv.o(x$fpl$ddiv)
    x$fpl$ddiv                               0x080021b8   Section      688  ddiv.o(x$fpl$ddiv)
    ddiv_entry                               0x080021bf   Thumb Code     0  ddiv.o(x$fpl$ddiv)
    $v0                                      0x08002468   Number         0  deqf.o(x$fpl$deqf)
    x$fpl$deqf                               0x08002468   Section      120  deqf.o(x$fpl$deqf)
    $v0                                      0x080024e0   Number         0  dfix.o(x$fpl$dfix)
    x$fpl$dfix                               0x080024e0   Section       94  dfix.o(x$fpl$dfix)
    $v0                                      0x0800253e   Number         0  dflt_clz.o(x$fpl$dflt)
    x$fpl$dflt                               0x0800253e   Section       46  dflt_clz.o(x$fpl$dflt)
    $v0                                      0x0800256c   Number         0  dflt_clz.o(x$fpl$dfltu)
    x$fpl$dfltu                              0x0800256c   Section       38  dflt_clz.o(x$fpl$dfltu)
    $v0                                      0x08002594   Number         0  dmul.o(x$fpl$dmul)
    x$fpl$dmul                               0x08002594   Section      340  dmul.o(x$fpl$dmul)
    $v0                                      0x080026e8   Number         0  dnaninf.o(x$fpl$dnaninf)
    x$fpl$dnaninf                            0x080026e8   Section      156  dnaninf.o(x$fpl$dnaninf)
    $v0                                      0x08002784   Number         0  dretinf.o(x$fpl$dretinf)
    x$fpl$dretinf                            0x08002784   Section       12  dretinf.o(x$fpl$dretinf)
    $v0                                      0x08002790   Number         0  daddsub_clz.o(x$fpl$drsb)
    x$fpl$drsb                               0x08002790   Section       22  daddsub_clz.o(x$fpl$drsb)
    $v0                                      0x080027a8   Number         0  dsqrt_umaal.o(x$fpl$dsqrt)
    x$fpl$dsqrt                              0x080027a8   Section      408  dsqrt_umaal.o(x$fpl$dsqrt)
    $v0                                      0x08002940   Number         0  daddsub_clz.o(x$fpl$dsub)
    x$fpl$dsub                               0x08002940   Section      468  daddsub_clz.o(x$fpl$dsub)
    _dsub1                                   0x08002951   Thumb Code     0  daddsub_clz.o(x$fpl$dsub)
    $v0                                      0x08002b14   Number         0  fpinit.o(x$fpl$fpinit)
    x$fpl$fpinit                             0x08002b14   Section       26  fpinit.o(x$fpl$fpinit)
    x$fpl$usenofp                            0x08002b2e   Section        0  usenofp.o(x$fpl$usenofp)
    atanhi                                   0x08002b30   Data          32  atan.o(.constdata)
    .constdata                               0x08002b30   Section      152  atan.o(.constdata)
    atanlo                                   0x08002b50   Data          32  atan.o(.constdata)
    aTodd                                    0x08002b70   Data          40  atan.o(.constdata)
    aTeven                                   0x08002b98   Data          48  atan.o(.constdata)
    .constdata                               0x08002bc8   Section        8  qnan.o(.constdata)
    .bss                                     0x20000060   Section       96  libspace.o(.bss)
    DMA_CallBack_I2C3_RX                     0x200000c0   Data           4  mdma_program.o(.bss.DMA_CallBack_I2C3_RX)
    [Anonymous Symbol]                       0x200000c0   Section        0  mdma_program.o(.bss.DMA_CallBack_I2C3_RX)
    EXTI0_CallBack                           0x200000c4   Data           4  exti_program.o(.bss.EXTI0_CallBack)
    [Anonymous Symbol]                       0x200000c4   Section        0  exti_program.o(.bss.EXTI0_CallBack)
    ptr_interr                               0x20000114   Data           4  stk_program.o(.bss.ptr_interr)
    [Anonymous Symbol]                       0x20000114   Section        0  stk_program.o(.bss.ptr_interr)
    Heap_Mem                                 0x20000128   Data         512  startup_stm32f446xx.o(HEAP)
    HEAP                                     0x20000128   Section      512  startup_stm32f446xx.o(HEAP)
    Stack_Mem                                0x20000328   Data        1024  startup_stm32f446xx.o(STACK)
    STACK                                    0x20000328   Section     1024  startup_stm32f446xx.o(STACK)
    __initial_sp                             0x20000728   Data           0  startup_stm32f446xx.o(STACK)

    Global Symbols

    Symbol Name                              Value     Ov Type        Size  Object(Section)

    BuildAttributes$$THM_ISAv4$E$P$D$K$B$S$7EM$VFPi3$EXTD16$VFPS$VFMA$PE$A:L22UL41UL21$X:L11$S22US41US21$IEEE1$IW$~IW$USESV6$~STKCKD$USESV7$~SHL$OTIME$ROPI$IEEEX$EBA8$UX$STANDARDLIB$REQ8$PRES8$EABIv2 0x00000000   Number         0  anon$$obj.o ABSOLUTE
    __ARM_exceptions_init                     - Undefined Weak Reference
    __alloca_initialize                       - Undefined Weak Reference
    __arm_preinit_                            - Undefined Weak Reference
    __cpp_initialize__aeabi_                  - Undefined Weak Reference
    __cxa_finalize                            - Undefined Weak Reference
    __rt_locale                               - Undefined Weak Reference
    __sigvec_lookup                           - Undefined Weak Reference
    _atexit_init                              - Undefined Weak Reference
    _call_atexit_fns                          - Undefined Weak Reference
    _clock_init                               - Undefined Weak Reference
    _fp_trap_init                             - Undefined Weak Reference
    _fp_trap_shutdown                         - Undefined Weak Reference
    _get_lc_collate                           - Undefined Weak Reference
    _get_lc_ctype                             - Undefined Weak Reference
    _get_lc_monetary                          - Undefined Weak Reference
    _get_lc_numeric                           - Undefined Weak Reference
    _get_lc_time                              - Undefined Weak Reference
    _getenv_init                              - Undefined Weak Reference
    _handle_redirection                       - Undefined Weak Reference
    _init_alloc                               - Undefined Weak Reference
    _init_user_alloc                          - Undefined Weak Reference
    _initio                                   - Undefined Weak Reference
    _rand_init                                - Undefined Weak Reference
    _signal_finish                            - Undefined Weak Reference
    _signal_init                              - Undefined Weak Reference
    _terminate_alloc                          - Undefined Weak Reference
    _terminate_user_alloc                     - Undefined Weak Reference
    _terminateio                              - Undefined Weak Reference
    __Vectors_Size                           0x000001c4   Number         0  startup_stm32f446xx.o ABSOLUTE
    __Vectors                                0x08000000   Data           4  startup_stm32f446xx.o(RESET)
    __Vectors_End                            0x080001c4   Data           0  startup_stm32f446xx.o(RESET)
    __main                                   0x080001c5   Thumb Code     8  __main.o(!!!main)
    __scatterload                            0x080001cd   Thumb Code     0  __scatter.o(!!!scatter)
    __scatterload_rt2                        0x080001cd   Thumb Code    44  __scatter.o(!!!scatter)
    __scatterload_rt2_thumb_only             0x080001cd   Thumb Code     0  __scatter.o(!!!scatter)
    __scatterload_null                       0x080001db   Thumb Code     0  __scatter.o(!!!scatter)
    __scatterload_copy                       0x08000201   Thumb Code    26  __scatter_copy.o(!!handler_copy)
    __scatterload_zeroinit                   0x0800021d   Thumb Code    28  __scatter_zi.o(!!handler_zi)
    __rt_lib_init                            0x08000239   Thumb Code     0  libinit.o(.ARM.Collect$$libinit$$00000000)
    __rt_lib_init_fp_1                       0x0800023b   Thumb Code     0  libinit2.o(.ARM.Collect$$libinit$$00000001)
    __rt_lib_init_alloca_1                   0x0800023f   Thumb Code     0  libinit2.o(.ARM.Collect$$libinit$$0000002E)
    __rt_lib_init_argv_1                     0x0800023f   Thumb Code     0  libinit2.o(.ARM.Collect$$libinit$$0000002C)
    __rt_lib_init_atexit_1                   0x0800023f   Thumb Code     0  libinit2.o(.ARM.Collect$$libinit$$0000001B)
    __rt_lib_init_clock_1                    0x0800023f   Thumb Code     0  libinit2.o(.ARM.Collect$$libinit$$00000021)
    __rt_lib_init_cpp_1                      0x0800023f   Thumb Code     0  libinit2.o(.ARM.Collect$$libinit$$00000032)
    __rt_lib_init_exceptions_1               0x0800023f   Thumb Code     0  libinit2.o(.ARM.Collect$$libinit$$00000030)
    __rt_lib_init_fp_trap_1                  0x0800023f   Thumb Code     0  libinit2.o(.ARM.Collect$$libinit$$0000001F)
    __rt_lib_init_getenv_1                   0x0800023f   Thumb Code     0  libinit2.o(.ARM.Collect$$libinit$$00000023)
    __rt_lib_init_heap_1                     0x0800023f   Thumb Code     0  libinit2.o(.ARM.Collect$$libinit$$0000000A)
    __rt_lib_init_lc_collate_1               0x0800023f   Thumb Code     0  libinit2.o(.ARM.Collect$$libinit$$00000011)
    __rt_lib_init_lc_ctype_1                 0x0800023f   Thumb Code     0  libinit2.o(.ARM.Collect$$libinit$$00000013)
    __rt_lib_init_lc_monetary_1              0x0800023f   Thumb Code     0  libinit2.o(.ARM.Collect$$libinit$$00000015)
    __rt_lib_init_lc_numeric_1               0x0800023f   Thumb Code     0  libinit2.o(.ARM.Collect$$libinit$$00000017)
    __rt_lib_init_lc_time_1                  0x0800023f   Thumb Code     0  libinit2.o(.ARM.Collect$$libinit$$00000019)
    __rt_lib_init_preinit_1                  0x0800023f   Thumb Code     0  libinit2.o(.ARM.Collect$$libinit$$00000004)
    __rt_lib_init_rand_1                     0x0800023f   Thumb Code     0  libinit2.o(.ARM.Collect$$libinit$$0000000E)
    __rt_lib_init_return                     0x0800023f   Thumb Code     0  libinit2.o(.ARM.Collect$$libinit$$00000033)
    __rt_lib_init_signal_1                   0x0800023f   Thumb Code     0  libinit2.o(.ARM.Collect$$libinit$$0000001D)
    __rt_lib_init_stdio_1                    0x0800023f   Thumb Code     0  libinit2.o(.ARM.Collect$$libinit$$00000025)
    __rt_lib_init_user_alloc_1               0x0800023f   Thumb Code     0  libinit2.o(.ARM.Collect$$libinit$$0000000C)
    __rt_lib_shutdown                        0x08000241   Thumb Code     0  libshutdown.o(.ARM.Collect$$libshutdown$$00000000)
    __rt_lib_shutdown_cpp_1                  0x08000243   Thumb Code     0  libshutdown2.o(.ARM.Collect$$libshutdown$$00000002)
    __rt_lib_shutdown_fp_trap_1              0x08000243   Thumb Code     0  libshutdown2.o(.ARM.Collect$$libshutdown$$00000007)
    __rt_lib_shutdown_heap_1                 0x08000243   Thumb Code     0  libshutdown2.o(.ARM.Collect$$libshutdown$$0000000F)
    __rt_lib_shutdown_return                 0x08000243   Thumb Code     0  libshutdown2.o(.ARM.Collect$$libshutdown$$00000010)
    __rt_lib_shutdown_signal_1               0x08000243   Thumb Code     0  libshutdown2.o(.ARM.Collect$$libshutdown$$0000000A)
    __rt_lib_shutdown_stdio_1                0x08000243   Thumb Code     0  libshutdown2.o(.ARM.Collect$$libshutdown$$00000004)
    __rt_lib_shutdown_user_alloc_1           0x08000243   Thumb Code     0  libshutdown2.o(.ARM.Collect$$libshutdown$$0000000C)
    __rt_entry                               0x08000245   Thumb Code     0  __rtentry.o(.ARM.Collect$$rtentry$$00000000)
    __rt_entry_presh_1                       0x08000245   Thumb Code     0  __rtentry2.o(.ARM.Collect$$rtentry$$00000002)
    __rt_entry_sh                            0x08000245   Thumb Code     0  __rtentry4.o(.ARM.Collect$$rtentry$$00000004)
    __rt_entry_li                            0x0800024b   Thumb Code     0  __rtentry2.o(.ARM.Collect$$rtentry$$0000000A)
    __rt_entry_postsh_1                      0x0800024b   Thumb Code     0  __rtentry2.o(.ARM.Collect$$rtentry$$00000009)
    __rt_entry_main                          0x0800024f   Thumb Code     0  __rtentry2.o(.ARM.Collect$$rtentry$$0000000D)
    __rt_entry_postli_1                      0x0800024f   Thumb Code     0  __rtentry2.o(.ARM.Collect$$rtentry$$0000000C)
    __rt_exit                                0x08000257   Thumb Code     0  rtexit.o(.ARM.Collect$$rtexit$$00000000)
    __rt_exit_ls                             0x08000259   Thumb Code     0  rtexit2.o(.ARM.Collect$$rtexit$$00000003)
    __rt_exit_prels_1                        0x08000259   Thumb Code     0  rtexit2.o(.ARM.Collect$$rtexit$$00000002)
    __rt_exit_exit                           0x0800025d   Thumb Code     0  rtexit2.o(.ARM.Collect$$rtexit$$00000004)
    Reset_Handler                            0x08000265   Thumb Code     8  startup_stm32f446xx.o(.text)
    NMI_Handler                              0x0800026d   Thumb Code     2  startup_stm32f446xx.o(.text)
    HardFault_Handler                        0x0800026f   Thumb Code     2  startup_stm32f446xx.o(.text)
    MemManage_Handler                        0x08000271   Thumb Code     2  startup_stm32f446xx.o(.text)
    BusFault_Handler                         0x08000273   Thumb Code     2  startup_stm32f446xx.o(.text)
    UsageFault_Handler                       0x08000275   Thumb Code     2  startup_stm32f446xx.o(.text)
    SVC_Handler                              0x08000277   Thumb Code     2  startup_stm32f446xx.o(.text)
    DebugMon_Handler                         0x08000279   Thumb Code     2  startup_stm32f446xx.o(.text)
    PendSV_Handler                           0x0800027b   Thumb Code     2  startup_stm32f446xx.o(.text)
    ADC_IRQHandler                           0x0800027f   Thumb Code     0  startup_stm32f446xx.o(.text)
    CAN1_RX0_IRQHandler                      0x0800027f   Thumb Code     0  startup_stm32f446xx.o(.text)
    CAN1_RX1_IRQHandler                      0x0800027f   Thumb Code     0  startup_stm32f446xx.o(.text)
    CAN1_SCE_IRQHandler                      0x0800027f   Thumb Code     0  startup_stm32f446xx.o(.text)
    CAN1_TX_IRQHandler                       0x0800027f   Thumb Code     0  startup_stm32f446xx.o(.text)
    CAN2_RX0_IRQHandler                      0x0800027f   Thumb Code     0  startup_stm32f446xx.o(.text)
    CAN2_RX1_IRQHandler                      0x0800027f   Thumb Code     0  startup_stm32f446xx.o(.text)
    CAN2_SCE_IRQHandler                      0x0800027f   Thumb Code     0  startup_stm32f446xx.o(.text)
    CAN2_TX_IRQHandler                       0x0800027f   Thumb Code     0  startup_stm32f446xx.o(.text)
    CEC_IRQHandler                           0x0800027f   Thumb Code     0  startup_stm32f446xx.o(.text)
    DCMI_IRQHandler                          0x0800027f   Thumb Code     0  startup_stm32f446xx.o(.text)
    DMA1_Stream0_IRQHandler                  0x0800027f   Thumb Code     0  startup_stm32f446xx.o(.text)
    DMA1_Stream1_IRQHandler                  0x0800027f   Thumb Code     0  startup_stm32f446xx.o(.text)
    DMA1_Stream2_IRQHandler                  0x0800027f   Thumb Code     0  startup_stm32f446xx.o(.text)
    DMA1_Stream3_IRQHandler                  0x0800027f   Thumb Code     0  startup_stm32f446xx.o(.text)
    DMA1_Stream4_IRQHandler                  0x0800027f   Thumb Code     0  startup_stm32f446xx.o(.text)
    DMA1_Stream5_IRQHandler                  0x0800027f   Thumb Code     0  startup_stm32f446xx.o(.text)
    DMA1_Stream6_IRQHandler                  0x0800027f   Thumb Code     0  startup_stm32f446xx.o(.text)
    DMA1_Stream7_IRQHandler                  0x0800027f   Thumb Code     0  startup_stm32f446xx.o(.text)
    DMA2_Stream0_IRQHandler                  0x0800027f   Thumb Code     0  startup_stm32f446xx.o(.text)
    DMA2_Stream1_IRQHandler                  0x0800027f   Thumb Code     0  startup_stm32f446xx.o(.text)
    DMA2_Stream2_IRQHandler                  0x0800027f   Thumb Code     0  startup_stm32f446xx.o(.text)
    DMA2_Stream3_IRQHandler                  0x0800027f   Thumb Code     0  startup_stm32f446xx.o(.text)
    DMA2_Stream4_IRQHandler                  0x0800027f   Thumb Code     0  startup_stm32f446xx.o(.text)
    DMA2_Stream5_IRQHandler                  0x0800027f   Thumb Code     0  startup_stm32f446xx.o(.text)
    DMA2_Stream6_IRQHandler                  0x0800027f   Thumb Code     0  startup_stm32f446xx.o(.text)
    DMA2_Stream7_IRQHandler                  0x0800027f   Thumb Code     0  startup_stm32f446xx.o(.text)
    EXTI0_IRQHandler                         0x0800027f   Thumb Code     0  startup_stm32f446xx.o(.text)
    EXTI1_IRQHandler                         0x0800027f   Thumb Code     0  startup_stm32f446xx.o(.text)
    EXTI2_IRQHandler                         0x0800027f   Thumb Code     0  startup_stm32f446xx.o(.text)
    EXTI3_IRQHandler                         0x0800027f   Thumb Code     0  startup_stm32f446xx.o(.text)
    EXTI4_IRQHandler                         0x0800027f   Thumb Code     0  startup_stm32f446xx.o(.text)
    EXTI9_5_IRQHandler                       0x0800027f   Thumb Code     0  startup_stm32f446xx.o(.text)
    FLASH_IRQHandler                         0x0800027f   Thumb Code     0  startup_stm32f446xx.o(.text)
    FMC_IRQHandler                           0x0800027f   Thumb Code     0  startup_stm32f446xx.o(.text)
    FMPI2C1_ER_IRQHandler                    0x0800027f   Thumb Code     0  startup_stm32f446xx.o(.text)
    FMPI2C1_EV_IRQHandler                    0x0800027f   Thumb Code     0  startup_stm32f446xx.o(.text)
    FPU_IRQHandler                           0x0800027f   Thumb Code     0  startup_stm32f446xx.o(.text)
    I2C1_ER_IRQHandler                       0x0800027f   Thumb Code     0  startup_stm32f446xx.o(.text)
    I2C1_EV_IRQHandler                       0x0800027f   Thumb Code     0  startup_stm32f446xx.o(.text)
    I2C2_ER_IRQHandler                       0x0800027f   Thumb Code     0  startup_stm32f446xx.o(.text)
    I2C2_EV_IRQHandler                       0x0800027f   Thumb Code     0  startup_stm32f446xx.o(.text)
    I2C3_ER_IRQHandler                       0x0800027f   Thumb Code     0  startup_stm32f446xx.o(.text)
    I2C3_EV_IRQHandler                       0x0800027f   Thumb Code     0  startup_stm32f446xx.o(.text)
    OTG_FS_IRQHandler                        0x0800027f   Thumb Code     0  startup_stm32f446xx.o(.text)
    OTG_FS_WKUP_IRQHandler                   0x0800027f   Thumb Code     0  startup_stm32f446xx.o(.text)
    OTG_HS_EP1_IN_IRQHandler                 0x0800027f   Thumb Code     0  startup_stm32f446xx.o(.text)
    OTG_HS_EP1_OUT_IRQHandler                0x0800027f   Thumb Code     0  startup_stm32f446xx.o(.text)
    OTG_HS_IRQHandler                        0x0800027f   Thumb Code     0  startup_stm32f446xx.o(.text)
    OTG_HS_WKUP_IRQHandler                   0x0800027f   Thumb Code     0  startup_stm32f446xx.o(.text)
    PVD_IRQHandler                           0x0800027f   Thumb Code     0  startup_stm32f446xx.o(.text)
    QUADSPI_IRQHandler                       0x0800027f   Thumb Code     0  startup_stm32f446xx.o(.text)
    RCC_IRQHandler                           0x0800027f   Thumb Code     0  startup_stm32f446xx.o(.text)
    RTC_Alarm_IRQHandler                     0x0800027f   Thumb Code     0  startup_stm32f446xx.o(.text)
    RTC_WKUP_IRQHandler                      0x0800027f   Thumb Code     0  startup_stm32f446xx.o(.text)
    SAI1_IRQHandler                          0x0800027f   Thumb Code     0  startup_stm32f446xx.o(.text)
    SAI2_IRQHandler                          0x0800027f   Thumb Code     0  startup_stm32f446xx.o(.text)
    SDIO_IRQHandler                          0x0800027f   Thumb Code     0  startup_stm32f446xx.o(.text)
    SPDIF_RX_IRQHandler                      0x0800027f   Thumb Code     0  startup_stm32f446xx.o(.text)
    SPI1_IRQHandler                          0x0800027f   Thumb Code     0  startup_stm32f446xx.o(.text)
    SPI2_IRQHandler                          0x0800027f   Thumb Code     0  startup_stm32f446xx.o(.text)
    SPI3_IRQHandler                          0x0800027f   Thumb Code     0  startup_stm32f446xx.o(.text)
    SPI4_IRQHandler                          0x0800027f   Thumb Code     0  startup_stm32f446xx.o(.text)
    TAMP_STAMP_IRQHandler                    0x0800027f   Thumb Code     0  startup_stm32f446xx.o(.text)
    TIM1_BRK_TIM9_IRQHandler                 0x0800027f   Thumb Code     0  startup_stm32f446xx.o(.text)
    TIM1_CC_IRQHandler                       0x0800027f   Thumb Code     0  startup_stm32f446xx.o(.text)
    TIM1_TRG_COM_TIM11_IRQHandler            0x0800027f   Thumb Code     0  startup_stm32f446xx.o(.text)
    TIM3_IRQHandler                          0x0800027f   Thumb Code     0  startup_stm32f446xx.o(.text)
    TIM4_IRQHandler                          0x0800027f   Thumb Code     0  startup_stm32f446xx.o(.text)
    TIM5_IRQHandler                          0x0800027f   Thumb Code     0  startup_stm32f446xx.o(.text)
    TIM6_DAC_IRQHandler                      0x0800027f   Thumb Code     0  startup_stm32f446xx.o(.text)
    TIM7_IRQHandler                          0x0800027f   Thumb Code     0  startup_stm32f446xx.o(.text)
    TIM8_BRK_TIM12_IRQHandler                0x0800027f   Thumb Code     0  startup_stm32f446xx.o(.text)
    TIM8_CC_IRQHandler                       0x0800027f   Thumb Code     0  startup_stm32f446xx.o(.text)
    TIM8_TRG_COM_TIM14_IRQHandler            0x0800027f   Thumb Code     0  startup_stm32f446xx.o(.text)
    UART4_IRQHandler                         0x0800027f   Thumb Code     0  startup_stm32f446xx.o(.text)
    UART5_IRQHandler                         0x0800027f   Thumb Code     0  startup_stm32f446xx.o(.text)
    USART1_IRQHandler                        0x0800027f   Thumb Code     0  startup_stm32f446xx.o(.text)
    USART2_IRQHandler                        0x0800027f   Thumb Code     0  startup_stm32f446xx.o(.text)
    USART3_IRQHandler                        0x0800027f   Thumb Code     0  startup_stm32f446xx.o(.text)
    USART6_IRQHandler                        0x0800027f   Thumb Code     0  startup_stm32f446xx.o(.text)
    WWDG_IRQHandler                          0x0800027f   Thumb Code     0  startup_stm32f446xx.o(.text)
    __user_initial_stackheap                 0x08000281   Thumb Code     0  startup_stm32f446xx.o(.text)
    __use_two_region_memory                  0x080002a5   Thumb Code     2  heapauxi.o(.text)
    __rt_heap_escrow$2region                 0x080002a7   Thumb Code     2  heapauxi.o(.text)
    __rt_heap_expand$2region                 0x080002a9   Thumb Code     2  heapauxi.o(.text)
    __read_errno                             0x080002ab   Thumb Code    10  _rserrno.o(.text)
    __set_errno                              0x080002b5   Thumb Code    12  _rserrno.o(.text)
    __aeabi_errno_addr                       0x080002c1   Thumb Code     8  rt_errno_addr_intlibspace.o(.text)
    __errno$intlibspace                      0x080002c1   Thumb Code     0  rt_errno_addr_intlibspace.o(.text)
    __rt_errno_addr$intlibspace              0x080002c1   Thumb Code     0  rt_errno_addr_intlibspace.o(.text)
    __user_libspace                          0x080002c9   Thumb Code     8  libspace.o(.text)
    __user_perproc_libspace                  0x080002c9   Thumb Code     0  libspace.o(.text)
    __user_perthread_libspace                0x080002c9   Thumb Code     0  libspace.o(.text)
    __user_setup_stackheap                   0x080002d1   Thumb Code    74  sys_stackheap_outer.o(.text)
    exit                                     0x0800031b   Thumb Code    18  exit.o(.text)
    _sys_exit                                0x0800032d   Thumb Code     8  sys_exit.o(.text)
    __I$use$semihosting                      0x08000339   Thumb Code     0  use_no_semi.o(.text)
    __use_no_semihosting_swi                 0x08000339   Thumb Code     2  use_no_semi.o(.text)
    __semihosting_library_function           0x0800033b   Thumb Code     0  indicate_semi.o(.text)
    CRITICAL_GPIO_IMU_Config                 0x0800033d   Thumb Code   146  himu_program.o(.text.CRITICAL_GPIO_IMU_Config)
    DMA_SetConfig                            0x080003d1   Thumb Code   220  mdma_program.o(.text.DMA_SetConfig)
    DMA_VoidClearFlag                        0x080004ad   Thumb Code   210  mdma_program.o(.text.DMA_VoidClearFlag)
    DMA_VoidDMAEnable                        0x08000581   Thumb Code    96  mdma_program.o(.text.DMA_VoidDMAEnable)
    DMA_VoidInerruptEnable                   0x080005e1   Thumb Code    46  mdma_program.o(.text.DMA_VoidInerruptEnable)
    DMA_VoidSelectChannel                    0x08000611   Thumb Code   104  mdma_program.o(.text.DMA_VoidSelectChannel)
    DMA_VoidSetAddress                       0x08000679   Thumb Code   134  mdma_program.o(.text.DMA_VoidSetAddress)
    ENC_ClearFlag                            0x08000701   Thumb Code    22  pwm_program.o(.text.ENC_ClearFlag)
    ENC_GetCNT                               0x08000719   Thumb Code    30  pwm_program.o(.text.ENC_GetCNT)
    EXTI15_10_IRQHandler                     0x08000739   Thumb Code    32  exti_program.o(.text.EXTI15_10_IRQHandler)
    GPIO_SET_PP_OD                           0x08000759   Thumb Code    90  gpio_program.o(.text.GPIO_SET_PP_OD)
    GPIO_SET_PU_PD                           0x080007b5   Thumb Code    92  gpio_program.o(.text.GPIO_SET_PU_PD)
    GPIO_Set_AF                              0x08000811   Thumb Code   446  gpio_program.o(.text.GPIO_Set_AF)
    GPIO_voidSetPinDirection                 0x080009d1   Thumb Code   316  gpio_program.o(.text.GPIO_voidSetPinDirection)
    HIMU_U16GetFifoCount                     0x08000b0d   Thumb Code    40  himu_program.o(.text.HIMU_U16GetFifoCount)
    HIMU_U16GetYaw                           0x08000b35   Thumb Code    12  himu_program.o(.text.HIMU_U16GetYaw)
    HIMU_U8GetStatus                         0x08000b41   Thumb Code    84  himu_program.o(.text.HIMU_U8GetStatus)
    HIMU_VoidConfig                          0x08000b95   Thumb Code    58  himu_program.o(.text.HIMU_VoidConfig)
    HIMU_VoidDmpConfig_ResetFifo             0x08000bd1   Thumb Code    16  himu_program.o(.text.HIMU_VoidDmpConfig_ResetFifo)
    HIMU_VoidDmpGetGravity                   0x08000be1   Thumb Code    78  himu_program.o(.text.HIMU_VoidDmpGetGravity)
    HIMU_VoidDmpGetQuaternion                0x08000c31   Thumb Code    34  himu_program.o(.text.HIMU_VoidDmpGetQuaternion)
    HIMU_VoidDmpGetQuaternion2               0x08000c55   Thumb Code   128  himu_program.o(.text.HIMU_VoidDmpGetQuaternion2)
    HIMU_VoidDmpGetYawPitchRoll              0x08000cd5   Thumb Code   234  himu_program.o(.text.HIMU_VoidDmpGetYawPitchRoll)
    HIMU_VoidGetFifoBuffer                   0x08000dc1   Thumb Code    84  himu_program.o(.text.HIMU_VoidGetFifoBuffer)
    HIMU_VoidGetResult                       0x08000e15   Thumb Code    80  himu_program.o(.text.HIMU_VoidGetResult)
    HIMU_VoidInit                            0x08000e65   Thumb Code    76  himu_program.o(.text.HIMU_VoidInit)
    HIMU_VoidInterrupt                       0x08000eb1   Thumb Code    14  himu_program.o(.text.HIMU_VoidInterrupt)
    HIMU_VoidOffset                          0x08000ec1   Thumb Code    58  himu_program.o(.text.HIMU_VoidOffset)
    HIMU_VoidPreInit                         0x08000efd   Thumb Code   186  himu_program.o(.text.HIMU_VoidPreInit)
    HIMU_VoidReading                         0x08000fb9   Thumb Code   312  himu_program.o(.text.HIMU_VoidReading)
    HIMU_VoidSetAccel_X_Offset               0x080010f1   Thumb Code    16  himu_program.o(.text.HIMU_VoidSetAccel_X_Offset)
    HIMU_VoidSetAccel_Y_Offset               0x08001101   Thumb Code    16  himu_program.o(.text.HIMU_VoidSetAccel_Y_Offset)
    HIMU_VoidSetAccel_Z_Offset               0x08001111   Thumb Code    16  himu_program.o(.text.HIMU_VoidSetAccel_Z_Offset)
    HIMU_VoidSetGyro_X_Offset                0x08001121   Thumb Code    16  himu_program.o(.text.HIMU_VoidSetGyro_X_Offset)
    HIMU_VoidSetGyro_Y_Offset                0x08001131   Thumb Code    16  himu_program.o(.text.HIMU_VoidSetGyro_Y_Offset)
    HIMU_VoidSetGyro_Z_Offset                0x08001141   Thumb Code    16  himu_program.o(.text.HIMU_VoidSetGyro_Z_Offset)
    HIMU_VoidSetUp                           0x08001151   Thumb Code    56  himu_program.o(.text.HIMU_VoidSetUp)
    MDMA_VidSetCallBack_I2C3_RX              0x08001189   Thumb Code    12  mdma_program.o(.text.MDMA_VidSetCallBack_I2C3_RX)
    MEXTI_voidSetCallBack                    0x08001195   Thumb Code    12  exti_program.o(.text.MEXTI_voidSetCallBack)
    MI2C_voidDmaLastTransfer                 0x080011a1   Thumb Code    40  mi2c_program.o(.text.MI2C_voidDmaLastTransfer)
    MI2C_voidEnableDmaRequest                0x080011c9   Thumb Code    48  mi2c_program.o(.text.MI2C_voidEnableDmaRequest)
    MI2C_voidGetReady                        0x080011f9   Thumb Code    60  mi2c_program.o(.text.MI2C_voidGetReady)
    MI2C_voidI2c3_MasterRecieverFinishing    0x08001235   Thumb Code    26  mi2c_program.o(.text.MI2C_voidI2c3_MasterRecieverFinishing)
    MI2C_voidI2c3_MasterTransmitterFinishing 0x08001251   Thumb Code    32  mi2c_program.o(.text.MI2C_voidI2c3_MasterTransmitterFinishing)
    MI2C_voidInit                            0x08001271   Thumb Code   526  mi2c_program.o(.text.MI2C_voidInit)
    MI2C_voidMasterRead_7bit                 0x08001481   Thumb Code   164  mi2c_program.o(.text.MI2C_voidMasterRead_7bit)
    MI2C_voidMasterTransmitter_7bit          0x08001525   Thumb Code   164  mi2c_program.o(.text.MI2C_voidMasterTransmitter_7bit)
    MI2C_voidSendRegisterAddress             0x080015c9   Thumb Code   222  mi2c_program.o(.text.MI2C_voidSendRegisterAddress)
    MNVIC_voidEnableInterrupt                0x080016a9   Thumb Code   104  nvic_program.o(.text.MNVIC_voidEnableInterrupt)
    RCC_voidEnableClock                      0x08001711   Thumb Code   224  rcc_program.o(.text.RCC_voidEnableClock)
    RCC_voidInitSysClock                     0x080017f1   Thumb Code    50  rcc_program.o(.text.RCC_voidInitSysClock)
    SET_GPIO_SPEED                           0x08001825   Thumb Code    92  gpio_program.o(.text.SET_GPIO_SPEED)
    SysTick_Handler                          0x08001881   Thumb Code    16  stk_program.o(.text.SysTick_Handler)
    SystemInit                               0x08001891   Thumb Code    26  system_stm32f4xx.o(.text.SystemInit)
    TIM1_UP_TIM10_IRQHandler                 0x080018ad   Thumb Code    40  encoder_program.o(.text.TIM1_UP_TIM10_IRQHandler)
    TIM2_IRQHandler                          0x080018d5   Thumb Code    40  encoder_program.o(.text.TIM2_IRQHandler)
    TIM8_UP_TIM13_IRQHandler                 0x080018fd   Thumb Code    40  encoder_program.o(.text.TIM8_UP_TIM13_IRQHandler)
    main                                     0x08001925   Thumb Code    30  main.o(.text.main)
    __ARM_fpclassify                         0x08001943   Thumb Code    48  fpclassify.o(i.__ARM_fpclassify)
    __hardfp_atan                            0x08001979   Thumb Code   622  atan.o(i.__hardfp_atan)
    __hardfp_atan2                           0x08001c51   Thumb Code   448  atan2.o(i.__hardfp_atan2)
    __hardfp_sqrt                            0x08001e51   Thumb Code   122  sqrt.o(i.__hardfp_sqrt)
    __kernel_poly                            0x08001ecb   Thumb Code   248  poly.o(i.__kernel_poly)
    __mathlib_dbl_infnan                     0x08001fc3   Thumb Code    20  dunder.o(i.__mathlib_dbl_infnan)
    __mathlib_dbl_infnan2                    0x08001fd7   Thumb Code    20  dunder.o(i.__mathlib_dbl_infnan2)
    __mathlib_dbl_underflow                  0x08001ff1   Thumb Code    24  dunder.o(i.__mathlib_dbl_underflow)
    atan                                     0x08002011   Thumb Code    16  atan.o(i.atan)
    fabs                                     0x08002021   Thumb Code    24  fabs.o(i.fabs)
    __aeabi_dneg                             0x08002039   Thumb Code     0  basic.o(x$fpl$basic)
    _dneg                                    0x08002039   Thumb Code     6  basic.o(x$fpl$basic)
    __aeabi_fneg                             0x0800203f   Thumb Code     0  basic.o(x$fpl$basic)
    _fneg                                    0x0800203f   Thumb Code     6  basic.o(x$fpl$basic)
    _dabs                                    0x08002045   Thumb Code     6  basic.o(x$fpl$basic)
    _fabs                                    0x0800204b   Thumb Code     6  basic.o(x$fpl$basic)
    __aeabi_dadd                             0x08002051   Thumb Code     0  daddsub_clz.o(x$fpl$dadd)
    _dadd                                    0x08002051   Thumb Code   332  daddsub_clz.o(x$fpl$dadd)
    __fpl_dcmp_Inf                           0x080021a1   Thumb Code    24  dcmpi.o(x$fpl$dcmpinf)
    __aeabi_ddiv                             0x080021b9   Thumb Code     0  ddiv.o(x$fpl$ddiv)
    _ddiv                                    0x080021b9   Thumb Code   552  ddiv.o(x$fpl$ddiv)
    __aeabi_cdcmpeq                          0x08002469   Thumb Code     0  deqf.o(x$fpl$deqf)
    _dcmpeq                                  0x08002469   Thumb Code   120  deqf.o(x$fpl$deqf)
    __aeabi_d2iz                             0x080024e1   Thumb Code     0  dfix.o(x$fpl$dfix)
    _dfix                                    0x080024e1   Thumb Code    94  dfix.o(x$fpl$dfix)
    __aeabi_i2d                              0x0800253f   Thumb Code     0  dflt_clz.o(x$fpl$dflt)
    _dflt                                    0x0800253f   Thumb Code    46  dflt_clz.o(x$fpl$dflt)
    __aeabi_ui2d                             0x0800256d   Thumb Code     0  dflt_clz.o(x$fpl$dfltu)
    _dfltu                                   0x0800256d   Thumb Code    38  dflt_clz.o(x$fpl$dfltu)
    __aeabi_dmul                             0x08002595   Thumb Code     0  dmul.o(x$fpl$dmul)
    _dmul                                    0x08002595   Thumb Code   332  dmul.o(x$fpl$dmul)
    __fpl_dnaninf                            0x080026e9   Thumb Code   156  dnaninf.o(x$fpl$dnaninf)
    __fpl_dretinf                            0x08002785   Thumb Code    12  dretinf.o(x$fpl$dretinf)
    __aeabi_drsub                            0x08002791   Thumb Code     0  daddsub_clz.o(x$fpl$drsb)
    _drsb                                    0x08002791   Thumb Code    22  daddsub_clz.o(x$fpl$drsb)
    _dsqrt                                   0x080027a9   Thumb Code   404  dsqrt_umaal.o(x$fpl$dsqrt)
    __aeabi_dsub                             0x08002941   Thumb Code     0  daddsub_clz.o(x$fpl$dsub)
    _dsub                                    0x08002941   Thumb Code   464  daddsub_clz.o(x$fpl$dsub)
    _fp_init                                 0x08002b15   Thumb Code    26  fpinit.o(x$fpl$fpinit)
    __fplib_config_fpu_vfp                   0x08002b2d   Thumb Code     0  fpinit.o(x$fpl$fpinit)
    __fplib_config_pureend_doubles           0x08002b2d   Thumb Code     0  fpinit.o(x$fpl$fpinit)
    __I$use$fp                               0x08002b2e   Number         0  usenofp.o(x$fpl$usenofp)
    __mathlib_zero                           0x08002bc8   Data           8  qnan.o(.constdata)
    Region$$Table$$Base                      0x08002bd0   Number         0  anon$$obj.o(Region$$Table)
    Region$$Table$$Limit                     0x08002bf0   Number         0  anon$$obj.o(Region$$Table)
    ACCELEROMETER_CONFIG                     0x20000000   Data           2  himu_program.o(.data.ACCELEROMETER_CONFIG)
    ACCEL_X_OFFSET                           0x20000002   Data           3  himu_program.o(.data.ACCEL_X_OFFSET)
    ACCEL_Y_OFFSET                           0x20000005   Data           3  himu_program.o(.data.ACCEL_Y_OFFSET)
    ACCEL_Z_OFFSET                           0x20000008   Data           3  himu_program.o(.data.ACCEL_Z_OFFSET)
    CONFIGURE                                0x2000000b   Data           2  himu_program.o(.data.CONFIGURE)
    GYROSCOPE_CONFIG                         0x2000000d   Data           2  himu_program.o(.data.GYROSCOPE_CONFIG)
    GYRO_X_OFFSET                            0x2000000f   Data           3  himu_program.o(.data.GYRO_X_OFFSET)
    GYRO_Y_OFFSET                            0x20000012   Data           3  himu_program.o(.data.GYRO_Y_OFFSET)
    GYRO_Z_OFFSET                            0x20000015   Data           3  himu_program.o(.data.GYRO_Z_OFFSET)
    INTERRUPT_CONFIG                         0x20000018   Data           2  himu_program.o(.data.INTERRUPT_CONFIG)
    PACKET_SIZE                              0x2000001a   Data           1  himu_program.o(.data.PACKET_SIZE)
    POWER_MANG_1                             0x2000001b   Data           2  himu_program.o(.data.POWER_MANG_1)
    SAMPLE_RATE                              0x2000001d   Data           2  himu_program.o(.data.SAMPLE_RATE)
    TIM                                      0x20000020   Data          60  pwm_program.o(.data.TIM)
    USER_FIFO_RESET                          0x2000005c   Data           2  himu_program.o(.data.USER_FIFO_RESET)
    __libspace_start                         0x20000060   Data          96  libspace.o(.bss)
    __temporary_stack_top$libspace           0x200000c0   Data           0  libspace.o(.bss)
    FIFO                                     0x200000c8   Data           2  himu_program.o(.bss.FIFO)
    IMU_INTERRUPT                            0x200000ca   Data           1  himu_program.o(.bss.IMU_INTERRUPT)
    INT_STATUS                               0x200000cb   Data           1  himu_program.o(.bss.INT_STATUS)
    Quaternion                               0x200000cc   Data           4  himu_program.o(.bss.Quaternion)
    RECIEVER                                 0x200000d0   Data           1  himu_program.o(.bss.RECIEVER)
    Tim1_overflow                            0x200000d4   Data           4  encoder_program.o(.bss.Tim1_overflow)
    Tim2_overflow                            0x200000d8   Data           4  encoder_program.o(.bss.Tim2_overflow)
    Tim8_overflow                            0x200000dc   Data           4  encoder_program.o(.bss.Tim8_overflow)
    V                                        0x200000e0   Data           6  himu_program.o(.bss.V)
    fifoBuffer                               0x200000e6   Data          42  himu_program.o(.bss.fifoBuffer)
    pitch                                    0x20000110   Data           2  himu_program.o(.bss.pitch)
    roll                                     0x20000118   Data           2  himu_program.o(.bss.roll)
    yaw                                      0x2000011a   Data           2  himu_program.o(.bss.yaw)
    ypr                                      0x2000011c   Data           6  himu_program.o(.bss.ypr)



==============================================================================

Memory Map of the image

  Image Entry point : 0x08000265

  Load Region LR_1 (Base: 0x08000000, Size: 0x00002c50, Max: 0xffffffff, ABSOLUTE)

    Execution Region ER_RO (Exec base: 0x08000000, Load base: 0x08000000, Size: 0x00002bf0, Max: 0xffffffff, ABSOLUTE)

    Exec Addr    Load Addr    Size         Type   Attr      Idx    E Section Name        Object

    0x08000000   0x08000000   0x000001c4   Data   RO          439    RESET               startup_stm32f446xx.o
    0x080001c4   0x080001c4   0x00000008   Code   RO          465  * !!!main             c_w.l(__main.o)
    0x080001cc   0x080001cc   0x00000034   Code   RO          722    !!!scatter          c_w.l(__scatter.o)
    0x08000200   0x08000200   0x0000001a   Code   RO          724    !!handler_copy      c_w.l(__scatter_copy.o)
    0x0800021a   0x0800021a   0x00000002   PAD
    0x0800021c   0x0800021c   0x0000001c   Code   RO          726    !!handler_zi        c_w.l(__scatter_zi.o)
    0x08000238   0x08000238   0x00000002   Code   RO          589    .ARM.Collect$$libinit$$00000000  c_w.l(libinit.o)
    0x0800023a   0x0800023a   0x00000004   Code   RO          592    .ARM.Collect$$libinit$$00000001  c_w.l(libinit2.o)
    0x0800023e   0x0800023e   0x00000000   Code   RO          595    .ARM.Collect$$libinit$$00000004  c_w.l(libinit2.o)
    0x0800023e   0x0800023e   0x00000000   Code   RO          598    .ARM.Collect$$libinit$$0000000A  c_w.l(libinit2.o)
    0x0800023e   0x0800023e   0x00000000   Code   RO          600    .ARM.Collect$$libinit$$0000000C  c_w.l(libinit2.o)
    0x0800023e   0x0800023e   0x00000000   Code   RO          602    .ARM.Collect$$libinit$$0000000E  c_w.l(libinit2.o)
    0x0800023e   0x0800023e   0x00000000   Code   RO          605    .ARM.Collect$$libinit$$00000011  c_w.l(libinit2.o)
    0x0800023e   0x0800023e   0x00000000   Code   RO          607    .ARM.Collect$$libinit$$00000013  c_w.l(libinit2.o)
    0x0800023e   0x0800023e   0x00000000   Code   RO          609    .ARM.Collect$$libinit$$00000015  c_w.l(libinit2.o)
    0x0800023e   0x0800023e   0x00000000   Code   RO          611    .ARM.Collect$$libinit$$00000017  c_w.l(libinit2.o)
    0x0800023e   0x0800023e   0x00000000   Code   RO          613    .ARM.Collect$$libinit$$00000019  c_w.l(libinit2.o)
    0x0800023e   0x0800023e   0x00000000   Code   RO          615    .ARM.Collect$$libinit$$0000001B  c_w.l(libinit2.o)
    0x0800023e   0x0800023e   0x00000000   Code   RO          617    .ARM.Collect$$libinit$$0000001D  c_w.l(libinit2.o)
    0x0800023e   0x0800023e   0x00000000   Code   RO          619    .ARM.Collect$$libinit$$0000001F  c_w.l(libinit2.o)
    0x0800023e   0x0800023e   0x00000000   Code   RO          621    .ARM.Collect$$libinit$$00000021  c_w.l(libinit2.o)
    0x0800023e   0x0800023e   0x00000000   Code   RO          623    .ARM.Collect$$libinit$$00000023  c_w.l(libinit2.o)
    0x0800023e   0x0800023e   0x00000000   Code   RO          625    .ARM.Collect$$libinit$$00000025  c_w.l(libinit2.o)
    0x0800023e   0x0800023e   0x00000000   Code   RO          629    .ARM.Collect$$libinit$$0000002C  c_w.l(libinit2.o)
    0x0800023e   0x0800023e   0x00000000   Code   RO          631    .ARM.Collect$$libinit$$0000002E  c_w.l(libinit2.o)
    0x0800023e   0x0800023e   0x00000000   Code   RO          633    .ARM.Collect$$libinit$$00000030  c_w.l(libinit2.o)
    0x0800023e   0x0800023e   0x00000000   Code   RO          635    .ARM.Collect$$libinit$$00000032  c_w.l(libinit2.o)
    0x0800023e   0x0800023e   0x00000002   Code   RO          636    .ARM.Collect$$libinit$$00000033  c_w.l(libinit2.o)
    0x08000240   0x08000240   0x00000002   Code   RO          658    .ARM.Collect$$libshutdown$$00000000  c_w.l(libshutdown.o)
    0x08000242   0x08000242   0x00000000   Code   RO          673    .ARM.Collect$$libshutdown$$00000002  c_w.l(libshutdown2.o)
    0x08000242   0x08000242   0x00000000   Code   RO          675    .ARM.Collect$$libshutdown$$00000004  c_w.l(libshutdown2.o)
    0x08000242   0x08000242   0x00000000   Code   RO          678    .ARM.Collect$$libshutdown$$00000007  c_w.l(libshutdown2.o)
    0x08000242   0x08000242   0x00000000   Code   RO          681    .ARM.Collect$$libshutdown$$0000000A  c_w.l(libshutdown2.o)
    0x08000242   0x08000242   0x00000000   Code   RO          683    .ARM.Collect$$libshutdown$$0000000C  c_w.l(libshutdown2.o)
    0x08000242   0x08000242   0x00000000   Code   RO          686    .ARM.Collect$$libshutdown$$0000000F  c_w.l(libshutdown2.o)
    0x08000242   0x08000242   0x00000002   Code   RO          687    .ARM.Collect$$libshutdown$$00000010  c_w.l(libshutdown2.o)
    0x08000244   0x08000244   0x00000000   Code   RO          516    .ARM.Collect$$rtentry$$00000000  c_w.l(__rtentry.o)
    0x08000244   0x08000244   0x00000000   Code   RO          556    .ARM.Collect$$rtentry$$00000002  c_w.l(__rtentry2.o)
    0x08000244   0x08000244   0x00000006   Code   RO          568    .ARM.Collect$$rtentry$$00000004  c_w.l(__rtentry4.o)
    0x0800024a   0x0800024a   0x00000000   Code   RO          558    .ARM.Collect$$rtentry$$00000009  c_w.l(__rtentry2.o)
    0x0800024a   0x0800024a   0x00000004   Code   RO          559    .ARM.Collect$$rtentry$$0000000A  c_w.l(__rtentry2.o)
    0x0800024e   0x0800024e   0x00000000   Code   RO          561    .ARM.Collect$$rtentry$$0000000C  c_w.l(__rtentry2.o)
    0x0800024e   0x0800024e   0x00000008   Code   RO          562    .ARM.Collect$$rtentry$$0000000D  c_w.l(__rtentry2.o)
    0x08000256   0x08000256   0x00000002   Code   RO          590    .ARM.Collect$$rtexit$$00000000  c_w.l(rtexit.o)
    0x08000258   0x08000258   0x00000000   Code   RO          638    .ARM.Collect$$rtexit$$00000002  c_w.l(rtexit2.o)
    0x08000258   0x08000258   0x00000004   Code   RO          639    .ARM.Collect$$rtexit$$00000003  c_w.l(rtexit2.o)
    0x0800025c   0x0800025c   0x00000006   Code   RO          640    .ARM.Collect$$rtexit$$00000004  c_w.l(rtexit2.o)
    0x08000262   0x08000262   0x00000002   PAD
    0x08000264   0x08000264   0x00000040   Code   RO          440  * .text               startup_stm32f446xx.o
    0x080002a4   0x080002a4   0x00000006   Code   RO          463    .text               c_w.l(heapauxi.o)
    0x080002aa   0x080002aa   0x00000016   Code   RO          517    .text               c_w.l(_rserrno.o)
    0x080002c0   0x080002c0   0x00000008   Code   RO          573    .text               c_w.l(rt_errno_addr_intlibspace.o)
    0x080002c8   0x080002c8   0x00000008   Code   RO          577    .text               c_w.l(libspace.o)
    0x080002d0   0x080002d0   0x0000004a   Code   RO          580    .text               c_w.l(sys_stackheap_outer.o)
    0x0800031a   0x0800031a   0x00000012   Code   RO          582    .text               c_w.l(exit.o)
    0x0800032c   0x0800032c   0x0000000c   Code   RO          648    .text               c_w.l(sys_exit.o)
    0x08000338   0x08000338   0x00000002   Code   RO          663    .text               c_w.l(use_no_semi.o)
    0x0800033a   0x0800033a   0x00000000   Code   RO          665    .text               c_w.l(indicate_semi.o)
    0x0800033a   0x0800033a   0x00000002   PAD
    0x0800033c   0x0800033c   0x00000092   Code   RO          329    .text.CRITICAL_GPIO_IMU_Config  himu_program.o
    0x080003ce   0x080003ce   0x00000002   PAD
    0x080003d0   0x080003d0   0x000000dc   Code   RO           15    .text.DMA_SetConfig  mdma_program.o
    0x080004ac   0x080004ac   0x000000d2   Code   RO           23    .text.DMA_VoidClearFlag  mdma_program.o
    0x0800057e   0x0800057e   0x00000002   PAD
    0x08000580   0x08000580   0x00000060   Code   RO           25    .text.DMA_VoidDMAEnable  mdma_program.o
    0x080005e0   0x080005e0   0x0000002e   Code   RO           19    .text.DMA_VoidInerruptEnable  mdma_program.o
    0x0800060e   0x0800060e   0x00000002   PAD
    0x08000610   0x08000610   0x00000068   Code   RO           27    .text.DMA_VoidSelectChannel  mdma_program.o
    0x08000678   0x08000678   0x00000086   Code   RO           21    .text.DMA_VoidSetAddress  mdma_program.o
    0x080006fe   0x080006fe   0x00000002   PAD
    0x08000700   0x08000700   0x00000016   Code   RO          149    .text.ENC_ClearFlag  pwm_program.o
    0x08000716   0x08000716   0x00000002   PAD
    0x08000718   0x08000718   0x0000001e   Code   RO          143    .text.ENC_GetCNT    pwm_program.o
    0x08000736   0x08000736   0x00000002   PAD
    0x08000738   0x08000738   0x00000020   Code   RO          427    .text.EXTI15_10_IRQHandler  exti_program.o
    0x08000758   0x08000758   0x0000005a   Code   RO           89    .text.GPIO_SET_PP_OD  gpio_program.o
    0x080007b2   0x080007b2   0x00000002   PAD
    0x080007b4   0x080007b4   0x0000005c   Code   RO           91    .text.GPIO_SET_PU_PD  gpio_program.o
    0x08000810   0x08000810   0x000001be   Code   RO           97    .text.GPIO_Set_AF   gpio_program.o
    0x080009ce   0x080009ce   0x00000002   PAD
    0x080009d0   0x080009d0   0x0000013c   Code   RO           85    .text.GPIO_voidSetPinDirection  gpio_program.o
    0x08000b0c   0x08000b0c   0x00000028   Code   RO          353    .text.HIMU_U16GetFifoCount  himu_program.o
    0x08000b34   0x08000b34   0x0000000c   Code   RO          375    .text.HIMU_U16GetYaw  himu_program.o
    0x08000b40   0x08000b40   0x00000054   Code   RO          355    .text.HIMU_U8GetStatus  himu_program.o
    0x08000b94   0x08000b94   0x0000003a   Code   RO          333    .text.HIMU_VoidConfig  himu_program.o
    0x08000bce   0x08000bce   0x00000002   PAD
    0x08000bd0   0x08000bd0   0x00000010   Code   RO          369    .text.HIMU_VoidDmpConfig_ResetFifo  himu_program.o
    0x08000be0   0x08000be0   0x0000004e   Code   RO          365    .text.HIMU_VoidDmpGetGravity  himu_program.o
    0x08000c2e   0x08000c2e   0x00000002   PAD
    0x08000c30   0x08000c30   0x00000022   Code   RO          361    .text.HIMU_VoidDmpGetQuaternion  himu_program.o
    0x08000c52   0x08000c52   0x00000002   PAD
    0x08000c54   0x08000c54   0x00000080   Code   RO          363    .text.HIMU_VoidDmpGetQuaternion2  himu_program.o
    0x08000cd4   0x08000cd4   0x000000ea   Code   RO          367    .text.HIMU_VoidDmpGetYawPitchRoll  himu_program.o
    0x08000dbe   0x08000dbe   0x00000002   PAD
    0x08000dc0   0x08000dc0   0x00000054   Code   RO          359    .text.HIMU_VoidGetFifoBuffer  himu_program.o
    0x08000e14   0x08000e14   0x00000050   Code   RO          337    .text.HIMU_VoidGetResult  himu_program.o
    0x08000e64   0x08000e64   0x0000004c   Code   RO          335    .text.HIMU_VoidInit  himu_program.o
    0x08000eb0   0x08000eb0   0x0000000e   Code   RO          357    .text.HIMU_VoidInterrupt  himu_program.o
    0x08000ebe   0x08000ebe   0x00000002   PAD
    0x08000ec0   0x08000ec0   0x0000003a   Code   RO          339    .text.HIMU_VoidOffset  himu_program.o
    0x08000efa   0x08000efa   0x00000002   PAD
    0x08000efc   0x08000efc   0x000000ba   Code   RO          331    .text.HIMU_VoidPreInit  himu_program.o
    0x08000fb6   0x08000fb6   0x00000002   PAD
    0x08000fb8   0x08000fb8   0x00000138   Code   RO          373    .text.HIMU_VoidReading  himu_program.o
    0x080010f0   0x080010f0   0x00000010   Code   RO          347    .text.HIMU_VoidSetAccel_X_Offset  himu_program.o
    0x08001100   0x08001100   0x00000010   Code   RO          349    .text.HIMU_VoidSetAccel_Y_Offset  himu_program.o
    0x08001110   0x08001110   0x00000010   Code   RO          351    .text.HIMU_VoidSetAccel_Z_Offset  himu_program.o
    0x08001120   0x08001120   0x00000010   Code   RO          341    .text.HIMU_VoidSetGyro_X_Offset  himu_program.o
    0x08001130   0x08001130   0x00000010   Code   RO          343    .text.HIMU_VoidSetGyro_Y_Offset  himu_program.o
    0x08001140   0x08001140   0x00000010   Code   RO          345    .text.HIMU_VoidSetGyro_Z_Offset  himu_program.o
    0x08001150   0x08001150   0x00000038   Code   RO          371    .text.HIMU_VoidSetUp  himu_program.o
    0x08001188   0x08001188   0x0000000c   Code   RO           45    .text.MDMA_VidSetCallBack_I2C3_RX  mdma_program.o
    0x08001194   0x08001194   0x0000000c   Code   RO          425    .text.MEXTI_voidSetCallBack  exti_program.o
    0x080011a0   0x080011a0   0x00000028   Code   RO          225    .text.MI2C_voidDmaLastTransfer  mi2c_program.o
    0x080011c8   0x080011c8   0x00000030   Code   RO          223    .text.MI2C_voidEnableDmaRequest  mi2c_program.o
    0x080011f8   0x080011f8   0x0000003c   Code   RO          259    .text.MI2C_voidGetReady  mi2c_program.o
    0x08001234   0x08001234   0x0000001a   Code   RO          265    .text.MI2C_voidI2c3_MasterRecieverFinishing  mi2c_program.o
    0x0800124e   0x0800124e   0x00000002   PAD
    0x08001250   0x08001250   0x00000020   Code   RO          257    .text.MI2C_voidI2c3_MasterTransmitterFinishing  mi2c_program.o
    0x08001270   0x08001270   0x0000020e   Code   RO          219    .text.MI2C_voidInit  mi2c_program.o
    0x0800147e   0x0800147e   0x00000002   PAD
    0x08001480   0x08001480   0x000000a4   Code   RO          249    .text.MI2C_voidMasterRead_7bit  mi2c_program.o
    0x08001524   0x08001524   0x000000a4   Code   RO          243    .text.MI2C_voidMasterTransmitter_7bit  mi2c_program.o
    0x080015c8   0x080015c8   0x000000de   Code   RO          247    .text.MI2C_voidSendRegisterAddress  mi2c_program.o
    0x080016a6   0x080016a6   0x00000002   PAD
    0x080016a8   0x080016a8   0x00000068   Code   RO          107    .text.MNVIC_voidEnableInterrupt  nvic_program.o
    0x08001710   0x08001710   0x000000e0   Code   RO          162    .text.RCC_voidEnableClock  rcc_program.o
    0x080017f0   0x080017f0   0x00000032   Code   RO          160    .text.RCC_voidInitSysClock  rcc_program.o
    0x08001822   0x08001822   0x00000002   PAD
    0x08001824   0x08001824   0x0000005c   Code   RO           87    .text.SET_GPIO_SPEED  gpio_program.o
    0x08001880   0x08001880   0x00000010   Code   RO          192    .text.SysTick_Handler  stk_program.o
    0x08001890   0x08001890   0x0000001a   Code   RO          447    .text.SystemInit    system_stm32f4xx.o
    0x080018aa   0x080018aa   0x00000002   PAD
    0x080018ac   0x080018ac   0x00000028   Code   RO          289    .text.TIM1_UP_TIM10_IRQHandler  encoder_program.o
    0x080018d4   0x080018d4   0x00000028   Code   RO          291    .text.TIM2_IRQHandler  encoder_program.o
    0x080018fc   0x080018fc   0x00000028   Code   RO          293    .text.TIM8_UP_TIM13_IRQHandler  encoder_program.o
    0x08001924   0x08001924   0x0000001e   Code   RO            2    .text.main          main.o
    0x08001942   0x08001942   0x00000030   Code   RO          550    i.__ARM_fpclassify  m_wm.l(fpclassify.o)
    0x08001972   0x08001972   0x00000006   PAD
    0x08001978   0x08001978   0x000002d8   Code   RO          497    i.__hardfp_atan     m_wm.l(atan.o)
    0x08001c50   0x08001c50   0x00000200   Code   RO          504    i.__hardfp_atan2    m_wm.l(atan2.o)
    0x08001e50   0x08001e50   0x0000007a   Code   RO          510    i.__hardfp_sqrt     m_wm.l(sqrt.o)
    0x08001eca   0x08001eca   0x000000f8   Code   RO          552    i.__kernel_poly     m_wm.l(poly.o)
    0x08001fc2   0x08001fc2   0x00000014   Code   RO          531    i.__mathlib_dbl_infnan  m_wm.l(dunder.o)
    0x08001fd6   0x08001fd6   0x00000014   Code   RO          532    i.__mathlib_dbl_infnan2  m_wm.l(dunder.o)
    0x08001fea   0x08001fea   0x00000006   PAD
    0x08001ff0   0x08001ff0   0x00000020   Code   RO          536    i.__mathlib_dbl_underflow  m_wm.l(dunder.o)
    0x08002010   0x08002010   0x00000010   Code   RO          499    i.atan              m_wm.l(atan.o)
    0x08002020   0x08002020   0x00000018   Code   RO          546    i.fabs              m_wm.l(fabs.o)
    0x08002038   0x08002038   0x00000018   Code   RO          519    x$fpl$basic         fz_wm.l(basic.o)
    0x08002050   0x08002050   0x00000150   Code   RO          467    x$fpl$dadd          fz_wm.l(daddsub_clz.o)
    0x080021a0   0x080021a0   0x00000018   Code   RO          575    x$fpl$dcmpinf       fz_wm.l(dcmpi.o)
    0x080021b8   0x080021b8   0x000002b0   Code   RO          474    x$fpl$ddiv          fz_wm.l(ddiv.o)
    0x08002468   0x08002468   0x00000078   Code   RO          521    x$fpl$deqf          fz_wm.l(deqf.o)
    0x080024e0   0x080024e0   0x0000005e   Code   RO          477    x$fpl$dfix          fz_wm.l(dfix.o)
    0x0800253e   0x0800253e   0x0000002e   Code   RO          486    x$fpl$dflt          fz_wm.l(dflt_clz.o)
    0x0800256c   0x0800256c   0x00000026   Code   RO          485    x$fpl$dfltu         fz_wm.l(dflt_clz.o)
    0x08002592   0x08002592   0x00000002   PAD
    0x08002594   0x08002594   0x00000154   Code   RO          495    x$fpl$dmul          fz_wm.l(dmul.o)
    0x080026e8   0x080026e8   0x0000009c   Code   RO          523    x$fpl$dnaninf       fz_wm.l(dnaninf.o)
    0x08002784   0x08002784   0x0000000c   Code   RO          525    x$fpl$dretinf       fz_wm.l(dretinf.o)
    0x08002790   0x08002790   0x00000016   Code   RO          468    x$fpl$drsb          fz_wm.l(daddsub_clz.o)
    0x080027a6   0x080027a6   0x00000002   PAD
    0x080027a8   0x080027a8   0x00000198   Code   RO          527    x$fpl$dsqrt         fz_wm.l(dsqrt_umaal.o)
    0x08002940   0x08002940   0x000001d4   Code   RO          469    x$fpl$dsub          fz_wm.l(daddsub_clz.o)
    0x08002b14   0x08002b14   0x0000001a   Code   RO          646    x$fpl$fpinit        fz_wm.l(fpinit.o)
    0x08002b2e   0x08002b2e   0x00000000   Code   RO          529    x$fpl$usenofp       fz_wm.l(usenofp.o)
    0x08002b2e   0x08002b2e   0x00000002   PAD
    0x08002b30   0x08002b30   0x00000098   Data   RO          500    .constdata          m_wm.l(atan.o)
    0x08002bc8   0x08002bc8   0x00000008   Data   RO          554    .constdata          m_wm.l(qnan.o)
    0x08002bd0   0x08002bd0   0x00000020   Data   RO          721    Region$$Table       anon$$obj.o


    Execution Region ER_RW (Exec base: 0x20000000, Load base: 0x08002bf0, Size: 0x00000060, Max: 0xffffffff, ABSOLUTE)

    Exec Addr    Load Addr    Size         Type   Attr      Idx    E Section Name        Object

    0x20000000   0x08002bf0   0x00000002   Data   RW          385    .data.ACCELEROMETER_CONFIG  himu_program.o
    0x20000002   0x08002bf2   0x00000003   Data   RW          391    .data.ACCEL_X_OFFSET  himu_program.o
    0x20000005   0x08002bf5   0x00000003   Data   RW          392    .data.ACCEL_Y_OFFSET  himu_program.o
    0x20000008   0x08002bf8   0x00000003   Data   RW          393    .data.ACCEL_Z_OFFSET  himu_program.o
    0x2000000b   0x08002bfb   0x00000002   Data   RW          384    .data.CONFIGURE     himu_program.o
    0x2000000d   0x08002bfd   0x00000002   Data   RW          383    .data.GYROSCOPE_CONFIG  himu_program.o
    0x2000000f   0x08002bff   0x00000003   Data   RW          388    .data.GYRO_X_OFFSET  himu_program.o
    0x20000012   0x08002c02   0x00000003   Data   RW          389    .data.GYRO_Y_OFFSET  himu_program.o
    0x20000015   0x08002c05   0x00000003   Data   RW          390    .data.GYRO_Z_OFFSET  himu_program.o
    0x20000018   0x08002c08   0x00000002   Data   RW          386    .data.INTERRUPT_CONFIG  himu_program.o
    0x2000001a   0x08002c0a   0x00000001   Data   RW          394    .data.PACKET_SIZE   himu_program.o
    0x2000001b   0x08002c0b   0x00000002   Data   RW          382    .data.POWER_MANG_1  himu_program.o
    0x2000001d   0x08002c0d   0x00000002   Data   RW          381    .data.SAMPLE_RATE   himu_program.o
    0x2000001f   0x08002c0f   0x00000001   PAD
    0x20000020   0x08002c10   0x0000003c   Data   RW          151    .data.TIM           pwm_program.o
    0x2000005c   0x08002c4c   0x00000002   Data   RW          387    .data.USER_FIFO_RESET  himu_program.o


    Execution Region ER_ZI (Exec base: 0x20000060, Load base: 0x08002c50, Size: 0x000006c8, Max: 0xffffffff, ABSOLUTE)

    Exec Addr    Load Addr    Size         Type   Attr      Idx    E Section Name        Object

    0x20000060        -       0x00000060   Zero   RW          578    .bss                c_w.l(libspace.o)
    0x200000c0        -       0x00000004   Zero   RW           61    .bss.DMA_CallBack_I2C3_RX  mdma_program.o
    0x200000c4        -       0x00000004   Zero   RW          429    .bss.EXTI0_CallBack  exti_program.o
    0x200000c8        -       0x00000002   Zero   RW          396    .bss.FIFO           himu_program.o
    0x200000ca        -       0x00000001   Zero   RW          398    .bss.IMU_INTERRUPT  himu_program.o
    0x200000cb        -       0x00000001   Zero   RW          397    .bss.INT_STATUS     himu_program.o
    0x200000cc        -       0x00000004   Zero   RW          400    .bss.Quaternion     himu_program.o
    0x200000d0        -       0x00000001   Zero   RW          395    .bss.RECIEVER       himu_program.o
    0x200000d1   0x08002c50   0x00000003   PAD
    0x200000d4        -       0x00000004   Zero   RW          295    .bss.Tim1_overflow  encoder_program.o
    0x200000d8        -       0x00000004   Zero   RW          296    .bss.Tim2_overflow  encoder_program.o
    0x200000dc        -       0x00000004   Zero   RW          297    .bss.Tim8_overflow  encoder_program.o
    0x200000e0        -       0x00000006   Zero   RW          401    .bss.V              himu_program.o
    0x200000e6        -       0x0000002a   Zero   RW          399    .bss.fifoBuffer     himu_program.o
    0x20000110        -       0x00000002   Zero   RW          405    .bss.pitch          himu_program.o
    0x20000112   0x08002c50   0x00000002   PAD
    0x20000114        -       0x00000004   Zero   RW          210    .bss.ptr_interr     stk_program.o
    0x20000118        -       0x00000002   Zero   RW          404    .bss.roll           himu_program.o
    0x2000011a        -       0x00000002   Zero   RW          403    .bss.yaw            himu_program.o
    0x2000011c        -       0x00000006   Zero   RW          402    .bss.ypr            himu_program.o
    0x20000122   0x08002c50   0x00000006   PAD
    0x20000128        -       0x00000200   Zero   RW          438    HEAP                startup_stm32f446xx.o
    0x20000328        -       0x00000400   Zero   RW          437    STACK               startup_stm32f446xx.o


==============================================================================

Image component sizes


      Code (inc. data)   RO Data    RW Data    ZI Data      Debug   Object Name

       120          0          0          0         12       2372   encoder_program.o
        44          0          0          0          4       1857   exti_program.o
      1036         40          0          0          0       4946   gpio_program.o
      1792         12          0         33         69       6151   himu_program.o
        30          0          0          0          0        550   main.o
       822          0          0          0          4       8189   mdma_program.o
      1282          0          0          0          0       7643   mi2c_program.o
       104          0          0          0          0       2767   nvic_program.o
        52          0          0         60          0       4639   pwm_program.o
       274         10          0          0          0       1845   rcc_program.o
        64         26        452          0       1536        932   startup_stm32f446xx.o
        16          0          0          0          4       2422   stk_program.o
        26          0          0          0          0       2878   system_stm32f4xx.o

    ----------------------------------------------------------------------
      5702         88        484         96       1640      47191   Object Totals
         0          0         32          0          0          0   (incl. Generated)
        40          0          0          3         11          0   (incl. Padding)

    ----------------------------------------------------------------------

      Code (inc. data)   RO Data    RW Data    ZI Data      Debug   Library Member Name

         8          0          0          0          0         68   __main.o
         0          0          0          0          0          0   __rtentry.o
        12          0          0          0          0          0   __rtentry2.o
         6          0          0          0          0          0   __rtentry4.o
        52          8          0          0          0          0   __scatter.o
        26          0          0          0          0          0   __scatter_copy.o
        28          0          0          0          0          0   __scatter_zi.o
        22          0          0          0          0        100   _rserrno.o
        18          0          0          0          0         80   exit.o
         6          0          0          0          0        152   heapauxi.o
         0          0          0          0          0          0   indicate_semi.o
         2          0          0          0          0          0   libinit.o
         6          0          0          0          0          0   libinit2.o
         2          0          0          0          0          0   libshutdown.o
         2          0          0          0          0          0   libshutdown2.o
         8          4          0          0         96         68   libspace.o
         8          4          0          0          0         68   rt_errno_addr_intlibspace.o
         2          0          0          0          0          0   rtexit.o
        10          0          0          0          0          0   rtexit2.o
        12          4          0          0          0         68   sys_exit.o
        74          0          0          0          0         80   sys_stackheap_outer.o
         2          0          0          0          0         68   use_no_semi.o
        24          0          0          0          0        164   basic.o
       826         16          0          0          0        500   daddsub_clz.o
        24          0          0          0          0        116   dcmpi.o
       688        140          0          0          0        264   ddiv.o
       120          4          0          0          0        140   deqf.o
        94          4          0          0          0        140   dfix.o
        84          0          0          0          0        232   dflt_clz.o
       340         12          0          0          0        152   dmul.o
       156          4          0          0          0        140   dnaninf.o
        12          0          0          0          0        116   dretinf.o
       408         56          0          0          0        168   dsqrt_umaal.o
        26          0          0          0          0        116   fpinit.o
         0          0          0          0          0          0   usenofp.o
       744        106        152          0          0        352   atan.o
       512         64          0          0          0        208   atan2.o
        72          8          0          0          0        372   dunder.o
        24          0          0          0          0        124   fabs.o
        48          0          0          0          0        124   fpclassify.o
       248          0          0          0          0        152   poly.o
         0          0          8          0          0          0   qnan.o
       122          0          0          0          0        148   sqrt.o

    ----------------------------------------------------------------------
      4902        434        160          0         96       4480   Library Totals
        24          0          0          0          0          0   (incl. Padding)

    ----------------------------------------------------------------------

      Code (inc. data)   RO Data    RW Data    ZI Data      Debug   Library Name

       306         20          0          0         96        752   c_w.l
      2802        236          0          0          0       2248   fz_wm.l
      1770        178        160          0          0       1480   m_wm.l

    ----------------------------------------------------------------------
      4902        434        160          0         96       4480   Library Totals

    ----------------------------------------------------------------------

==============================================================================


      Code (inc. data)   RO Data    RW Data    ZI Data      Debug   

     10604        522        644         96       1736      48935   Grand Totals
     10604        522        644         96       1736      48935   ELF Image Totals
     10604        522        644         96          0          0   ROM Totals

==============================================================================

    Total RO  Size (Code + RO Data)                11248 (  10.98kB)
    Total RW  Size (RW Data + ZI Data)              1832 (   1.79kB)
    Total ROM Size (Code + RO Data + RW Data)      11344 (  11.08kB)

==============================================================================

