<html>
<body>
<pre>
<h1>µVision Build Log</h1>
<h2>Tool Versions:</h2>
IDE-Version: µVision V5.33.0.0
Copyright (C) 2020 ARM Ltd and ARM Germany GmbH. All rights reserved.
License Information: hamdy osama, ain shams university, LIC=----
 
Tool Versions:
Toolchain:       MDK-Lite  Version: 5.33.0.0
Toolchain Path:  C:\Keil_v5\ARM\ARMCLANG\Bin
C Compiler:      ArmClang.exe V6.15
Assembler:       Armasm.exe V6.15
Linker/Locator:  ArmLink.exe V6.15
Library Manager: ArmAr.exe V6.15
Hex Converter:   FromElf.exe V6.15
CPU DLL:         SARMCM3.DLL V5.33.0.0
Dialog DLL:      DCM.DLL V1.17.3.0
Target DLL:      STLink\ST-LINKIII-KEIL_SWO.dll V3.0.8.0
Dialog DLL:      TCM.DLL V1.48.0.0
 
<h2>Project:</h2>
C:\Users\hamdy\Desktop\ASU\4th Mechatronics\Miscs\Bionic Arm Grad.Project 2021\03-LLC (Low Level Control)\System Architecture\03-APP\ELBOW_M3\ELBOW_M3.uvprojx
Project File Date:  09/21/2021

<h2>Output:</h2>
*** Using Compiler 'V6.15', folder: 'C:\Keil_v5\ARM\ARMCLANG\Bin'
Build target 'Target 1'
main.c(112): warning: passing 'volatile u8 *' (aka 'volatile unsigned char *') to parameter of type 'u8 *' (aka 'unsigned char *') discards qualifiers [-Wincompatible-pointer-types-discards-qualifiers]
        USART3_DMA_RECEIVE(&Recieved_Array_EMG,1);
                           ^~~~~~~~~~~~~~~~~~~
./USART_interface.h(48): note: passing argument to parameter 'RX' here
void USART3_DMA_RECEIVE(u8 *RX, u32 Size); 
                            ^
main.c(113): warning: passing 'volatile u8 *' (aka 'volatile unsigned char *') to parameter of type 'u8 *' (aka 'unsigned char *') discards qualifiers [-Wincompatible-pointer-types-discards-qualifiers]
        USART1_DMA_RECEIVE(&Recieved_Array_Comp,1);
                           ^~~~~~~~~~~~~~~~~~~~
./USART_interface.h(46): note: passing argument to parameter 'RX' here
void USART1_DMA_RECEIVE(u8 *RX, u32 Size);
                            ^
main.c(114): warning: incompatible pointer types passing 'volatile u8 (*)[10]' to parameter of type 'u8 *' (aka 'unsigned char *') [-Wincompatible-pointer-types]
        USART2_DMA_RECEIVE(&Recieved_Array_Palm,10); 
                           ^~~~~~~~~~~~~~~~~~~~
./USART_interface.h(47): note: passing argument to parameter 'RX' here
void USART2_DMA_RECEIVE(u8 *RX, u32 Size); 
                            ^
main.c(117): warning: incompatible pointer types passing 'volatile u8 (*)[8]' to parameter of type 'u8 *' (aka 'unsigned char *') [-Wincompatible-pointer-types]
        USART2_DMA_Transmit(&Transmit_Array, 8); //Set the USART to transmit selected array
                            ^~~~~~~~~~~~~~~
./USART_interface.h(52): note: passing argument to parameter 'Tx_data' here
void USART2_DMA_Transmit(u8 *Tx_data, u32 Size);
                             ^
4 warnings generated.
compiling main.c...
linking...
Program Size: Code=14612 RO-data=268 RW-data=60 ZI-data=1704  
FromELF: creating hex file...
".\Objects\ELBOW_M3.axf" - 0 Error(s), 4 Warning(s).

<h2>Software Packages used:</h2>

Package Vendor: ARM
                http://www.keil.com/pack/ARM.CMSIS.5.8.0.pack
                ARM.CMSIS.5.8.0
                CMSIS (Common Microcontroller Software Interface Standard)
   * Component: CORE Version: 5.5.0

Package Vendor: Keil
                http://www.keil.com/pack/Keil.STM32F1xx_DFP.2.3.0.pack
                Keil.STM32F1xx_DFP.2.3.0
                STMicroelectronics STM32F1 Series Device Support, Drivers and Examples
   * Component: Startup Version: 1.0.0

<h2>Collection of Component include folders:</h2>
  .\RTE\Device\STM32F103C8
  .\RTE\_Target_1
  C:\Users\hamdy\AppData\Local\Arm\Packs\ARM\CMSIS\5.8.0\CMSIS\Core\Include
  C:\Users\hamdy\AppData\Local\Arm\Packs\Keil\STM32F1xx_DFP\2.3.0\Device\Include

<h2>Collection of Component Files used:</h2>

   * Component: ARM::CMSIS:CORE:5.5.0

   * Component: Keil::Device:Startup:1.0.0
      Source file:   Device\Source\system_stm32f10x.c
      Include file:  RTE_Driver\Config\RTE_Device.h
      Source file:   Device\Source\ARM\STM32F1xx_OPT.s
      Source file:   Device\Source\ARM\startup_stm32f10x_md.s
Build Time Elapsed:  00:00:01
</pre>
</body>
</html>
